<testsuites id="" name="" tests="1974" failures="28" skipped="1911" errors="0" time="888.960861">
<testsuite name="api/backend.spec.js" timestamp="2025-08-29T11:18:15.959Z" hostname="chromium" tests="7" failures="3" skipped="0" time="15.238" errors="0">
<testcase name="Backend API Tests - Minimal › Core Functionality › should connect to backend server" classname="api/backend.spec.js" time="0.08">
<system-out>
<![CDATA[Health check status: [33m200[39m
Server is healthy: SpectraSphere API is running
]]>
</system-out>
</testcase>
<testcase name="Backend API Tests - Minimal › Core Functionality › should handle user signup" classname="api/backend.spec.js" time="5.011">
<failure message="backend.spec.js:33:9 should handle user signup" type="FAILURE">
<![CDATA[  [chromium] › api/backend.spec.js:33:9 › Backend API Tests - Minimal › Core Functionality › should handle user signup 

    TimeoutError: apiRequestContext.post: Timeout 5000ms exceeded.
    Call log:
      - → POST http://localhost:3001/api/signup
        - user-agent: Mozilla/5.0 (Windows NT 10.0; Win64; x64) AppleWebKit/537.36 (KHTML, like Gecko) Chrome/139.0.7258.5 Safari/537.36
        - accept: application/json, text/plain, */*
        - accept-encoding: gzip,deflate,br
        - Content-Type: application/json
        - content-length: 124


      32 |
      33 |     test('should handle user signup', async ({ request }) => {
    > 34 |       const response = await request.post(`${API_BASE_URL}/api/signup`, {
         |                                      ^
      35 |         data: {
      36 |           email: testUser.email,
      37 |           password: testUser.password,
        at /workspaces/SpectraSphere/tests/api/backend.spec.js:34:38
]]>
</failure>
</testcase>
<testcase name="Backend API Tests - Minimal › Core Functionality › should handle user login" classname="api/backend.spec.js" time="5.021">
<failure message="backend.spec.js:58:9 should handle user login" type="FAILURE">
<![CDATA[  [chromium] › api/backend.spec.js:58:9 › Backend API Tests - Minimal › Core Functionality › should handle user login 

    TimeoutError: apiRequestContext.post: Timeout 5000ms exceeded.
    Call log:
      - → POST http://localhost:3001/api/login
        - user-agent: Mozilla/5.0 (Windows NT 10.0; Win64; x64) AppleWebKit/537.36 (KHTML, like Gecko) Chrome/139.0.7258.5 Safari/537.36
        - accept: application/json, text/plain, */*
        - accept-encoding: gzip,deflate,br
        - Content-Type: application/json
        - content-length: 71


      57 |
      58 |     test('should handle user login', async ({ request }) => {
    > 59 |       const response = await request.post(`${API_BASE_URL}/api/login`, {
         |                                      ^
      60 |         data: {
      61 |           email: testUser.email,
      62 |           password: testUser.password
        at /workspaces/SpectraSphere/tests/api/backend.spec.js:59:38
]]>
</failure>
</testcase>
<testcase name="Backend API Tests - Minimal › Working Endpoints Only › should browse podcasts" classname="api/backend.spec.js" time="5.024">
<failure message="backend.spec.js:84:9 should browse podcasts" type="FAILURE">
<![CDATA[  [chromium] › api/backend.spec.js:84:9 › Backend API Tests - Minimal › Working Endpoints Only › should browse podcasts 

    TimeoutError: apiRequestContext.get: Timeout 5000ms exceeded.
    Call log:
      - → GET http://localhost:3001/api/podcasts/browse
        - user-agent: Mozilla/5.0 (Windows NT 10.0; Win64; x64) AppleWebKit/537.36 (KHTML, like Gecko) Chrome/139.0.7258.5 Safari/537.36
        - accept: application/json, text/plain, */*
        - accept-encoding: gzip,deflate,br
        - Content-Type: application/json


      83 |   test.describe('Working Endpoints Only', () => {
      84 |     test('should browse podcasts', async ({ request }) => {
    > 85 |       const response = await request.get(`${API_BASE_URL}/api/podcasts/browse`, {
         |                                      ^
      86 |         failOnStatusCode: false,
      87 |         timeout: 5000
      88 |       });
        at /workspaces/SpectraSphere/tests/api/backend.spec.js:85:38
]]>
</failure>
</testcase>
<testcase name="Backend API Tests - Minimal › Working Endpoints Only › should get notifications with auth" classname="api/backend.spec.js" time="0.012">
<system-out>
<![CDATA[Skipping notifications test - no auth token
]]>
</system-out>
</testcase>
<testcase name="Backend API Tests - Minimal › Basic Error Handling › should return 404 for non-existent endpoints" classname="api/backend.spec.js" time="0.076">
<system-out>
<![CDATA[404 test status: [33m404[39m
]]>
</system-out>
</testcase>
<testcase name="Backend API Tests - Minimal › Basic Error Handling › should handle incomplete signup data" classname="api/backend.spec.js" time="0.014">
<system-out>
<![CDATA[Incomplete signup status: [33m400[39m
]]>
</system-out>
</testcase>
</testsuite>
<testsuite name="auth/login.spec.js" timestamp="2025-08-29T11:18:15.959Z" hostname="chromium" tests="10" failures="0" skipped="0" time="20.477" errors="0">
<testcase name="Authentication Tests › should display login page correctly" classname="auth/login.spec.js" time="1.954">
<system-out>
<![CDATA[Navigating to: http://localhost:3000/login
Page title: Hello Rigo with Vanilla.js
Page content preview: 
        HomePricingPodcastsVideosRadioLiveLoginSign Up👤 User🏠 Home Feed👤 Regular Profile🎮 Gamer Profile🎵 Artist Profile📹 Channel Profile📊 Dashboards🚀 Creator Dashboard🎤 Artist Dashboard🎧 Po...
]]>
</system-out>
</testcase>
<testcase name="Authentication Tests › should show placeholders correctly" classname="auth/login.spec.js" time="1.801">
<system-out>
<![CDATA[Navigating to: http://localhost:3000/login
Page title: Hello Rigo with Vanilla.js
Page content preview: 
        HomePricingPodcastsVideosRadioLiveLoginSign Up👤 User🏠 Home Feed👤 Regular Profile🎮 Gamer Profile🎵 Artist Profile📹 Channel Profile📊 Dashboards🚀 Creator Dashboard🎤 Artist Dashboard🎧 Po...
]]>
</system-out>
</testcase>
<testcase name="Authentication Tests › should have required fields" classname="auth/login.spec.js" time="1.774">
<system-out>
<![CDATA[Navigating to: http://localhost:3000/login
Page title: Hello Rigo with Vanilla.js
Page content preview: 
        HomePricingPodcastsVideosRadioLiveLoginSign Up👤 User🏠 Home Feed👤 Regular Profile🎮 Gamer Profile🎵 Artist Profile📹 Channel Profile📊 Dashboards🚀 Creator Dashboard🎤 Artist Dashboard🎧 Po...
]]>
</system-out>
</testcase>
<testcase name="Authentication Tests › should fill form fields correctly" classname="auth/login.spec.js" time="1.814">
<system-out>
<![CDATA[Navigating to: http://localhost:3000/login
Page title: Hello Rigo with Vanilla.js
Page content preview: 
        HomePricingPodcastsVideosRadioLiveLoginSign Up👤 User🏠 Home Feed👤 Regular Profile🎮 Gamer Profile🎵 Artist Profile📹 Channel Profile📊 Dashboards🚀 Creator Dashboard🎤 Artist Dashboard🎧 Po...
]]>
</system-out>
</testcase>
<testcase name="Authentication Tests › should navigate to signup page when clicking signup link" classname="auth/login.spec.js" time="2.09">
<system-out>
<![CDATA[Navigating to: http://localhost:3000/login
Page title: Hello Rigo with Vanilla.js
Page content preview: 
        HomePricingPodcastsVideosRadioLiveLoginSign Up👤 User🏠 Home Feed👤 Regular Profile🎮 Gamer Profile🎵 Artist Profile📹 Channel Profile📊 Dashboards🚀 Creator Dashboard🎤 Artist Dashboard🎧 Po...
]]>
</system-out>
</testcase>
<testcase name="Authentication Tests › should attempt login with form submission" classname="auth/login.spec.js" time="3.112">
<system-out>
<![CDATA[Navigating to: http://localhost:3000/login
Page title: Hello Rigo with Vanilla.js
Page content preview: 
        HomePricingPodcastsVideosRadioLiveLoginSign Up👤 User🏠 Home Feed👤 Regular Profile🎮 Gamer Profile🎵 Artist Profile📹 Channel Profile📊 Dashboards🚀 Creator Dashboard🎤 Artist Dashboard🎧 Po...
]]>
</system-out>
</testcase>
<testcase name="Authentication Tests › should handle login failure" classname="auth/login.spec.js" time="2.507">
<system-out>
<![CDATA[Navigating to: http://localhost:3000/login
Page title: Hello Rigo with Vanilla.js
Page content preview: 
        HomePricingPodcastsVideosRadioLiveLoginSign Up👤 User🏠 Home Feed👤 Regular Profile🎮 Gamer Profile🎵 Artist Profile📹 Channel Profile📊 Dashboards🚀 Creator Dashboard🎤 Artist Dashboard🎧 Po...
]]>
</system-out>
</testcase>
<testcase name="Authentication Tests › should have autocomplete attributes" classname="auth/login.spec.js" time="1.854">
<system-out>
<![CDATA[Navigating to: http://localhost:3000/login
Page title: Hello Rigo with Vanilla.js
Page content preview: 
        HomePricingPodcastsVideosRadioLiveLoginSign Up👤 User🏠 Home Feed👤 Regular Profile🎮 Gamer Profile🎵 Artist Profile📹 Channel Profile📊 Dashboards🚀 Creator Dashboard🎤 Artist Dashboard🎧 Po...
]]>
</system-out>
</testcase>
<testcase name="Authentication Tests › should be responsive on mobile" classname="auth/login.spec.js" time="1.829">
<system-out>
<![CDATA[Navigating to: http://localhost:3000/login
Page title: Hello Rigo with Vanilla.js
Page content preview: 
        HomePricingPodcastsVideosRadioLiveLoginSign Up👤 User🏠 Home Feed👤 Regular Profile🎮 Gamer Profile🎵 Artist Profile📹 Channel Profile📊 Dashboards🚀 Creator Dashboard🎤 Artist Dashboard🎧 Po...
]]>
</system-out>
</testcase>
<testcase name="Login Page Performance › should load login page quickly" classname="auth/login.spec.js" time="1.742">
</testcase>
</testsuite>
<testsuite name="auth/signup-basic.spec.js" timestamp="2025-08-29T11:18:15.959Z" hostname="chromium" tests="7" failures="0" skipped="0" time="16.42" errors="0">
<testcase name="Basic Signup Form Tests › should load signup page correctly" classname="auth/signup-basic.spec.js" time="1.879">
</testcase>
<testcase name="Basic Signup Form Tests › should show step 1 basic information fields" classname="auth/signup-basic.spec.js" time="2.511">
</testcase>
<testcase name="Basic Signup Form Tests › should fill basic information fields" classname="auth/signup-basic.spec.js" time="1.889">
</testcase>
<testcase name="Basic Signup Form Tests › should show Next button in step 1" classname="auth/signup-basic.spec.js" time="1.672">
</testcase>
<testcase name="Basic Signup Form Tests › should debug step navigation by clicking Next" classname="auth/signup-basic.spec.js" time="4.568">
<system-out>
<![CDATA[Active steps after clicking Next: 2
Current step number: 2
Current step heading: Professional Information
]]>
</system-out>
</testcase>
<testcase name="Basic Signup Form Tests › should be mobile responsive" classname="auth/signup-basic.spec.js" time="2.006">
</testcase>
<testcase name="Signup Page Performance › should load signup page quickly" classname="auth/signup-basic.spec.js" time="1.895">
</testcase>
</testsuite>
<testsuite name="auth/signup.spec.js" timestamp="2025-08-29T11:18:15.959Z" hostname="chromium" tests="14" failures="6" skipped="0" time="131.744" errors="0">
<testcase name="Signup Form Tests › should display signup form correctly" classname="auth/signup.spec.js" time="1.631">
</testcase>
<testcase name="Signup Form Tests › should show Step 1: Basic Information fields" classname="auth/signup.spec.js" time="1.643">
</testcase>
<testcase name="Signup Form Tests › should fill basic information correctly" classname="auth/signup.spec.js" time="2.585">
</testcase>
<testcase name="Signup Form Tests › should show validation errors for required fields" classname="auth/signup.spec.js" time="2.29">
<failure message="signup.spec.js:70:7 should show validation errors for required fields" type="FAILURE">
<![CDATA[  [chromium] › auth/signup.spec.js:70:7 › Signup Form Tests › should show validation errors for required fields 

    TypeError: (0 , _test.expect)(...).toHaveCount.greaterThan is not a function

      74 |     
      75 |     // Should show error messages
    > 76 |     await expect(page.locator('.error-text')).toHaveCount.greaterThan(0);
         |                                                           ^
      77 |   });
      78 |
      79 |   test('should validate password confirmation', async ({ page }) => {
        at /workspaces/SpectraSphere/tests/auth/signup.spec.js:76:59

    attachment #1: screenshot (image/png) ──────────────────────────────────────────────────────────
    ../test-results/auth-signup-Signup-Form-Te-f7d8e--errors-for-required-fields-chromium/test-failed-1.png
    ────────────────────────────────────────────────────────────────────────────────────────────────

    attachment #2: video (video/webm) ──────────────────────────────────────────────────────────────
    ../test-results/auth-signup-Signup-Form-Te-f7d8e--errors-for-required-fields-chromium/video.webm
    ────────────────────────────────────────────────────────────────────────────────────────────────

    Error Context: ../test-results/auth-signup-Signup-Form-Te-f7d8e--errors-for-required-fields-chromium/error-context.md
]]>
</failure>
<system-out>
<![CDATA[
[[ATTACHMENT|test-results/auth-signup-Signup-Form-Te-f7d8e--errors-for-required-fields-chromium/test-failed-1.png]]

[[ATTACHMENT|test-results/auth-signup-Signup-Form-Te-f7d8e--errors-for-required-fields-chromium/video.webm]]

[[ATTACHMENT|test-results/auth-signup-Signup-Form-Te-f7d8e--errors-for-required-fields-chromium/error-context.md]]
]]>
</system-out>
</testcase>
<testcase name="Signup Form Tests › should validate password confirmation" classname="auth/signup.spec.js" time="18.218">
<failure message="signup.spec.js:79:7 should validate password confirmation" type="FAILURE">
<![CDATA[  [chromium] › auth/signup.spec.js:79:7 › Signup Form Tests › should validate password confirmation 

    Error: Timed out 15000ms waiting for expect(locator).toContainText(expected)

    Locator: locator('.error-text')
    Expected string: "Passwords don't match"
    Received: <element(s) not found>
    Call log:
      - Expect "toContainText" with timeout 15000ms
      - waiting for locator('.error-text')


      87 |     
      88 |     // Should show password mismatch error
    > 89 |     await expect(page.locator('.error-text')).toContainText("Passwords don't match");
         |                                               ^
      90 |   });
      91 |
      92 |   test('should validate email format', async ({ page }) => {
        at /workspaces/SpectraSphere/tests/auth/signup.spec.js:89:47

    attachment #1: screenshot (image/png) ──────────────────────────────────────────────────────────
    ../test-results/auth-signup-Signup-Form-Te-0fd86-idate-password-confirmation-chromium/test-failed-1.png
    ────────────────────────────────────────────────────────────────────────────────────────────────

    attachment #2: video (video/webm) ──────────────────────────────────────────────────────────────
    ../test-results/auth-signup-Signup-Form-Te-0fd86-idate-password-confirmation-chromium/video.webm
    ────────────────────────────────────────────────────────────────────────────────────────────────

    Error Context: ../test-results/auth-signup-Signup-Form-Te-0fd86-idate-password-confirmation-chromium/error-context.md
]]>
</failure>
<system-out>
<![CDATA[
[[ATTACHMENT|test-results/auth-signup-Signup-Form-Te-0fd86-idate-password-confirmation-chromium/test-failed-1.png]]

[[ATTACHMENT|test-results/auth-signup-Signup-Form-Te-0fd86-idate-password-confirmation-chromium/video.webm]]

[[ATTACHMENT|test-results/auth-signup-Signup-Form-Te-0fd86-idate-password-confirmation-chromium/error-context.md]]
]]>
</system-out>
</testcase>
<testcase name="Signup Form Tests › should validate email format" classname="auth/signup.spec.js" time="19.555">
<failure message="signup.spec.js:92:7 should validate email format" type="FAILURE">
<![CDATA[  [chromium] › auth/signup.spec.js:92:7 › Signup Form Tests › should validate email format ─────────

    Error: Timed out 15000ms waiting for expect(locator).toContainText(expected)

    Locator: locator('.error-text')
    Expected string: "Valid email is required"
    Received: <element(s) not found>
    Call log:
      - Expect "toContainText" with timeout 15000ms
      - waiting for locator('.error-text')


      106 |     
      107 |     // Should show email validation error
    > 108 |     await expect(page.locator('.error-text')).toContainText('Valid email is required');
          |                                               ^
      109 |   });
      110 |
      111 |   test('should proceed to step 2 with valid basic information', async ({ page }) => {
        at /workspaces/SpectraSphere/tests/auth/signup.spec.js:108:47

    attachment #1: screenshot (image/png) ──────────────────────────────────────────────────────────
    ../test-results/auth-signup-Signup-Form-Tests-should-validate-email-format-chromium/test-failed-1.png
    ────────────────────────────────────────────────────────────────────────────────────────────────

    attachment #2: video (video/webm) ──────────────────────────────────────────────────────────────
    ../test-results/auth-signup-Signup-Form-Tests-should-validate-email-format-chromium/video.webm
    ────────────────────────────────────────────────────────────────────────────────────────────────

    Error Context: ../test-results/auth-signup-Signup-Form-Tests-should-validate-email-format-chromium/error-context.md
]]>
</failure>
<system-out>
<![CDATA[
[[ATTACHMENT|test-results/auth-signup-Signup-Form-Tests-should-validate-email-format-chromium/test-failed-1.png]]

[[ATTACHMENT|test-results/auth-signup-Signup-Form-Tests-should-validate-email-format-chromium/video.webm]]

[[ATTACHMENT|test-results/auth-signup-Signup-Form-Tests-should-validate-email-format-chromium/error-context.md]]
]]>
</system-out>
</testcase>
<testcase name="Signup Form Tests › should proceed to step 2 with valid basic information" classname="auth/signup.spec.js" time="2.794">
<failure message="signup.spec.js:111:7 should proceed to step 2 with valid basic information" type="FAILURE">
<![CDATA[  [chromium] › auth/signup.spec.js:111:7 › Signup Form Tests › should proceed to step 2 with valid basic information 

    Error: expect.toHaveText: Error: strict mode violation: locator('.step-circle.active') resolved to 2 elements:
        1) <div class="step-circle active">1</div> aka getByRole('main').getByText('1')
        2) <div class="step-circle active">2</div> aka getByText('2')

    Call log:
      - Expect "toHaveText" with timeout 15000ms
      - waiting for locator('.step-circle.active')


      124 |     
      125 |     // Should be on step 2
    > 126 |     await expect(page.locator('.step-circle.active')).toHaveText('2');
          |                                                       ^
      127 |   });
      128 |
      129 |   test('should show role selection in step 2', async ({ page }) => {
        at /workspaces/SpectraSphere/tests/auth/signup.spec.js:126:55

    attachment #1: screenshot (image/png) ──────────────────────────────────────────────────────────
    ../test-results/auth-signup-Signup-Form-Te-3e1fe-ith-valid-basic-information-chromium/test-failed-1.png
    ────────────────────────────────────────────────────────────────────────────────────────────────

    attachment #2: video (video/webm) ──────────────────────────────────────────────────────────────
    ../test-results/auth-signup-Signup-Form-Te-3e1fe-ith-valid-basic-information-chromium/video.webm
    ────────────────────────────────────────────────────────────────────────────────────────────────

    Error Context: ../test-results/auth-signup-Signup-Form-Te-3e1fe-ith-valid-basic-information-chromium/error-context.md
]]>
</failure>
<system-out>
<![CDATA[
[[ATTACHMENT|test-results/auth-signup-Signup-Form-Te-3e1fe-ith-valid-basic-information-chromium/test-failed-1.png]]

[[ATTACHMENT|test-results/auth-signup-Signup-Form-Te-3e1fe-ith-valid-basic-information-chromium/video.webm]]

[[ATTACHMENT|test-results/auth-signup-Signup-Form-Te-3e1fe-ith-valid-basic-information-chromium/error-context.md]]
]]>
</system-out>
</testcase>
<testcase name="Signup Form Tests › should show role selection in step 2" classname="auth/signup.spec.js" time="2.646">
</testcase>
<testcase name="Signup Form Tests › should show artist fields when Artist role is selected" classname="auth/signup.spec.js" time="34.631">
<failure message="signup.spec.js:141:7 should show artist fields when Artist role is selected" type="FAILURE">
<![CDATA[  [chromium] › auth/signup.spec.js:141:7 › Signup Form Tests › should show artist fields when Artist role is selected 

    TimeoutError: locator.selectOption: Timeout 30000ms exceeded.
    Call log:
      - waiting for locator('select[name="role"]')
        - locator resolved to <select name="role">…</select>
      - attempting select option action
        2 × waiting for element to be visible and enabled
          - did not find some options
        - retrying select option action
        - waiting 20ms
        2 × waiting for element to be visible and enabled
          - did not find some options
        - retrying select option action
          - waiting 100ms
        60 × waiting for element to be visible and enabled
           - did not find some options
         - retrying select option action
           - waiting 500ms


      145 |     
      146 |     // Select Artist role
    > 147 |     await page.locator('select[name="role"]').selectOption('Artist');
          |                                               ^
      148 |     
      149 |     // Should show artist-specific fields
      150 |     await expect(page.locator('input[name="artistName"]')).toBeVisible();
        at /workspaces/SpectraSphere/tests/auth/signup.spec.js:147:47

    attachment #1: screenshot (image/png) ──────────────────────────────────────────────────────────
    ../test-results/auth-signup-Signup-Form-Te-b0363-hen-Artist-role-is-selected-chromium/test-failed-1.png
    ────────────────────────────────────────────────────────────────────────────────────────────────

    attachment #2: video (video/webm) ──────────────────────────────────────────────────────────────
    ../test-results/auth-signup-Signup-Form-Te-b0363-hen-Artist-role-is-selected-chromium/video.webm
    ────────────────────────────────────────────────────────────────────────────────────────────────

    Error Context: ../test-results/auth-signup-Signup-Form-Te-b0363-hen-Artist-role-is-selected-chromium/error-context.md
]]>
</failure>
<system-out>
<![CDATA[
[[ATTACHMENT|test-results/auth-signup-Signup-Form-Te-b0363-hen-Artist-role-is-selected-chromium/test-failed-1.png]]

[[ATTACHMENT|test-results/auth-signup-Signup-Form-Te-b0363-hen-Artist-role-is-selected-chromium/video.webm]]

[[ATTACHMENT|test-results/auth-signup-Signup-Form-Te-b0363-hen-Artist-role-is-selected-chromium/error-context.md]]
]]>
</system-out>
</testcase>
<testcase name="Signup Form Tests › should navigate back to previous step" classname="auth/signup.spec.js" time="3.366">
</testcase>
<testcase name="Signup Form Tests › should require legal agreements in final step" classname="auth/signup.spec.js" time="2.929">
</testcase>
<testcase name="Signup Form Tests › should handle successful signup" classname="auth/signup.spec.js" time="35.186">
<failure message="signup.spec.js:186:7 should handle successful signup" type="FAILURE">
<![CDATA[  [chromium] › auth/signup.spec.js:186:7 › Signup Form Tests › should handle successful signup ─────

    TimeoutError: locator.check: Timeout 30000ms exceeded.
    Call log:
      - waiting for locator('input[name="termsAccepted"]')


      239 |   
      240 |   // Accept legal agreements
    > 241 |   await page.locator('input[name="termsAccepted"]').check();
          |                                                     ^
      242 |   await page.locator('input[name="privacyAccepted"]').check();
      243 |   await page.locator('input[name="ageVerification"]').check();
      244 | }
        at fillCompleteSignupForm (/workspaces/SpectraSphere/tests/auth/signup.spec.js:241:53)
        at /workspaces/SpectraSphere/tests/auth/signup.spec.js:199:5

    attachment #1: screenshot (image/png) ──────────────────────────────────────────────────────────
    ../test-results/auth-signup-Signup-Form-Te-64448-ld-handle-successful-signup-chromium/test-failed-1.png
    ────────────────────────────────────────────────────────────────────────────────────────────────

    attachment #2: video (video/webm) ──────────────────────────────────────────────────────────────
    ../test-results/auth-signup-Signup-Form-Te-64448-ld-handle-successful-signup-chromium/video.webm
    ────────────────────────────────────────────────────────────────────────────────────────────────

    Error Context: ../test-results/auth-signup-Signup-Form-Te-64448-ld-handle-successful-signup-chromium/error-context.md
]]>
</failure>
<system-out>
<![CDATA[
[[ATTACHMENT|test-results/auth-signup-Signup-Form-Te-64448-ld-handle-successful-signup-chromium/test-failed-1.png]]

[[ATTACHMENT|test-results/auth-signup-Signup-Form-Te-64448-ld-handle-successful-signup-chromium/video.webm]]

[[ATTACHMENT|test-results/auth-signup-Signup-Form-Te-64448-ld-handle-successful-signup-chromium/error-context.md]]
]]>
</system-out>
</testcase>
<testcase name="Signup Form Tests › should be mobile responsive" classname="auth/signup.spec.js" time="2.261">
</testcase>
<testcase name="Signup Page Performance › should load signup page quickly" classname="auth/signup.spec.js" time="2.009">
</testcase>
</testsuite>
<testsuite name="complete-yc-demo.spec.js" timestamp="2025-08-29T11:18:15.959Z" hostname="chromium" tests="2" failures="0" skipped="0" time="3.14" errors="0">
<testcase name="Complete YC Demo - All 4 Core Features" classname="complete-yc-demo.spec.js" time="1.474">
<system-out>
<![CDATA[✅ All 4 YC features confirmed: Music, Gaming, Podcasts, Radio
]]>
</system-out>
</testcase>
<testcase name="Radio Station Feature Check" classname="complete-yc-demo.spec.js" time="1.666">
<system-out>
<![CDATA[✅ Radio station features found
]]>
</system-out>
</testcase>
</testsuite>
<testsuite name="debug/debug-navigation.spec.js" timestamp="2025-08-29T11:18:15.959Z" hostname="chromium" tests="1" failures="0" skipped="0" time="18.199" errors="0">
<testcase name="Debug Navigation Issues › debug page loading and routing" classname="debug/debug-navigation.spec.js" time="18.199">
<system-out>
<![CDATA[=== DEBUG TEST START ===
Initial URL: http://localhost:3000/
Initial title: Hello Rigo with Vanilla.js
Page elements found: {
  forms: [33m0[39m,
  inputs: [33m0[39m,
  buttons: [33m4[39m,
  links: [33m46[39m,
  navElements: [33m1[39m,
  sidebarElements: [33m1[39m,
  errors: [],
  bodyText: [32m'\n'[39m +
    [32m'        HomePricingPodcastsVideosRadioLiveLoginSign Up👤 User🏠 Home Feed👤 Regular Profile🎮 Gamer Profile🎵 Artist Profile📹 Channel Profile📊 Dashboards🚀 Creator Dashboard🎤 Artist Dashboard🎧 Po'[39m
}
=== TESTING PODCAST-CREATE NAVIGATION ===
Podcast-create URL: http://localhost:3000/podcast-create
Podcast-create title: Hello Rigo with Vanilla.js
Form elements on podcast-create: {
  titleInputs: [33m1[39m,
  titleInputsAlt: [33m0[39m,
  allInputs: [
    { name: [32m'title'[39m, type: [32m'text'[39m, id: [32m''[39m, placeholder: [32m''[39m },
    { name: [32m''[39m, type: [32m'file'[39m, id: [32m''[39m, placeholder: [32m''[39m },
    { name: [32m''[39m, type: [32m'file'[39m, id: [32m''[39m, placeholder: [32m''[39m },
    { name: [32m''[39m, type: [32m'file'[39m, id: [32m''[39m, placeholder: [32m''[39m },
    { name: [32m''[39m, type: [32m'checkbox'[39m, id: [32m''[39m, placeholder: [32m''[39m },
    { name: [32m''[39m, type: [32m'datetime-local'[39m, id: [32m''[39m, placeholder: [32m''[39m }
  ],
  allButtons: [
    { text: [32m''[39m, type: [32m'submit'[39m, id: [32m''[39m },
    { text: [32m'📤 Upload Podcast'[39m, type: [32m'submit'[39m, id: [32m''[39m }
  ]
}
=== TESTING ARTIST/UPLOAD NAVIGATION ===
Artist/upload URL: http://localhost:3000/artist/upload
Upload form elements: {
  titleInputs: [33m0[39m,
  fileInputs: [33m1[39m,
  forms: [33m0[39m,
  allInputs: [
    { name: [32m''[39m, type: [32m'text'[39m, placeholder: [32m'Your artist/stage name'[39m },
    { name: [32m''[39m, type: [32m'text'[39m, placeholder: [32m'Name of the track'[39m },
    { name: [32m''[39m, type: [32m'text'[39m, placeholder: [32m'Album or project name'[39m },
    {
      name: [32m''[39m,
      type: [32m'text'[39m,
      placeholder: [32m'e.g. Lo-Fi, Jazz, Hip Hop'[39m
    },
    {
      name: [32m''[39m,
      type: [32m'text'[39m,
      placeholder: [32m'Spotify, YouTube, SoundCloud...'[39m
    },
    { name: [32m''[39m, type: [32m'file'[39m, placeholder: [32m''[39m },
    { name: [32m''[39m, type: [32m'text'[39m, placeholder: [32m'🔍 Search stations...'[39m }
  ]
}
=== DEBUG TEST END ===
]]>
</system-out>
</testcase>
</testsuite>
<testsuite name="end-to-end/complete-flows.spec.js" timestamp="2025-08-29T11:18:15.959Z" hostname="chromium" tests="6" failures="6" skipped="0" time="187.098" errors="0">
<testcase name="Complete User Flows - End to End › complete artist onboarding and content upload flow" classname="end-to-end/complete-flows.spec.js" time="33.966">
<failure message="complete-flows.spec.js:6:7 complete artist onboarding and content upload flow" type="FAILURE">
<![CDATA[  [chromium] › end-to-end/complete-flows.spec.js:6:7 › Complete User Flows - End to End › complete artist onboarding and content upload flow 

    TimeoutError: page.selectOption: Timeout 30000ms exceeded.
    Call log:
      - waiting for locator('select[name="accountType"]')


      22 |     
      23 |     // Step 2: Professional Info
    > 24 |     await page.selectOption('select[name="accountType"]', 'artist');
         |                ^
      25 |     await page.fill('input[name="artistName"]', 'Test Artist');
      26 |     await page.selectOption('select[name="primaryGenre"]', 'rock');
      27 |     await page.fill('textarea[name="bio"]', 'Passionate rock musician creating original music');
        at /workspaces/SpectraSphere/tests/end-to-end/complete-flows.spec.js:24:16

    attachment #1: screenshot (image/png) ──────────────────────────────────────────────────────────
    ../test-results/end-to-end-complete-flows--8d932-ing-and-content-upload-flow-chromium/test-failed-1.png
    ────────────────────────────────────────────────────────────────────────────────────────────────

    attachment #2: video (video/webm) ──────────────────────────────────────────────────────────────
    ../test-results/end-to-end-complete-flows--8d932-ing-and-content-upload-flow-chromium/video.webm
    ────────────────────────────────────────────────────────────────────────────────────────────────

    Error Context: ../test-results/end-to-end-complete-flows--8d932-ing-and-content-upload-flow-chromium/error-context.md
]]>
</failure>
<system-out>
<![CDATA[
[[ATTACHMENT|test-results/end-to-end-complete-flows--8d932-ing-and-content-upload-flow-chromium/test-failed-1.png]]

[[ATTACHMENT|test-results/end-to-end-complete-flows--8d932-ing-and-content-upload-flow-chromium/video.webm]]

[[ATTACHMENT|test-results/end-to-end-complete-flows--8d932-ing-and-content-upload-flow-chromium/error-context.md]]
]]>
</system-out>
</testcase>
<testcase name="Complete User Flows - End to End › gamer community engagement flow" classname="end-to-end/complete-flows.spec.js" time="34.045">
<failure message="complete-flows.spec.js:123:7 gamer community engagement flow" type="FAILURE">
<![CDATA[  [chromium] › end-to-end/complete-flows.spec.js:123:7 › Complete User Flows - End to End › gamer community engagement flow 

    TimeoutError: page.selectOption: Timeout 30000ms exceeded.
    Call log:
      - waiting for locator('select[name="accountType"]')


      135 |     
      136 |     // Professional info - select gamer
    > 137 |     await page.selectOption('select[name="accountType"]', 'gamer');
          |                ^
      138 |     await page.fill('input[name="gamerTag"]', 'ProGamer2024');
      139 |     await page.selectOption('select[name="favoriteGame"]', 'Valorant');
      140 |     await page.selectOption('select[name="skillLevel"]', 'Advanced');
        at /workspaces/SpectraSphere/tests/end-to-end/complete-flows.spec.js:137:16

    attachment #1: screenshot (image/png) ──────────────────────────────────────────────────────────
    ../test-results/end-to-end-complete-flows--bca80-r-community-engagement-flow-chromium/test-failed-1.png
    ────────────────────────────────────────────────────────────────────────────────────────────────

    attachment #2: video (video/webm) ──────────────────────────────────────────────────────────────
    ../test-results/end-to-end-complete-flows--bca80-r-community-engagement-flow-chromium/video.webm
    ────────────────────────────────────────────────────────────────────────────────────────────────

    Error Context: ../test-results/end-to-end-complete-flows--bca80-r-community-engagement-flow-chromium/error-context.md
]]>
</failure>
<system-out>
<![CDATA[
[[ATTACHMENT|test-results/end-to-end-complete-flows--bca80-r-community-engagement-flow-chromium/test-failed-1.png]]

[[ATTACHMENT|test-results/end-to-end-complete-flows--bca80-r-community-engagement-flow-chromium/video.webm]]

[[ATTACHMENT|test-results/end-to-end-complete-flows--bca80-r-community-engagement-flow-chromium/error-context.md]]
]]>
</system-out>
</testcase>
<testcase name="Complete User Flows - End to End › content creator monetization flow" classname="end-to-end/complete-flows.spec.js" time="34.224">
<failure message="complete-flows.spec.js:225:7 content creator monetization flow" type="FAILURE">
<![CDATA[  [chromium] › end-to-end/complete-flows.spec.js:225:7 › Complete User Flows - End to End › content creator monetization flow 

    TimeoutError: page.selectOption: Timeout 30000ms exceeded.
    Call log:
      - waiting for locator('select[name="accountType"]')


      236 |     await page.click('.btn-primary:has-text("Next")');
      237 |     
    > 238 |     await page.selectOption('select[name="accountType"]', 'creator');
          |                ^
      239 |     await page.fill('input[name="creatorName"]', 'Creative Content Studio');
      240 |     await page.selectOption('select[name="contentType"]', 'educational');
      241 |     await page.click('.btn-primary:has-text("Next")');
        at /workspaces/SpectraSphere/tests/end-to-end/complete-flows.spec.js:238:16

    attachment #1: screenshot (image/png) ──────────────────────────────────────────────────────────
    ../test-results/end-to-end-complete-flows--c0d25-t-creator-monetization-flow-chromium/test-failed-1.png
    ────────────────────────────────────────────────────────────────────────────────────────────────

    attachment #2: video (video/webm) ──────────────────────────────────────────────────────────────
    ../test-results/end-to-end-complete-flows--c0d25-t-creator-monetization-flow-chromium/video.webm
    ────────────────────────────────────────────────────────────────────────────────────────────────

    Error Context: ../test-results/end-to-end-complete-flows--c0d25-t-creator-monetization-flow-chromium/error-context.md
]]>
</failure>
<system-out>
<![CDATA[
[[ATTACHMENT|test-results/end-to-end-complete-flows--c0d25-t-creator-monetization-flow-chromium/test-failed-1.png]]

[[ATTACHMENT|test-results/end-to-end-complete-flows--c0d25-t-creator-monetization-flow-chromium/video.webm]]

[[ATTACHMENT|test-results/end-to-end-complete-flows--c0d25-t-creator-monetization-flow-chromium/error-context.md]]
]]>
</system-out>
</testcase>
<testcase name="Complete User Flows - End to End › podcast listener discovery and engagement flow" classname="end-to-end/complete-flows.spec.js" time="17.371">
<failure message="complete-flows.spec.js:398:7 podcast listener discovery and engagement flow" type="FAILURE">
<![CDATA[  [chromium] › end-to-end/complete-flows.spec.js:398:7 › Complete User Flows - End to End › podcast listener discovery and engagement flow 

    Error: Timed out 15000ms waiting for expect(locator).toBeVisible()

    Locator: locator('.category-grid')
    Expected: visible
    Received: <element(s) not found>
    Call log:
      - Expect "toBeVisible" with timeout 15000ms
      - waiting for locator('.category-grid')


      403 |     // 2. Browse podcasts without account
      404 |     await page.click('text=Podcasts');
    > 405 |     await expect(page.locator('.category-grid')).toBeVisible();
          |                                                  ^
      406 |     
      407 |     // 3. Explore different categories
      408 |     await page.click('.category-card:has-text("Technology")');
        at /workspaces/SpectraSphere/tests/end-to-end/complete-flows.spec.js:405:50

    attachment #1: screenshot (image/png) ──────────────────────────────────────────────────────────
    ../test-results/end-to-end-complete-flows--be880-scovery-and-engagement-flow-chromium/test-failed-1.png
    ────────────────────────────────────────────────────────────────────────────────────────────────

    attachment #2: video (video/webm) ──────────────────────────────────────────────────────────────
    ../test-results/end-to-end-complete-flows--be880-scovery-and-engagement-flow-chromium/video.webm
    ────────────────────────────────────────────────────────────────────────────────────────────────

    Error Context: ../test-results/end-to-end-complete-flows--be880-scovery-and-engagement-flow-chromium/error-context.md
]]>
</failure>
<system-out>
<![CDATA[
[[ATTACHMENT|test-results/end-to-end-complete-flows--be880-scovery-and-engagement-flow-chromium/test-failed-1.png]]

[[ATTACHMENT|test-results/end-to-end-complete-flows--be880-scovery-and-engagement-flow-chromium/video.webm]]

[[ATTACHMENT|test-results/end-to-end-complete-flows--be880-scovery-and-engagement-flow-chromium/error-context.md]]
]]>
</system-out>
</testcase>
<testcase name="Complete User Flows - End to End › radio station creation and management flow" classname="end-to-end/complete-flows.spec.js" time="33.544">
<failure message="complete-flows.spec.js:514:7 radio station creation and management flow" type="FAILURE">
<![CDATA[  [chromium] › end-to-end/complete-flows.spec.js:514:7 › Complete User Flows - End to End › radio station creation and management flow 

    TimeoutError: page.selectOption: Timeout 30000ms exceeded.
    Call log:
      - waiting for locator('select[name="accountType"]')


      524 |     await page.click('.btn-primary:has-text("Next")');
      525 |     
    > 526 |     await page.selectOption('select[name="accountType"]', 'radio-host');
          |                ^
      527 |     await page.fill('input[name="djName"]', 'DJ Cool Waves');
      528 |     await page.selectOption('select[name="radioGenre"]', 'jazz');
      529 |     await page.click('.btn-primary:has-text("Next")');
        at /workspaces/SpectraSphere/tests/end-to-end/complete-flows.spec.js:526:16

    attachment #1: screenshot (image/png) ──────────────────────────────────────────────────────────
    ../test-results/end-to-end-complete-flows--2f40c-reation-and-management-flow-chromium/test-failed-1.png
    ────────────────────────────────────────────────────────────────────────────────────────────────

    attachment #2: video (video/webm) ──────────────────────────────────────────────────────────────
    ../test-results/end-to-end-complete-flows--2f40c-reation-and-management-flow-chromium/video.webm
    ────────────────────────────────────────────────────────────────────────────────────────────────

    Error Context: ../test-results/end-to-end-complete-flows--2f40c-reation-and-management-flow-chromium/error-context.md
]]>
</failure>
<system-out>
<![CDATA[
[[ATTACHMENT|test-results/end-to-end-complete-flows--2f40c-reation-and-management-flow-chromium/test-failed-1.png]]

[[ATTACHMENT|test-results/end-to-end-complete-flows--2f40c-reation-and-management-flow-chromium/video.webm]]

[[ATTACHMENT|test-results/end-to-end-complete-flows--2f40c-reation-and-management-flow-chromium/error-context.md]]
]]>
</system-out>
</testcase>
<testcase name="Complete User Flows - End to End › complete marketplace seller journey" classname="end-to-end/complete-flows.spec.js" time="33.948">
<failure message="complete-flows.spec.js:665:7 complete marketplace seller journey" type="FAILURE">
<![CDATA[  [chromium] › end-to-end/complete-flows.spec.js:665:7 › Complete User Flows - End to End › complete marketplace seller journey 

    TimeoutError: page.selectOption: Timeout 30000ms exceeded.
    Call log:
      - waiting for locator('select[name="accountType"]')


      675 |     await page.click('.btn-primary:has-text("Next")');
      676 |     
    > 677 |     await page.selectOption('select[name="accountType"]', 'seller');
          |                ^
      678 |     await page.fill('input[name="businessName"]', 'Digital Assets Store');
      679 |     await page.selectOption('select[name="businessType"]', 'digital-products');
      680 |     await page.click('.btn-primary:has-text("Next")');
        at /workspaces/SpectraSphere/tests/end-to-end/complete-flows.spec.js:677:16

    attachment #1: screenshot (image/png) ──────────────────────────────────────────────────────────
    ../test-results/end-to-end-complete-flows--16466--marketplace-seller-journey-chromium/test-failed-1.png
    ────────────────────────────────────────────────────────────────────────────────────────────────

    attachment #2: video (video/webm) ──────────────────────────────────────────────────────────────
    ../test-results/end-to-end-complete-flows--16466--marketplace-seller-journey-chromium/video.webm
    ────────────────────────────────────────────────────────────────────────────────────────────────

    Error Context: ../test-results/end-to-end-complete-flows--16466--marketplace-seller-journey-chromium/error-context.md
]]>
</failure>
<system-out>
<![CDATA[
[[ATTACHMENT|test-results/end-to-end-complete-flows--16466--marketplace-seller-journey-chromium/test-failed-1.png]]

[[ATTACHMENT|test-results/end-to-end-complete-flows--16466--marketplace-seller-journey-chromium/video.webm]]

[[ATTACHMENT|test-results/end-to-end-complete-flows--16466--marketplace-seller-journey-chromium/error-context.md]]
]]>
</system-out>
</testcase>
</testsuite>
<testsuite name="features/basic-test.spec.js" timestamp="2025-08-29T11:18:15.959Z" hostname="chromium" tests="3" failures="0" skipped="0" time="12.144" errors="0">
<testcase name="Basic Setup Validation › should load homepage" classname="features/basic-test.spec.js" time="2.4">
<system-out>
<![CDATA[Page title: Hello Rigo with Vanilla.js
Page URL: http://localhost:3000/
]]>
</system-out>
</testcase>
<testcase name="Basic Setup Validation › should check which routes exist" classname="features/basic-test.spec.js" time="3.542">
<system-out>
<![CDATA[Route /podcast-create: MISSING
Route /artist/upload: MISSING
Route /upload-video: MISSING
Route /create-radio: MISSING
]]>
</system-out>
</testcase>
<testcase name="Basic Setup Validation › should check podcast-create page elements" classname="features/basic-test.spec.js" time="6.202">
<system-out>
<![CDATA[Title input exists: [33mtrue[39m
]]>
</system-out>
</testcase>
</testsuite>
<testsuite name="features/content-creation.spec.js" timestamp="2025-08-29T11:18:15.959Z" hostname="chromium" tests="28" failures="13" skipped="15" time="460.287" errors="0">
<testcase name="Content Creation Features › Podcast Creation and Management › should create new podcast" classname="features/content-creation.spec.js" time="34.105">
<failure message="content-creation.spec.js:7:9 should create new podcast" type="FAILURE">
<![CDATA[  [chromium] › features/content-creation.spec.js:7:9 › Content Creation Features › Podcast Creation and Management › should create new podcast 

    TimeoutError: page.selectOption: Timeout 30000ms exceeded.
    Call log:
      - waiting for locator('select[name="category"]')
        - locator resolved to <select name="category">…</select>
      - attempting select option action
        2 × waiting for element to be visible and enabled
          - did not find some options
        - retrying select option action
        - waiting 20ms
        2 × waiting for element to be visible and enabled
          - did not find some options
        - retrying select option action
          - waiting 100ms
        60 × waiting for element to be visible and enabled
           - did not find some options
         - retrying select option action
           - waiting 500ms


      11 |       await authenticatedPage.fill('input[name="title"]', 'Tech Innovation Podcast');
      12 |       await authenticatedPage.fill('textarea[name="description"]', 'Exploring the latest in technology and innovation with industry experts');
    > 13 |       await authenticatedPage.selectOption('select[name="category"]', 'Technology');
         |                               ^
      14 |       await authenticatedPage.selectOption('select[name="language"]', 'en');
      15 |       
      16 |       // Set podcast settings
        at /workspaces/SpectraSphere/tests/features/content-creation.spec.js:13:31

    attachment #1: screenshot (image/png) ──────────────────────────────────────────────────────────
    ../test-results/features-content-creation--7f032-t-should-create-new-podcast-chromium/test-failed-1.png
    ────────────────────────────────────────────────────────────────────────────────────────────────

    attachment #2: video (video/webm) ──────────────────────────────────────────────────────────────
    ../test-results/features-content-creation--7f032-t-should-create-new-podcast-chromium/video.webm
    ────────────────────────────────────────────────────────────────────────────────────────────────

    Error Context: ../test-results/features-content-creation--7f032-t-should-create-new-podcast-chromium/error-context.md
]]>
</failure>
<system-out>
<![CDATA[
[[ATTACHMENT|test-results/features-content-creation--7f032-t-should-create-new-podcast-chromium/test-failed-1.png]]

[[ATTACHMENT|test-results/features-content-creation--7f032-t-should-create-new-podcast-chromium/video.webm]]

[[ATTACHMENT|test-results/features-content-creation--7f032-t-should-create-new-podcast-chromium/error-context.md]]
]]>
</system-out>
</testcase>
<testcase name="Content Creation Features › Podcast Creation and Management › should upload podcast episode" classname="features/content-creation.spec.js" time="40.532">
<failure message="content-creation.spec.js:35:9 should upload podcast episode" type="FAILURE">
<![CDATA[  [chromium] › features/content-creation.spec.js:35:9 › Content Creation Features › Podcast Creation and Management › should upload podcast episode 

    TimeoutError: page.fill: Timeout 30000ms exceeded.
    Call log:
      - waiting for locator('input[name="title"]')


      39 |       if (await authenticatedPage.locator('.podcast-card').count() === 0) {
      40 |         await authenticatedPage.click('button:has-text("Create New Podcast")');
    > 41 |         await authenticatedPage.fill('input[name="title"]', 'Episode Test Podcast');
         |                                 ^
      42 |         await authenticatedPage.fill('textarea[name="description"]', 'For testing episode uploads');
      43 |         await authenticatedPage.selectOption('select[name="category"]', 'Education');
      44 |         await authenticatedPage.click('button[type="submit"]');
        at /workspaces/SpectraSphere/tests/features/content-creation.spec.js:41:33

    attachment #1: screenshot (image/png) ──────────────────────────────────────────────────────────
    ../test-results/features-content-creation--92aee-ould-upload-podcast-episode-chromium/test-failed-1.png
    ────────────────────────────────────────────────────────────────────────────────────────────────

    attachment #2: video (video/webm) ──────────────────────────────────────────────────────────────
    ../test-results/features-content-creation--92aee-ould-upload-podcast-episode-chromium/video.webm
    ────────────────────────────────────────────────────────────────────────────────────────────────

    Error Context: ../test-results/features-content-creation--92aee-ould-upload-podcast-episode-chromium/error-context.md
]]>
</failure>
<system-out>
<![CDATA[
[[ATTACHMENT|test-results/features-content-creation--92aee-ould-upload-podcast-episode-chromium/test-failed-1.png]]

[[ATTACHMENT|test-results/features-content-creation--92aee-ould-upload-podcast-episode-chromium/video.webm]]

[[ATTACHMENT|test-results/features-content-creation--92aee-ould-upload-podcast-episode-chromium/error-context.md]]
]]>
</system-out>
</testcase>
<testcase name="Content Creation Features › Podcast Creation and Management › should schedule episode for future release" classname="features/content-creation.spec.js" time="38.114">
<failure message="content-creation.spec.js:74:9 should schedule episode for future release" type="FAILURE">
<![CDATA[  [chromium] › features/content-creation.spec.js:74:9 › Content Creation Features › Podcast Creation and Management › should schedule episode for future release 

    TimeoutError: page.click: Timeout 30000ms exceeded.
    Call log:
      - waiting for locator('.podcast-card:first-child .add-episode-btn')


      74 |     test('should schedule episode for future release', async ({ authenticatedPage }) => {
      75 |       await authenticatedPage.goto('/podcast-dashboard');
    > 76 |       await authenticatedPage.click('.podcast-card:first-child .add-episode-btn');
         |                               ^
      77 |       
      78 |       await authenticatedPage.fill('input[name="episodeTitle"]', 'Episode 2: Future of AI');
      79 |       await authenticatedPage.fill('textarea[name="episodeDescription"]', 'Exploring what the future holds for artificial intelligence');
        at /workspaces/SpectraSphere/tests/features/content-creation.spec.js:76:31

    attachment #1: screenshot (image/png) ──────────────────────────────────────────────────────────
    ../test-results/features-content-creation--15183--episode-for-future-release-chromium/test-failed-1.png
    ────────────────────────────────────────────────────────────────────────────────────────────────

    attachment #2: video (video/webm) ──────────────────────────────────────────────────────────────
    ../test-results/features-content-creation--15183--episode-for-future-release-chromium/video.webm
    ────────────────────────────────────────────────────────────────────────────────────────────────

    Error Context: ../test-results/features-content-creation--15183--episode-for-future-release-chromium/error-context.md
]]>
</failure>
<system-out>
<![CDATA[
[[ATTACHMENT|test-results/features-content-creation--15183--episode-for-future-release-chromium/test-failed-1.png]]

[[ATTACHMENT|test-results/features-content-creation--15183--episode-for-future-release-chromium/video.webm]]

[[ATTACHMENT|test-results/features-content-creation--15183--episode-for-future-release-chromium/error-context.md]]
]]>
</system-out>
</testcase>
<testcase name="Content Creation Features › Podcast Creation and Management › should add episode transcript" classname="features/content-creation.spec.js" time="35.488">
<failure message="content-creation.spec.js:100:9 should add episode transcript" type="FAILURE">
<![CDATA[  [chromium] › features/content-creation.spec.js:100:9 › Content Creation Features › Podcast Creation and Management › should add episode transcript 

    TimeoutError: page.click: Timeout 30000ms exceeded.
    Call log:
      - waiting for locator('.podcast-card:first-child .manage-episodes')


      100 |     test('should add episode transcript', async ({ authenticatedPage }) => {
      101 |       await authenticatedPage.goto('/podcast-dashboard');
    > 102 |       await authenticatedPage.click('.podcast-card:first-child .manage-episodes');
          |                               ^
      103 |       
      104 |       // Add transcript to existing episode
      105 |       await authenticatedPage.click('.episode-item:first-child .add-transcript');
        at /workspaces/SpectraSphere/tests/features/content-creation.spec.js:102:31

    attachment #1: screenshot (image/png) ──────────────────────────────────────────────────────────
    ../test-results/features-content-creation--fd1ab-ould-add-episode-transcript-chromium/test-failed-1.png
    ────────────────────────────────────────────────────────────────────────────────────────────────

    attachment #2: video (video/webm) ──────────────────────────────────────────────────────────────
    ../test-results/features-content-creation--fd1ab-ould-add-episode-transcript-chromium/video.webm
    ────────────────────────────────────────────────────────────────────────────────────────────────

    Error Context: ../test-results/features-content-creation--fd1ab-ould-add-episode-transcript-chromium/error-context.md
]]>
</failure>
<system-out>
<![CDATA[
[[ATTACHMENT|test-results/features-content-creation--fd1ab-ould-add-episode-transcript-chromium/test-failed-1.png]]

[[ATTACHMENT|test-results/features-content-creation--fd1ab-ould-add-episode-transcript-chromium/video.webm]]

[[ATTACHMENT|test-results/features-content-creation--fd1ab-ould-add-episode-transcript-chromium/error-context.md]]
]]>
</system-out>
</testcase>
<testcase name="Content Creation Features › Podcast Creation and Management › should manage podcast monetization" classname="features/content-creation.spec.js" time="36.473">
<failure message="content-creation.spec.js:129:9 should manage podcast monetization" type="FAILURE">
<![CDATA[  [chromium] › features/content-creation.spec.js:129:9 › Content Creation Features › Podcast Creation and Management › should manage podcast monetization 

    TimeoutError: page.click: Timeout 30000ms exceeded.
    Call log:
      - waiting for locator('.podcast-card:first-child .monetization-btn')


      129 |     test('should manage podcast monetization', async ({ authenticatedPage }) => {
      130 |       await authenticatedPage.goto('/podcast-dashboard');
    > 131 |       await authenticatedPage.click('.podcast-card:first-child .monetization-btn');
          |                               ^
      132 |       
      133 |       // Enable listener support
      134 |       await authenticatedPage.check('input[name="enableDonations"]');
        at /workspaces/SpectraSphere/tests/features/content-creation.spec.js:131:31

    attachment #1: screenshot (image/png) ──────────────────────────────────────────────────────────
    ../test-results/features-content-creation--26f10-manage-podcast-monetization-chromium/test-failed-1.png
    ────────────────────────────────────────────────────────────────────────────────────────────────

    attachment #2: video (video/webm) ──────────────────────────────────────────────────────────────
    ../test-results/features-content-creation--26f10-manage-podcast-monetization-chromium/video.webm
    ────────────────────────────────────────────────────────────────────────────────────────────────

    Error Context: ../test-results/features-content-creation--26f10-manage-podcast-monetization-chromium/error-context.md
]]>
</failure>
<system-out>
<![CDATA[
[[ATTACHMENT|test-results/features-content-creation--26f10-manage-podcast-monetization-chromium/test-failed-1.png]]

[[ATTACHMENT|test-results/features-content-creation--26f10-manage-podcast-monetization-chromium/video.webm]]

[[ATTACHMENT|test-results/features-content-creation--26f10-manage-podcast-monetization-chromium/error-context.md]]
]]>
</system-out>
</testcase>
<testcase name="Content Creation Features › Music Upload and Management › should upload single track" classname="features/content-creation.spec.js" time="36.015">
<failure message="content-creation.spec.js:154:9 should upload single track" type="FAILURE">
<![CDATA[  [chromium] › features/content-creation.spec.js:154:9 › Content Creation Features › Music Upload and Management › should upload single track 

    TimeoutError: page.fill: Timeout 30000ms exceeded.
    Call log:
      - waiting for locator('input[name="title"]')


      155 |       await authenticatedPage.goto('/artist/upload');
      156 |       
    > 157 |       await authenticatedPage.fill('input[name="title"]', 'Digital Dreams');
          |                               ^
      158 |       await authenticatedPage.fill('input[name="artist"]', 'Test Artist');
      159 |       await authenticatedPage.selectOption('select[name="genre"]', 'electronic');
      160 |       await authenticatedPage.fill('input[name="album"]', 'Future Sounds');
        at /workspaces/SpectraSphere/tests/features/content-creation.spec.js:157:31

    attachment #1: screenshot (image/png) ──────────────────────────────────────────────────────────
    ../test-results/features-content-creation--ac594--should-upload-single-track-chromium/test-failed-1.png
    ────────────────────────────────────────────────────────────────────────────────────────────────

    attachment #2: video (video/webm) ──────────────────────────────────────────────────────────────
    ../test-results/features-content-creation--ac594--should-upload-single-track-chromium/video.webm
    ────────────────────────────────────────────────────────────────────────────────────────────────

    Error Context: ../test-results/features-content-creation--ac594--should-upload-single-track-chromium/error-context.md
]]>
</failure>
<system-out>
<![CDATA[
[[ATTACHMENT|test-results/features-content-creation--ac594--should-upload-single-track-chromium/test-failed-1.png]]

[[ATTACHMENT|test-results/features-content-creation--ac594--should-upload-single-track-chromium/video.webm]]

[[ATTACHMENT|test-results/features-content-creation--ac594--should-upload-single-track-chromium/error-context.md]]
]]>
</system-out>
</testcase>
<testcase name="Content Creation Features › Music Upload and Management › should create album and add tracks" classname="features/content-creation.spec.js" time="37.51">
<failure message="content-creation.spec.js:193:9 should create album and add tracks" type="FAILURE">
<![CDATA[  [chromium] › features/content-creation.spec.js:193:9 › Content Creation Features › Music Upload and Management › should create album and add tracks 

    TimeoutError: page.selectOption: Timeout 30000ms exceeded.
    Call log:
      - waiting for locator('select[name="genre"]')


      196 |       // Create album
      197 |       await authenticatedPage.fill('input[name="title"]', 'Electronic Odyssey');
    > 198 |       await authenticatedPage.selectOption('select[name="genre"]', 'electronic');
          |                               ^
      199 |       await authenticatedPage.fill('input[name="releaseDate"]', '2024-12-31');
      200 |       await authenticatedPage.fill('textarea[name="description"]', 'A journey through electronic soundscapes');
      201 |       
        at /workspaces/SpectraSphere/tests/features/content-creation.spec.js:198:31

    attachment #1: screenshot (image/png) ──────────────────────────────────────────────────────────
    ../test-results/features-content-creation--b71af-create-album-and-add-tracks-chromium/test-failed-1.png
    ────────────────────────────────────────────────────────────────────────────────────────────────

    attachment #2: video (video/webm) ──────────────────────────────────────────────────────────────
    ../test-results/features-content-creation--b71af-create-album-and-add-tracks-chromium/video.webm
    ────────────────────────────────────────────────────────────────────────────────────────────────

    Error Context: ../test-results/features-content-creation--b71af-create-album-and-add-tracks-chromium/error-context.md
]]>
</failure>
<system-out>
<![CDATA[
[[ATTACHMENT|test-results/features-content-creation--b71af-create-album-and-add-tracks-chromium/test-failed-1.png]]

[[ATTACHMENT|test-results/features-content-creation--b71af-create-album-and-add-tracks-chromium/video.webm]]

[[ATTACHMENT|test-results/features-content-creation--b71af-create-album-and-add-tracks-chromium/error-context.md]]
]]>
</system-out>
</testcase>
<testcase name="Content Creation Features › Music Upload and Management › should upload lyrics for tracks" classname="features/content-creation.spec.js" time="36.246">
<failure message="content-creation.spec.js:237:9 should upload lyrics for tracks" type="FAILURE">
<![CDATA[  [chromium] › features/content-creation.spec.js:237:9 › Content Creation Features › Music Upload and Management › should upload lyrics for tracks 

    TimeoutError: page.selectOption: Timeout 30000ms exceeded.
    Call log:
      - waiting for locator('select[name="track_id"]')


      239 |       
      240 |       // Select track
    > 241 |       await authenticatedPage.selectOption('select[name="track_id"]', '1');
          |                               ^
      242 |       
      243 |       // Upload lyrics with timestamps
      244 |       await authenticatedPage.fill('textarea[name="lyrics"]', `
        at /workspaces/SpectraSphere/tests/features/content-creation.spec.js:241:31

    attachment #1: screenshot (image/png) ──────────────────────────────────────────────────────────
    ../test-results/features-content-creation--49d6a-ld-upload-lyrics-for-tracks-chromium/test-failed-1.png
    ────────────────────────────────────────────────────────────────────────────────────────────────

    attachment #2: video (video/webm) ──────────────────────────────────────────────────────────────
    ../test-results/features-content-creation--49d6a-ld-upload-lyrics-for-tracks-chromium/video.webm
    ────────────────────────────────────────────────────────────────────────────────────────────────

    Error Context: ../test-results/features-content-creation--49d6a-ld-upload-lyrics-for-tracks-chromium/error-context.md
]]>
</failure>
<system-out>
<![CDATA[
[[ATTACHMENT|test-results/features-content-creation--49d6a-ld-upload-lyrics-for-tracks-chromium/test-failed-1.png]]

[[ATTACHMENT|test-results/features-content-creation--49d6a-ld-upload-lyrics-for-tracks-chromium/video.webm]]

[[ATTACHMENT|test-results/features-content-creation--49d6a-ld-upload-lyrics-for-tracks-chromium/error-context.md]]
]]>
</system-out>
</testcase>
<testcase name="Content Creation Features › Music Upload and Management › should manage music distribution" classname="features/content-creation.spec.js" time="22.165">
<failure message="content-creation.spec.js:273:9 should manage music distribution" type="FAILURE">
<![CDATA[  [chromium] › features/content-creation.spec.js:273:9 › Content Creation Features › Music Upload and Management › should manage music distribution 

    Error: Timed out 15000ms waiting for expect(locator).toBeVisible()

    Locator: locator('.platform-list')
    Expected: visible
    Received: <element(s) not found>
    Call log:
      - Expect "toBeVisible" with timeout 15000ms
      - waiting for locator('.platform-list')


      274 |       await authenticatedPage.goto('/music-distribution');
      275 |       
    > 276 |       await expect(authenticatedPage.locator('.platform-list')).toBeVisible();
          |                                                                 ^
      277 |       
      278 |       // Select distribution platforms
      279 |       await authenticatedPage.check('input[name="platforms"][value="spotify"]');
        at /workspaces/SpectraSphere/tests/features/content-creation.spec.js:276:65

    attachment #1: screenshot (image/png) ──────────────────────────────────────────────────────────
    ../test-results/features-content-creation--80547-d-manage-music-distribution-chromium/test-failed-1.png
    ────────────────────────────────────────────────────────────────────────────────────────────────

    attachment #2: video (video/webm) ──────────────────────────────────────────────────────────────
    ../test-results/features-content-creation--80547-d-manage-music-distribution-chromium/video.webm
    ────────────────────────────────────────────────────────────────────────────────────────────────

    Error Context: ../test-results/features-content-creation--80547-d-manage-music-distribution-chromium/error-context.md
]]>
</failure>
<system-out>
<![CDATA[
[[ATTACHMENT|test-results/features-content-creation--80547-d-manage-music-distribution-chromium/test-failed-1.png]]

[[ATTACHMENT|test-results/features-content-creation--80547-d-manage-music-distribution-chromium/video.webm]]

[[ATTACHMENT|test-results/features-content-creation--80547-d-manage-music-distribution-chromium/error-context.md]]
]]>
</system-out>
</testcase>
<testcase name="Content Creation Features › Video Content Creation › should upload video content" classname="features/content-creation.spec.js" time="39.96">
<failure message="content-creation.spec.js:304:9 should upload video content" type="FAILURE">
<![CDATA[  [chromium] › features/content-creation.spec.js:304:9 › Content Creation Features › Video Content Creation › should upload video content 

    TimeoutError: page.fill: Timeout 30000ms exceeded.
    Call log:
      - waiting for locator('input[name="title"]')


      305 |       await authenticatedPage.goto('/upload-video');
      306 |       
    > 307 |       await authenticatedPage.fill('input[name="title"]', 'Music Production Tutorial');
          |                               ^
      308 |       await authenticatedPage.fill('textarea[name="description"]', 'Learn how to produce electronic music from scratch using modern DAWs and techniques');
      309 |       await authenticatedPage.selectOption('select[name="category"]', 'Education');
      310 |       await authenticatedPage.fill('input[name="tags"]', 'music production, tutorial, electronic, DAW, education');
        at /workspaces/SpectraSphere/tests/features/content-creation.spec.js:307:31

    attachment #1: screenshot (image/png) ──────────────────────────────────────────────────────────
    ../test-results/features-content-creation--67e4e-should-upload-video-content-chromium/test-failed-1.png
    ────────────────────────────────────────────────────────────────────────────────────────────────

    attachment #2: video (video/webm) ──────────────────────────────────────────────────────────────
    ../test-results/features-content-creation--67e4e-should-upload-video-content-chromium/video.webm
    ────────────────────────────────────────────────────────────────────────────────────────────────

    Error Context: ../test-results/features-content-creation--67e4e-should-upload-video-content-chromium/error-context.md
]]>
</failure>
<system-out>
<![CDATA[
[[ATTACHMENT|test-results/features-content-creation--67e4e-should-upload-video-content-chromium/test-failed-1.png]]

[[ATTACHMENT|test-results/features-content-creation--67e4e-should-upload-video-content-chromium/video.webm]]

[[ATTACHMENT|test-results/features-content-creation--67e4e-should-upload-video-content-chromium/error-context.md]]
]]>
</system-out>
</testcase>
<testcase name="Content Creation Features › Video Content Creation › should create video playlist" classname="features/content-creation.spec.js" time="33.885">
<failure message="content-creation.spec.js:341:9 should create video playlist" type="FAILURE">
<![CDATA[  [chromium] › features/content-creation.spec.js:341:9 › Content Creation Features › Video Content Creation › should create video playlist 

    TimeoutError: page.click: Timeout 30000ms exceeded.
    Call log:
      - waiting for locator('button:has-text("Create Playlist")')


      342 |       await authenticatedPage.goto('/my-channel');
      343 |       
    > 344 |       await authenticatedPage.click('button:has-text("Create Playlist")');
          |                               ^
      345 |       
      346 |       await authenticatedPage.fill('input[name="playlistName"]', 'Music Production Masterclass');
      347 |       await authenticatedPage.fill('textarea[name="playlistDescription"]', 'Complete series on electronic music production techniques');
        at /workspaces/SpectraSphere/tests/features/content-creation.spec.js:344:31

    attachment #1: screenshot (image/png) ──────────────────────────────────────────────────────────
    ../test-results/features-content-creation--d912b-hould-create-video-playlist-chromium/test-failed-1.png
    ────────────────────────────────────────────────────────────────────────────────────────────────

    attachment #2: video (video/webm) ──────────────────────────────────────────────────────────────
    ../test-results/features-content-creation--d912b-hould-create-video-playlist-chromium/video.webm
    ────────────────────────────────────────────────────────────────────────────────────────────────

    Error Context: ../test-results/features-content-creation--d912b-hould-create-video-playlist-chromium/error-context.md
]]>
</failure>
<system-out>
<![CDATA[
[[ATTACHMENT|test-results/features-content-creation--d912b-hould-create-video-playlist-chromium/test-failed-1.png]]

[[ATTACHMENT|test-results/features-content-creation--d912b-hould-create-video-playlist-chromium/video.webm]]

[[ATTACHMENT|test-results/features-content-creation--d912b-hould-create-video-playlist-chromium/error-context.md]]
]]>
</system-out>
</testcase>
<testcase name="Content Creation Features › Video Content Creation › should manage video channel settings" classname="features/content-creation.spec.js" time="37.103">
<failure message="content-creation.spec.js:358:9 should manage video channel settings" type="FAILURE">
<![CDATA[  [chromium] › features/content-creation.spec.js:358:9 › Content Creation Features › Video Content Creation › should manage video channel settings 

    TimeoutError: page.click: Timeout 30000ms exceeded.
    Call log:
      - waiting for locator('button:has-text("Channel Settings")')


      359 |       await authenticatedPage.goto('/video-dashboard');
      360 |       
    > 361 |       await authenticatedPage.click('button:has-text("Channel Settings")');
          |                               ^
      362 |       
      363 |       // Update channel info
      364 |       await authenticatedPage.fill('input[name="channelName"]', 'Electronic Music Academy');
        at /workspaces/SpectraSphere/tests/features/content-creation.spec.js:361:31

    attachment #1: screenshot (image/png) ──────────────────────────────────────────────────────────
    ../test-results/features-content-creation--4d330-nage-video-channel-settings-chromium/test-failed-1.png
    ────────────────────────────────────────────────────────────────────────────────────────────────

    attachment #2: video (video/webm) ──────────────────────────────────────────────────────────────
    ../test-results/features-content-creation--4d330-nage-video-channel-settings-chromium/video.webm
    ────────────────────────────────────────────────────────────────────────────────────────────────

    Error Context: ../test-results/features-content-creation--4d330-nage-video-channel-settings-chromium/error-context.md
]]>
</failure>
<system-out>
<![CDATA[
[[ATTACHMENT|test-results/features-content-creation--4d330-nage-video-channel-settings-chromium/test-failed-1.png]]

[[ATTACHMENT|test-results/features-content-creation--4d330-nage-video-channel-settings-chromium/video.webm]]

[[ATTACHMENT|test-results/features-content-creation--4d330-nage-video-channel-settings-chromium/error-context.md]]
]]>
</system-out>
</testcase>
<testcase name="Content Creation Features › Radio Station Creation › should create radio station" classname="features/content-creation.spec.js" time="32.691">
<failure message="content-creation.spec.js:385:9 should create radio station" type="FAILURE">
<![CDATA[  [chromium] › features/content-creation.spec.js:385:9 › Content Creation Features › Radio Station Creation › should create radio station 

    TimeoutError: page.fill: Timeout 30000ms exceeded.
    Call log:
      - waiting for locator('input[name="name"]')


      386 |       await authenticatedPage.goto('/create-radio');
      387 |       
    > 388 |       await authenticatedPage.fill('input[name="name"]', '24/7 Electronic Vibes');
          |                               ^
      389 |       await authenticatedPage.fill('textarea[name="description"]', 'Non-stop electronic music featuring the best tracks from around the world');
      390 |       await authenticatedPage.selectOption('select[name="genre"]', 'electronic');
      391 |       await authenticatedPage.check('input[name="isPublic"]');
        at /workspaces/SpectraSphere/tests/features/content-creation.spec.js:388:31

    attachment #1: screenshot (image/png) ──────────────────────────────────────────────────────────
    ../test-results/features-content-creation--efd1f-should-create-radio-station-chromium/test-failed-1.png
    ────────────────────────────────────────────────────────────────────────────────────────────────

    Error Context: ../test-results/features-content-creation--efd1f-should-create-radio-station-chromium/error-context.md
]]>
</failure>
<system-out>
<![CDATA[
[[ATTACHMENT|test-results/features-content-creation--efd1f-should-create-radio-station-chromium/test-failed-1.png]]

[[ATTACHMENT|test-results/features-content-creation--efd1f-should-create-radio-station-chromium/error-context.md]]
]]>
</system-out>
</testcase>
<testcase name="Content Creation Features › Radio Station Creation › should upload station mix and manage playlist" classname="features/content-creation.spec.js" time="0">
<skipped>
</skipped>
</testcase>
<testcase name="Content Creation Features › Radio Station Creation › should configure live streaming" classname="features/content-creation.spec.js" time="0">
<skipped>
</skipped>
</testcase>
<testcase name="Content Creation Features › Content Drafts and Scheduling › should save content as draft" classname="features/content-creation.spec.js" time="0">
<skipped>
</skipped>
</testcase>
<testcase name="Content Creation Features › Content Drafts and Scheduling › should schedule content for publication" classname="features/content-creation.spec.js" time="0">
<skipped>
</skipped>
</testcase>
<testcase name="Content Creation Features › Content Drafts and Scheduling › should edit existing content" classname="features/content-creation.spec.js" time="0">
<skipped>
</skipped>
</testcase>
<testcase name="Content Creation Features › Content Analytics and Performance › should view content analytics" classname="features/content-creation.spec.js" time="0">
<skipped>
</skipped>
</testcase>
<testcase name="Content Creation Features › Content Analytics and Performance › should track content engagement" classname="features/content-creation.spec.js" time="0">
<skipped>
</skipped>
</testcase>
<testcase name="Content Creation Features › Content Collaboration › should invite collaborators" classname="features/content-creation.spec.js" time="0">
<skipped>
</skipped>
</testcase>
<testcase name="Content Creation Features › Content Collaboration › should manage collaboration permissions" classname="features/content-creation.spec.js" time="0">
<skipped>
</skipped>
</testcase>
<testcase name="Content Creation Features › Content Validation and Quality Control › should validate audio file formats and quality" classname="features/content-creation.spec.js" time="0">
<skipped>
</skipped>
</testcase>
<testcase name="Content Creation Features › Content Validation and Quality Control › should enforce content guidelines" classname="features/content-creation.spec.js" time="0">
<skipped>
</skipped>
</testcase>
<testcase name="Content Creation Features › Content Validation and Quality Control › should check for copyright compliance" classname="features/content-creation.spec.js" time="0">
<skipped>
</skipped>
</testcase>
<testcase name="Content Creation Features › Content Organization and Management › should organize content into collections" classname="features/content-creation.spec.js" time="0">
<skipped>
</skipped>
</testcase>
<testcase name="Content Creation Features › Content Organization and Management › should manage content tags and categories" classname="features/content-creation.spec.js" time="0">
<skipped>
</skipped>
</testcase>
<testcase name="Content Creation Features › Content Organization and Management › should bulk manage content" classname="features/content-creation.spec.js" time="0">
<skipped>
</skipped>
</testcase>
</testsuite>
<testsuite name="features/dashboards.spec.js" timestamp="2025-08-29T11:18:15.959Z" hostname="chromium" tests="47" failures="0" skipped="47" time="0" errors="0">
<testcase name="Dashboard Features › Creator Dashboard › should display creator dashboard overview" classname="features/dashboards.spec.js" time="0">
<skipped>
</skipped>
</testcase>
<testcase name="Dashboard Features › Creator Dashboard › should display content performance analytics" classname="features/dashboards.spec.js" time="0">
<skipped>
</skipped>
</testcase>
<testcase name="Dashboard Features › Creator Dashboard › should show recent activity feed" classname="features/dashboards.spec.js" time="0">
<skipped>
</skipped>
</testcase>
<testcase name="Dashboard Features › Creator Dashboard › should provide quick action buttons" classname="features/dashboards.spec.js" time="0">
<skipped>
</skipped>
</testcase>
<testcase name="Dashboard Features › Creator Dashboard › should display revenue breakdown" classname="features/dashboards.spec.js" time="0">
<skipped>
</skipped>
</testcase>
<testcase name="Dashboard Features › Creator Dashboard › should show content library overview" classname="features/dashboards.spec.js" time="0">
<skipped>
</skipped>
</testcase>
<testcase name="Dashboard Features › Artist Dashboard › should display artist dashboard overview" classname="features/dashboards.spec.js" time="0">
<skipped>
</skipped>
</testcase>
<testcase name="Dashboard Features › Artist Dashboard › should show music distribution analytics" classname="features/dashboards.spec.js" time="0">
<skipped>
</skipped>
</testcase>
<testcase name="Dashboard Features › Artist Dashboard › should display top performing tracks" classname="features/dashboards.spec.js" time="0">
<skipped>
</skipped>
</testcase>
<testcase name="Dashboard Features › Artist Dashboard › should show geographical insights" classname="features/dashboards.spec.js" time="0">
<skipped>
</skipped>
</testcase>
<testcase name="Dashboard Features › Artist Dashboard › should display royalty earnings" classname="features/dashboards.spec.js" time="0">
<skipped>
</skipped>
</testcase>
<testcase name="Dashboard Features › Artist Dashboard › should show release calendar" classname="features/dashboards.spec.js" time="0">
<skipped>
</skipped>
</testcase>
<testcase name="Dashboard Features › Podcast Dashboard › should display podcast dashboard overview" classname="features/dashboards.spec.js" time="0">
<skipped>
</skipped>
</testcase>
<testcase name="Dashboard Features › Podcast Dashboard › should show podcast performance metrics" classname="features/dashboards.spec.js" time="0">
<skipped>
</skipped>
</testcase>
<testcase name="Dashboard Features › Podcast Dashboard › should manage podcast episodes" classname="features/dashboards.spec.js" time="0">
<skipped>
</skipped>
</testcase>
<testcase name="Dashboard Features › Podcast Dashboard › should display audience demographics" classname="features/dashboards.spec.js" time="0">
<skipped>
</skipped>
</testcase>
<testcase name="Dashboard Features › Podcast Dashboard › should show monetization overview" classname="features/dashboards.spec.js" time="0">
<skipped>
</skipped>
</testcase>
<testcase name="Dashboard Features › Radio Dashboard › should display radio dashboard overview" classname="features/dashboards.spec.js" time="0">
<skipped>
</skipped>
</testcase>
<testcase name="Dashboard Features › Radio Dashboard › should show live streaming controls" classname="features/dashboards.spec.js" time="0">
<skipped>
</skipped>
</testcase>
<testcase name="Dashboard Features › Radio Dashboard › should display real-time listener metrics" classname="features/dashboards.spec.js" time="0">
<skipped>
</skipped>
</testcase>
<testcase name="Dashboard Features › Radio Dashboard › should manage playlist and rotation" classname="features/dashboards.spec.js" time="0">
<skipped>
</skipped>
</testcase>
<testcase name="Dashboard Features › Radio Dashboard › should show station analytics" classname="features/dashboards.spec.js" time="0">
<skipped>
</skipped>
</testcase>
<testcase name="Dashboard Features › Video Dashboard › should display video dashboard overview" classname="features/dashboards.spec.js" time="0">
<skipped>
</skipped>
</testcase>
<testcase name="Dashboard Features › Video Dashboard › should show video performance analytics" classname="features/dashboards.spec.js" time="0">
<skipped>
</skipped>
</testcase>
<testcase name="Dashboard Features › Video Dashboard › should manage video library" classname="features/dashboards.spec.js" time="0">
<skipped>
</skipped>
</testcase>
<testcase name="Dashboard Features › Video Dashboard › should display audience retention analytics" classname="features/dashboards.spec.js" time="0">
<skipped>
</skipped>
</testcase>
<testcase name="Dashboard Features › Video Dashboard › should show channel growth metrics" classname="features/dashboards.spec.js" time="0">
<skipped>
</skipped>
</testcase>
<testcase name="Dashboard Features › Sales Dashboard › should display sales dashboard overview" classname="features/dashboards.spec.js" time="0">
<skipped>
</skipped>
</testcase>
<testcase name="Dashboard Features › Sales Dashboard › should show revenue analytics" classname="features/dashboards.spec.js" time="0">
<skipped>
</skipped>
</testcase>
<testcase name="Dashboard Features › Sales Dashboard › should display product performance" classname="features/dashboards.spec.js" time="0">
<skipped>
</skipped>
</testcase>
<testcase name="Dashboard Features › Sales Dashboard › should manage orders and fulfillment" classname="features/dashboards.spec.js" time="0">
<skipped>
</skipped>
</testcase>
<testcase name="Dashboard Features › Sales Dashboard › should show customer analytics" classname="features/dashboards.spec.js" time="0">
<skipped>
</skipped>
</testcase>
<testcase name="Dashboard Features › Sales Dashboard › should manage payout requests" classname="features/dashboards.spec.js" time="0">
<skipped>
</skipped>
</testcase>
<testcase name="Dashboard Features › Label Dashboard › should display label dashboard overview" classname="features/dashboards.spec.js" time="0">
<skipped>
</skipped>
</testcase>
<testcase name="Dashboard Features › Label Dashboard › should manage artist roster" classname="features/dashboards.spec.js" time="0">
<skipped>
</skipped>
</testcase>
<testcase name="Dashboard Features › Label Dashboard › should show release planning" classname="features/dashboards.spec.js" time="0">
<skipped>
</skipped>
</testcase>
<testcase name="Dashboard Features › Label Dashboard › should display label analytics" classname="features/dashboards.spec.js" time="0">
<skipped>
</skipped>
</testcase>
<testcase name="Dashboard Features › Label Dashboard › should manage contracts and agreements" classname="features/dashboards.spec.js" time="0">
<skipped>
</skipped>
</testcase>
<testcase name="Dashboard Features › Dashboard Navigation and Integration › should navigate between different dashboards" classname="features/dashboards.spec.js" time="0">
<skipped>
</skipped>
</testcase>
<testcase name="Dashboard Features › Dashboard Navigation and Integration › should maintain consistent UI elements across dashboards" classname="features/dashboards.spec.js" time="0">
<skipped>
</skipped>
</testcase>
<testcase name="Dashboard Features › Dashboard Navigation and Integration › should display real-time updates" classname="features/dashboards.spec.js" time="0">
<skipped>
</skipped>
</testcase>
<testcase name="Dashboard Features › Dashboard Navigation and Integration › should handle dashboard permissions correctly" classname="features/dashboards.spec.js" time="0">
<skipped>
</skipped>
</testcase>
<testcase name="Dashboard Features › Dashboard Navigation and Integration › should export dashboard data" classname="features/dashboards.spec.js" time="0">
<skipped>
</skipped>
</testcase>
<testcase name="Dashboard Features › Dashboard Navigation and Integration › should customize dashboard layout" classname="features/dashboards.spec.js" time="0">
<skipped>
</skipped>
</testcase>
<testcase name="Dashboard Features › Dashboard Performance and Responsiveness › should load dashboards quickly" classname="features/dashboards.spec.js" time="0">
<skipped>
</skipped>
</testcase>
<testcase name="Dashboard Features › Dashboard Performance and Responsiveness › should work on mobile devices" classname="features/dashboards.spec.js" time="0">
<skipped>
</skipped>
</testcase>
<testcase name="Dashboard Features › Dashboard Performance and Responsiveness › should handle large datasets efficiently" classname="features/dashboards.spec.js" time="0">
<skipped>
</skipped>
</testcase>
</testsuite>
<testsuite name="features/debug-page.spec.js" timestamp="2025-08-29T11:18:15.959Z" hostname="chromium" tests="1" failures="0" skipped="1" time="0" errors="0">
<testcase name="debug podcast-create page content" classname="features/debug-page.spec.js" time="0">
<skipped>
</skipped>
</testcase>
</testsuite>
<testsuite name="features/gaming.spec.js" timestamp="2025-08-29T11:18:15.959Z" hostname="chromium" tests="18" failures="0" skipped="18" time="0" errors="0">
<testcase name="StreamPireX Gaming Features › Authentication for Gaming Features › should allow user to sign up with gaming preferences" classname="features/gaming.spec.js" time="0">
<skipped>
</skipped>
</testcase>
<testcase name="StreamPireX Gaming Features › Authentication for Gaming Features › should login and access gaming features" classname="features/gaming.spec.js" time="0">
<skipped>
</skipped>
</testcase>
<testcase name="StreamPireX Gaming Features › Gamer Profile Management › should create and update gamer profile" classname="features/gaming.spec.js" time="0">
<skipped>
</skipped>
</testcase>
<testcase name="StreamPireX Gaming Features › Gamer Profile Management › should display gamer profile correctly" classname="features/gaming.spec.js" time="0">
<skipped>
</skipped>
</testcase>
<testcase name="StreamPireX Gaming Features › Squad Finder Feature › should access squad finder page" classname="features/gaming.spec.js" time="0">
<skipped>
</skipped>
</testcase>
<testcase name="StreamPireX Gaming Features › Squad Finder Feature › should search for squad members" classname="features/gaming.spec.js" time="0">
<skipped>
</skipped>
</testcase>
<testcase name="StreamPireX Gaming Features › Squad Finder Feature › should create squad listing" classname="features/gaming.spec.js" time="0">
<skipped>
</skipped>
</testcase>
<testcase name="StreamPireX Gaming Features › Team Rooms Feature › should create team room" classname="features/gaming.spec.js" time="0">
<skipped>
</skipped>
</testcase>
<testcase name="StreamPireX Gaming Features › Team Rooms Feature › should join team room" classname="features/gaming.spec.js" time="0">
<skipped>
</skipped>
</testcase>
<testcase name="StreamPireX Gaming Features › Gaming Analytics › should display gaming analytics dashboard" classname="features/gaming.spec.js" time="0">
<skipped>
</skipped>
</testcase>
<testcase name="StreamPireX Gaming Features › Gaming Analytics › should fetch gaming analytics data" classname="features/gaming.spec.js" time="0">
<skipped>
</skipped>
</testcase>
<testcase name="StreamPireX Gaming Features › Video Chat Integration › should display video chat options in gamer profile" classname="features/gaming.spec.js" time="0">
<skipped>
</skipped>
</testcase>
<testcase name="StreamPireX Gaming Features › Video Chat Integration › should test WebRTC capabilities detection" classname="features/gaming.spec.js" time="0">
<skipped>
</skipped>
</testcase>
<testcase name="StreamPireX Gaming Features › Gaming Features API Integration › should handle gaming API endpoints" classname="features/gaming.spec.js" time="0">
<skipped>
</skipped>
</testcase>
<testcase name="StreamPireX Gaming Features › Gaming Features API Integration › should handle team room creation API" classname="features/gaming.spec.js" time="0">
<skipped>
</skipped>
</testcase>
<testcase name="StreamPireX Gaming Features › Gaming Features Pricing Integration › should display gaming features in pricing plans" classname="features/gaming.spec.js" time="0">
<skipped>
</skipped>
</testcase>
<testcase name="StreamPireX Gaming Features › Error Handling and Edge Cases › should handle network errors gracefully" classname="features/gaming.spec.js" time="0">
<skipped>
</skipped>
</testcase>
<testcase name="StreamPireX Gaming Features › Error Handling and Edge Cases › should handle missing gaming features gracefully" classname="features/gaming.spec.js" time="0">
<skipped>
</skipped>
</testcase>
</testsuite>
<testsuite name="features/marketplace.spec.js" timestamp="2025-08-29T11:18:15.959Z" hostname="chromium" tests="14" failures="0" skipped="14" time="0" errors="0">
<testcase name="Marketplace Tests › should load marketplace page successfully" classname="features/marketplace.spec.js" time="0">
<skipped>
</skipped>
</testcase>
<testcase name="Marketplace Tests › should display products correctly" classname="features/marketplace.spec.js" time="0">
<skipped>
</skipped>
</testcase>
<testcase name="Marketplace Tests › should search for products" classname="features/marketplace.spec.js" time="0">
<skipped>
</skipped>
</testcase>
<testcase name="Marketplace Tests › should filter products by category" classname="features/marketplace.spec.js" time="0">
<skipped>
</skipped>
</testcase>
<testcase name="Marketplace Tests › should add product to cart (requires authentication)" classname="features/marketplace.spec.js" time="0">
<skipped>
</skipped>
</testcase>
<testcase name="Marketplace Tests › should view product details" classname="features/marketplace.spec.js" time="0">
<skipped>
</skipped>
</testcase>
<testcase name="Marketplace Tests › should navigate to shopping cart" classname="features/marketplace.spec.js" time="0">
<skipped>
</skipped>
</testcase>
<testcase name="Marketplace Tests › should complete checkout process (authenticated user)" classname="features/marketplace.spec.js" time="0">
<skipped>
</skipped>
</testcase>
<testcase name="Marketplace Performance Tests › marketplace page should load within 5 seconds" classname="features/marketplace.spec.js" time="0">
<skipped>
</skipped>
</testcase>
<testcase name="Marketplace Performance Tests › product search should respond quickly" classname="features/marketplace.spec.js" time="0">
<skipped>
</skipped>
</testcase>
<testcase name="Marketplace Mobile Tests › should be mobile responsive" classname="features/marketplace.spec.js" time="0">
<skipped>
</skipped>
</testcase>
<testcase name="Marketplace Mobile Tests › mobile product cards should be touchable" classname="features/marketplace.spec.js" time="0">
<skipped>
</skipped>
</testcase>
<testcase name="Marketplace Error Handling › should handle network errors gracefully" classname="features/marketplace.spec.js" time="0">
<skipped>
</skipped>
</testcase>
<testcase name="Marketplace Error Handling › should handle empty marketplace state" classname="features/marketplace.spec.js" time="0">
<skipped>
</skipped>
</testcase>
</testsuite>
<testsuite name="features/music-distribution.spec.js" timestamp="2025-08-29T11:18:15.959Z" hostname="chromium" tests="13" failures="0" skipped="13" time="0" errors="0">
<testcase name="Music Distribution Features › should access music distribution page" classname="features/music-distribution.spec.js" time="0">
<skipped>
</skipped>
</testcase>
<testcase name="Music Distribution Features › should display distribution platforms" classname="features/music-distribution.spec.js" time="0">
<skipped>
</skipped>
</testcase>
<testcase name="Music Distribution Features › should create new release" classname="features/music-distribution.spec.js" time="0">
<skipped>
</skipped>
</testcase>
<testcase name="Music Distribution Features › should upload track to release" classname="features/music-distribution.spec.js" time="0">
<skipped>
</skipped>
</testcase>
<testcase name="Music Distribution Features › should upload lyrics for track" classname="features/music-distribution.spec.js" time="0">
<skipped>
</skipped>
</testcase>
<testcase name="Music Distribution Features › should manage collaborator splits" classname="features/music-distribution.spec.js" time="0">
<skipped>
</skipped>
</testcase>
<testcase name="Music Distribution Features › should view release list" classname="features/music-distribution.spec.js" time="0">
<skipped>
</skipped>
</testcase>
<testcase name="Music Distribution Features › should track distribution status" classname="features/music-distribution.spec.js" time="0">
<skipped>
</skipped>
</testcase>
<testcase name="Music Distribution Features › should generate ISRC codes" classname="features/music-distribution.spec.js" time="0">
<skipped>
</skipped>
</testcase>
<testcase name="Music Distribution Features › should set release pricing" classname="features/music-distribution.spec.js" time="0">
<skipped>
</skipped>
</testcase>
<testcase name="Music Distribution Features › should schedule release date" classname="features/music-distribution.spec.js" time="0">
<skipped>
</skipped>
</testcase>
<testcase name="Music Distribution Features › should handle distribution errors" classname="features/music-distribution.spec.js" time="0">
<skipped>
</skipped>
</testcase>
<testcase name="Music Distribution Features › should export distribution analytics" classname="features/music-distribution.spec.js" time="0">
<skipped>
</skipped>
</testcase>
</testsuite>
<testsuite name="features/podcasts.spec.js" timestamp="2025-08-29T11:18:15.959Z" hostname="chromium" tests="19" failures="0" skipped="19" time="0" errors="0">
<testcase name="Podcast Features › should browse podcast categories" classname="features/podcasts.spec.js" time="0">
<skipped>
</skipped>
</testcase>
<testcase name="Podcast Features › should navigate to category page" classname="features/podcasts.spec.js" time="0">
<skipped>
</skipped>
</testcase>
<testcase name="Podcast Features › should view podcast details" classname="features/podcasts.spec.js" time="0">
<skipped>
</skipped>
</testcase>
<testcase name="Podcast Features › should play podcast episode" classname="features/podcasts.spec.js" time="0">
<skipped>
</skipped>
</testcase>
<testcase name="Podcast Features › should control audio playback" classname="features/podcasts.spec.js" time="0">
<skipped>
</skipped>
</testcase>
<testcase name="Podcast Features › should create new podcast" classname="features/podcasts.spec.js" time="0">
<skipped>
</skipped>
</testcase>
<testcase name="Podcast Features › should upload podcast episode" classname="features/podcasts.spec.js" time="0">
<skipped>
</skipped>
</testcase>
<testcase name="Podcast Features › should manage podcast dashboard" classname="features/podcasts.spec.js" time="0">
<skipped>
</skipped>
</testcase>
<testcase name="Podcast Features › should edit existing podcast" classname="features/podcasts.spec.js" time="0">
<skipped>
</skipped>
</testcase>
<testcase name="Podcast Features › should manage episode scheduling" classname="features/podcasts.spec.js" time="0">
<skipped>
</skipped>
</testcase>
<testcase name="Podcast Features › should view podcast analytics" classname="features/podcasts.spec.js" time="0">
<skipped>
</skipped>
</testcase>
<testcase name="Podcast Features › should manage podcast RSS feed" classname="features/podcasts.spec.js" time="0">
<skipped>
</skipped>
</testcase>
<testcase name="Podcast Features › should handle podcast monetization" classname="features/podcasts.spec.js" time="0">
<skipped>
</skipped>
</testcase>
<testcase name="Podcast Features › should manage episode transcripts" classname="features/podcasts.spec.js" time="0">
<skipped>
</skipped>
</testcase>
<testcase name="Podcast Features › should handle podcast sharing and social media" classname="features/podcasts.spec.js" time="0">
<skipped>
</skipped>
</testcase>
<testcase name="Podcast Features › should support podcast search and filtering" classname="features/podcasts.spec.js" time="0">
<skipped>
</skipped>
</testcase>
<testcase name="Podcast Features › should handle podcast subscriptions" classname="features/podcasts.spec.js" time="0">
<skipped>
</skipped>
</testcase>
<testcase name="Podcast Features › should handle podcast comments and reviews" classname="features/podcasts.spec.js" time="0">
<skipped>
</skipped>
</testcase>
<testcase name="Podcast Features › should support podcast playlists" classname="features/podcasts.spec.js" time="0">
<skipped>
</skipped>
</testcase>
</testsuite>
<testsuite name="features/radio-streaming.spec.js" timestamp="2025-08-29T11:18:15.959Z" hostname="chromium" tests="13" failures="0" skipped="13" time="0" errors="0">
<testcase name="Radio Streaming &amp; Broadcasting Features › should configure stream settings" classname="features/radio-streaming.spec.js" time="0">
<skipped>
</skipped>
</testcase>
<testcase name="Radio Streaming &amp; Broadcasting Features › should handle live streaming with OBS" classname="features/radio-streaming.spec.js" time="0">
<skipped>
</skipped>
</testcase>
<testcase name="Radio Streaming &amp; Broadcasting Features › should manage automated playlists" classname="features/radio-streaming.spec.js" time="0">
<skipped>
</skipped>
</testcase>
<testcase name="Radio Streaming &amp; Broadcasting Features › should handle crossfading and transitions" classname="features/radio-streaming.spec.js" time="0">
<skipped>
</skipped>
</testcase>
<testcase name="Radio Streaming &amp; Broadcasting Features › should manage DJ mode and live mixing" classname="features/radio-streaming.spec.js" time="0">
<skipped>
</skipped>
</testcase>
<testcase name="Radio Streaming &amp; Broadcasting Features › should handle listener interactions" classname="features/radio-streaming.spec.js" time="0">
<skipped>
</skipped>
</testcase>
<testcase name="Radio Streaming &amp; Broadcasting Features › should monitor stream health and analytics" classname="features/radio-streaming.spec.js" time="0">
<skipped>
</skipped>
</testcase>
<testcase name="Radio Streaming &amp; Broadcasting Features › should handle emergency broadcasting" classname="features/radio-streaming.spec.js" time="0">
<skipped>
</skipped>
</testcase>
<testcase name="Radio Streaming &amp; Broadcasting Features › should manage station scheduling" classname="features/radio-streaming.spec.js" time="0">
<skipped>
</skipped>
</testcase>
<testcase name="Radio Streaming &amp; Broadcasting Features › should handle audio processing and effects" classname="features/radio-streaming.spec.js" time="0">
<skipped>
</skipped>
</testcase>
<testcase name="Radio Streaming &amp; Broadcasting Features › should manage station metadata and RDS" classname="features/radio-streaming.spec.js" time="0">
<skipped>
</skipped>
</testcase>
<testcase name="Radio Streaming &amp; Broadcasting Features › should handle stream recording and archiving" classname="features/radio-streaming.spec.js" time="0">
<skipped>
</skipped>
</testcase>
<testcase name="Radio Streaming &amp; Broadcasting Features › should manage multi-bitrate streaming" classname="features/radio-streaming.spec.js" time="0">
<skipped>
</skipped>
</testcase>
</testsuite>
<testsuite name="features/radio.spec.js" timestamp="2025-08-29T11:18:15.959Z" hostname="chromium" tests="15" failures="0" skipped="15" time="0" errors="0">
<testcase name="Radio Station Features › should browse radio stations" classname="features/radio.spec.js" time="0">
<skipped>
</skipped>
</testcase>
<testcase name="Radio Station Features › should filter stations by genre" classname="features/radio.spec.js" time="0">
<skipped>
</skipped>
</testcase>
<testcase name="Radio Station Features › should play radio station" classname="features/radio.spec.js" time="0">
<skipped>
</skipped>
</testcase>
<testcase name="Radio Station Features › should access radio station dashboard" classname="features/radio.spec.js" time="0">
<skipped>
</skipped>
</testcase>
<testcase name="Radio Station Features › should create new radio station" classname="features/radio.spec.js" time="0">
<skipped>
</skipped>
</testcase>
<testcase name="Radio Station Features › should upload station mix" classname="features/radio.spec.js" time="0">
<skipped>
</skipped>
</testcase>
<testcase name="Radio Station Features › should manage radio playlist" classname="features/radio.spec.js" time="0">
<skipped>
</skipped>
</testcase>
<testcase name="Radio Station Features › should start and stop broadcasting" classname="features/radio.spec.js" time="0">
<skipped>
</skipped>
</testcase>
<testcase name="Radio Station Features › should display listener statistics" classname="features/radio.spec.js" time="0">
<skipped>
</skipped>
</testcase>
<testcase name="Radio Station Features › should configure station settings" classname="features/radio.spec.js" time="0">
<skipped>
</skipped>
</testcase>
<testcase name="Radio Station Features › should handle song submissions" classname="features/radio.spec.js" time="0">
<skipped>
</skipped>
</testcase>
<testcase name="Radio Station Features › should schedule programming" classname="features/radio.spec.js" time="0">
<skipped>
</skipped>
</testcase>
<testcase name="Radio Station Features › should display now playing information" classname="features/radio.spec.js" time="0">
<skipped>
</skipped>
</testcase>
<testcase name="Radio Station Features › should handle audio quality selection" classname="features/radio.spec.js" time="0">
<skipped>
</skipped>
</testcase>
<testcase name="Radio Station Features › should support station favorites" classname="features/radio.spec.js" time="0">
<skipped>
</skipped>
</testcase>
</testsuite>
<testsuite name="navigation/navbar.spec.js" timestamp="2025-08-29T11:18:15.959Z" hostname="chromium" tests="20" failures="0" skipped="20" time="0" errors="0">
<testcase name="Navbar Navigation Tests › should display all navbar links correctly" classname="navigation/navbar.spec.js" time="0">
<skipped>
</skipped>
</testcase>
<testcase name="Navbar Navigation Tests › should navigate to pricing plans" classname="navigation/navbar.spec.js" time="0">
<skipped>
</skipped>
</testcase>
<testcase name="Navbar Navigation Tests › should navigate to home page via logo" classname="navigation/navbar.spec.js" time="0">
<skipped>
</skipped>
</testcase>
<testcase name="Navbar Navigation Tests › should navigate to podcasts page" classname="navigation/navbar.spec.js" time="0">
<skipped>
</skipped>
</testcase>
<testcase name="Navbar Navigation Tests › should navigate to videos page" classname="navigation/navbar.spec.js" time="0">
<skipped>
</skipped>
</testcase>
<testcase name="Navbar Navigation Tests › should navigate to radio page" classname="navigation/navbar.spec.js" time="0">
<skipped>
</skipped>
</testcase>
<testcase name="Navbar Navigation Tests › should navigate to live streams page" classname="navigation/navbar.spec.js" time="0">
<skipped>
</skipped>
</testcase>
<testcase name="Navbar Navigation Tests › should navigate to login page" classname="navigation/navbar.spec.js" time="0">
<skipped>
</skipped>
</testcase>
<testcase name="Navbar Navigation Tests › should navigate to signup page" classname="navigation/navbar.spec.js" time="0">
<skipped>
</skipped>
</testcase>
<testcase name="Navbar Navigation Tests › should show active state for current page" classname="navigation/navbar.spec.js" time="0">
<skipped>
</skipped>
</testcase>
<testcase name="Navbar Navigation Tests › should be responsive on mobile" classname="navigation/navbar.spec.js" time="0">
<skipped>
</skipped>
</testcase>
<testcase name="Navbar Navigation Tests › should close mobile menu when link is clicked" classname="navigation/navbar.spec.js" time="0">
<skipped>
</skipped>
</testcase>
<testcase name="Navbar Navigation Tests › should handle navbar sticky positioning" classname="navigation/navbar.spec.js" time="0">
<skipped>
</skipped>
</testcase>
<testcase name="Navbar User Authentication States › should show user menu when logged in" classname="navigation/navbar.spec.js" time="0">
<skipped>
</skipped>
</testcase>
<testcase name="Navbar User Authentication States › should show logout functionality" classname="navigation/navbar.spec.js" time="0">
<skipped>
</skipped>
</testcase>
<testcase name="Navbar Performance Tests › should load navbar quickly" classname="navigation/navbar.spec.js" time="0">
<skipped>
</skipped>
</testcase>
<testcase name="Navbar Performance Tests › should handle rapid navigation clicks" classname="navigation/navbar.spec.js" time="0">
<skipped>
</skipped>
</testcase>
<testcase name="Navbar Accessibility Tests › should be keyboard navigable" classname="navigation/navbar.spec.js" time="0">
<skipped>
</skipped>
</testcase>
<testcase name="Navbar Accessibility Tests › should have proper ARIA attributes" classname="navigation/navbar.spec.js" time="0">
<skipped>
</skipped>
</testcase>
<testcase name="Debug Tests › debug logout selector" classname="navigation/navbar.spec.js" time="0">
<properties>
<property name="skip" value="">
</property>
</properties>
<skipped>
</skipped>
</testcase>
</testsuite>
<testsuite name="navigation/sidebar.spec.js" timestamp="2025-08-29T11:18:15.959Z" hostname="chromium" tests="24" failures="0" skipped="24" time="0" errors="0">
<testcase name="Sidebar Navigation Tests › should display sidebar structure correctly" classname="navigation/sidebar.spec.js" time="0">
<skipped>
</skipped>
</testcase>
<testcase name="Sidebar Navigation Tests › should show user profile links" classname="navigation/sidebar.spec.js" time="0">
<skipped>
</skipped>
</testcase>
<testcase name="Sidebar Navigation Tests › should show dashboard links" classname="navigation/sidebar.spec.js" time="0">
<skipped>
</skipped>
</testcase>
<testcase name="Sidebar Navigation Tests › should show indie artist links" classname="navigation/sidebar.spec.js" time="0">
<skipped>
</skipped>
</testcase>
<testcase name="Sidebar Navigation Tests › should show gaming section with toggle functionality" classname="navigation/sidebar.spec.js" time="0">
<skipped>
</skipped>
</testcase>
<testcase name="Sidebar Navigation Tests › should show notification badges on gaming links" classname="navigation/sidebar.spec.js" time="0">
<skipped>
</skipped>
</testcase>
<testcase name="Sidebar Navigation Tests › should show podcast section links" classname="navigation/sidebar.spec.js" time="0">
<skipped>
</skipped>
</testcase>
<testcase name="Sidebar Navigation Tests › should show video section links" classname="navigation/sidebar.spec.js" time="0">
<skipped>
</skipped>
</testcase>
<testcase name="Sidebar Navigation Tests › should show radio section links" classname="navigation/sidebar.spec.js" time="0">
<skipped>
</skipped>
</testcase>
<testcase name="Sidebar Navigation Tests › should show live streaming section links" classname="navigation/sidebar.spec.js" time="0">
<skipped>
</skipped>
</testcase>
<testcase name="Sidebar Navigation Tests › should show marketplace section links" classname="navigation/sidebar.spec.js" time="0">
<skipped>
</skipped>
</testcase>
<testcase name="Sidebar Navigation Tests › should show account section links" classname="navigation/sidebar.spec.js" time="0">
<skipped>
</skipped>
</testcase>
<testcase name="Sidebar Navigation Tests › should navigate to profile pages correctly" classname="navigation/sidebar.spec.js" time="0">
<skipped>
</skipped>
</testcase>
<testcase name="Sidebar Navigation Tests › should navigate to dashboard pages correctly" classname="navigation/sidebar.spec.js" time="0">
<skipped>
</skipped>
</testcase>
<testcase name="Sidebar Navigation Tests › should navigate to marketplace correctly" classname="navigation/sidebar.spec.js" time="0">
<skipped>
</skipped>
</testcase>
<testcase name="Sidebar Navigation Tests › should show active states correctly" classname="navigation/sidebar.spec.js" time="0">
<skipped>
</skipped>
</testcase>
<testcase name="Sidebar Navigation Tests › should persist gaming section toggle state" classname="navigation/sidebar.spec.js" time="0">
<skipped>
</skipped>
</testcase>
<testcase name="Sidebar Responsive Tests › should be responsive on mobile" classname="navigation/sidebar.spec.js" time="0">
<skipped>
</skipped>
</testcase>
<testcase name="Sidebar Responsive Tests › should handle tablet viewport" classname="navigation/sidebar.spec.js" time="0">
<skipped>
</skipped>
</testcase>
<testcase name="Sidebar Performance Tests › should load sidebar quickly" classname="navigation/sidebar.spec.js" time="0">
<skipped>
</skipped>
</testcase>
<testcase name="Sidebar Performance Tests › should handle rapid section toggling" classname="navigation/sidebar.spec.js" time="0">
<skipped>
</skipped>
</testcase>
<testcase name="Sidebar Accessibility Tests › should be keyboard navigable" classname="navigation/sidebar.spec.js" time="0">
<skipped>
</skipped>
</testcase>
<testcase name="Sidebar Accessibility Tests › should have proper ARIA attributes" classname="navigation/sidebar.spec.js" time="0">
<skipped>
</skipped>
</testcase>
<testcase name="Sidebar Accessibility Tests › should handle focus management" classname="navigation/sidebar.spec.js" time="0">
<skipped>
</skipped>
</testcase>
</testsuite>
<testsuite name="specs/background.spec.js" timestamp="2025-08-29T11:18:15.959Z" hostname="chromium" tests="16" failures="0" skipped="16" time="0" errors="0">
<testcase name="Background Integration Tests › Authentication Flow › should complete user registration and login flow" classname="specs/background.spec.js" time="0">
<skipped>
</skipped>
</testcase>
<testcase name="Background Integration Tests › Music Platform Features › should navigate through music upload flow" classname="specs/background.spec.js" time="0">
<skipped>
</skipped>
</testcase>
<testcase name="Background Integration Tests › Music Platform Features › should browse and interact with music content" classname="specs/background.spec.js" time="0">
<skipped>
</skipped>
</testcase>
<testcase name="Background Integration Tests › Podcast Features › should navigate podcast creation flow" classname="specs/background.spec.js" time="0">
<skipped>
</skipped>
</testcase>
<testcase name="Background Integration Tests › Podcast Features › should browse podcast categories" classname="specs/background.spec.js" time="0">
<skipped>
</skipped>
</testcase>
<testcase name="Background Integration Tests › Video Features › should access video dashboard and upload flow" classname="specs/background.spec.js" time="0">
<skipped>
</skipped>
</testcase>
<testcase name="Background Integration Tests › Marketplace Features › should browse marketplace and add items to cart" classname="specs/background.spec.js" time="0">
<skipped>
</skipped>
</testcase>
<testcase name="Background Integration Tests › Live Streaming Features › should access live streaming interface" classname="specs/background.spec.js" time="0">
<skipped>
</skipped>
</testcase>
<testcase name="Background Integration Tests › Radio Station Features › should create and manage radio station" classname="specs/background.spec.js" time="0">
<skipped>
</skipped>
</testcase>
<testcase name="Background Integration Tests › User Profile and Settings › should update user profile settings" classname="specs/background.spec.js" time="0">
<skipped>
</skipped>
</testcase>
<testcase name="Background Integration Tests › User Profile and Settings › should navigate settings page" classname="specs/background.spec.js" time="0">
<skipped>
</skipped>
</testcase>
<testcase name="Background Integration Tests › Pricing and Subscription › should display pricing plans" classname="specs/background.spec.js" time="0">
<skipped>
</skipped>
</testcase>
<testcase name="Background Integration Tests › Search and Discovery › should perform global search" classname="specs/background.spec.js" time="0">
<skipped>
</skipped>
</testcase>
<testcase name="Background Integration Tests › Notifications › should access notifications page" classname="specs/background.spec.js" time="0">
<skipped>
</skipped>
</testcase>
<testcase name="Background Integration Tests › Error Handling › should handle 404 pages gracefully" classname="specs/background.spec.js" time="0">
<skipped>
</skipped>
</testcase>
<testcase name="Background Integration Tests › Error Handling › should handle network errors gracefully" classname="specs/background.spec.js" time="0">
<skipped>
</skipped>
</testcase>
</testsuite>
<testsuite name="streampirex-demo.spec.js" timestamp="2025-08-29T11:18:15.959Z" hostname="chromium" tests="4" failures="0" skipped="4" time="0" errors="0">
<testcase name="StreampireX Homepage Loads" classname="streampirex-demo.spec.js" time="0">
<skipped>
</skipped>
</testcase>
<testcase name="Key Features Are Visible" classname="streampirex-demo.spec.js" time="0">
<skipped>
</skipped>
</testcase>
<testcase name="Navigation Elements Present" classname="streampirex-demo.spec.js" time="0">
<skipped>
</skipped>
</testcase>
<testcase name="YC Demo Flow - Multi-Modal Platform" classname="streampirex-demo.spec.js" time="0">
<skipped>
</skipped>
</testcase>
</testsuite>
<testsuite name="api/backend.spec.js" timestamp="2025-08-29T11:18:15.959Z" hostname="firefox" tests="7" failures="0" skipped="7" time="0" errors="0">
<testcase name="Backend API Tests - Minimal › Core Functionality › should connect to backend server" classname="api/backend.spec.js" time="0">
<skipped>
</skipped>
</testcase>
<testcase name="Backend API Tests - Minimal › Core Functionality › should handle user signup" classname="api/backend.spec.js" time="0">
<skipped>
</skipped>
</testcase>
<testcase name="Backend API Tests - Minimal › Core Functionality › should handle user login" classname="api/backend.spec.js" time="0">
<skipped>
</skipped>
</testcase>
<testcase name="Backend API Tests - Minimal › Working Endpoints Only › should browse podcasts" classname="api/backend.spec.js" time="0">
<skipped>
</skipped>
</testcase>
<testcase name="Backend API Tests - Minimal › Working Endpoints Only › should get notifications with auth" classname="api/backend.spec.js" time="0">
<skipped>
</skipped>
</testcase>
<testcase name="Backend API Tests - Minimal › Basic Error Handling › should return 404 for non-existent endpoints" classname="api/backend.spec.js" time="0">
<skipped>
</skipped>
</testcase>
<testcase name="Backend API Tests - Minimal › Basic Error Handling › should handle incomplete signup data" classname="api/backend.spec.js" time="0">
<skipped>
</skipped>
</testcase>
</testsuite>
<testsuite name="auth/login.spec.js" timestamp="2025-08-29T11:18:15.959Z" hostname="firefox" tests="10" failures="0" skipped="10" time="0" errors="0">
<testcase name="Authentication Tests › should display login page correctly" classname="auth/login.spec.js" time="0">
<skipped>
</skipped>
</testcase>
<testcase name="Authentication Tests › should show placeholders correctly" classname="auth/login.spec.js" time="0">
<skipped>
</skipped>
</testcase>
<testcase name="Authentication Tests › should have required fields" classname="auth/login.spec.js" time="0">
<skipped>
</skipped>
</testcase>
<testcase name="Authentication Tests › should fill form fields correctly" classname="auth/login.spec.js" time="0">
<skipped>
</skipped>
</testcase>
<testcase name="Authentication Tests › should navigate to signup page when clicking signup link" classname="auth/login.spec.js" time="0">
<skipped>
</skipped>
</testcase>
<testcase name="Authentication Tests › should attempt login with form submission" classname="auth/login.spec.js" time="0">
<skipped>
</skipped>
</testcase>
<testcase name="Authentication Tests › should handle login failure" classname="auth/login.spec.js" time="0">
<skipped>
</skipped>
</testcase>
<testcase name="Authentication Tests › should have autocomplete attributes" classname="auth/login.spec.js" time="0">
<skipped>
</skipped>
</testcase>
<testcase name="Authentication Tests › should be responsive on mobile" classname="auth/login.spec.js" time="0">
<skipped>
</skipped>
</testcase>
<testcase name="Login Page Performance › should load login page quickly" classname="auth/login.spec.js" time="0">
<skipped>
</skipped>
</testcase>
</testsuite>
<testsuite name="auth/signup-basic.spec.js" timestamp="2025-08-29T11:18:15.959Z" hostname="firefox" tests="7" failures="0" skipped="7" time="0" errors="0">
<testcase name="Basic Signup Form Tests › should load signup page correctly" classname="auth/signup-basic.spec.js" time="0">
<skipped>
</skipped>
</testcase>
<testcase name="Basic Signup Form Tests › should show step 1 basic information fields" classname="auth/signup-basic.spec.js" time="0">
<skipped>
</skipped>
</testcase>
<testcase name="Basic Signup Form Tests › should fill basic information fields" classname="auth/signup-basic.spec.js" time="0">
<skipped>
</skipped>
</testcase>
<testcase name="Basic Signup Form Tests › should show Next button in step 1" classname="auth/signup-basic.spec.js" time="0">
<skipped>
</skipped>
</testcase>
<testcase name="Basic Signup Form Tests › should debug step navigation by clicking Next" classname="auth/signup-basic.spec.js" time="0">
<skipped>
</skipped>
</testcase>
<testcase name="Basic Signup Form Tests › should be mobile responsive" classname="auth/signup-basic.spec.js" time="0">
<skipped>
</skipped>
</testcase>
<testcase name="Signup Page Performance › should load signup page quickly" classname="auth/signup-basic.spec.js" time="0">
<skipped>
</skipped>
</testcase>
</testsuite>
<testsuite name="auth/signup.spec.js" timestamp="2025-08-29T11:18:15.959Z" hostname="firefox" tests="14" failures="0" skipped="14" time="0" errors="0">
<testcase name="Signup Form Tests › should display signup form correctly" classname="auth/signup.spec.js" time="0">
<skipped>
</skipped>
</testcase>
<testcase name="Signup Form Tests › should show Step 1: Basic Information fields" classname="auth/signup.spec.js" time="0">
<skipped>
</skipped>
</testcase>
<testcase name="Signup Form Tests › should fill basic information correctly" classname="auth/signup.spec.js" time="0">
<skipped>
</skipped>
</testcase>
<testcase name="Signup Form Tests › should show validation errors for required fields" classname="auth/signup.spec.js" time="0">
<skipped>
</skipped>
</testcase>
<testcase name="Signup Form Tests › should validate password confirmation" classname="auth/signup.spec.js" time="0">
<skipped>
</skipped>
</testcase>
<testcase name="Signup Form Tests › should validate email format" classname="auth/signup.spec.js" time="0">
<skipped>
</skipped>
</testcase>
<testcase name="Signup Form Tests › should proceed to step 2 with valid basic information" classname="auth/signup.spec.js" time="0">
<skipped>
</skipped>
</testcase>
<testcase name="Signup Form Tests › should show role selection in step 2" classname="auth/signup.spec.js" time="0">
<skipped>
</skipped>
</testcase>
<testcase name="Signup Form Tests › should show artist fields when Artist role is selected" classname="auth/signup.spec.js" time="0">
<skipped>
</skipped>
</testcase>
<testcase name="Signup Form Tests › should navigate back to previous step" classname="auth/signup.spec.js" time="0">
<skipped>
</skipped>
</testcase>
<testcase name="Signup Form Tests › should require legal agreements in final step" classname="auth/signup.spec.js" time="0">
<skipped>
</skipped>
</testcase>
<testcase name="Signup Form Tests › should handle successful signup" classname="auth/signup.spec.js" time="0">
<skipped>
</skipped>
</testcase>
<testcase name="Signup Form Tests › should be mobile responsive" classname="auth/signup.spec.js" time="0">
<skipped>
</skipped>
</testcase>
<testcase name="Signup Page Performance › should load signup page quickly" classname="auth/signup.spec.js" time="0">
<skipped>
</skipped>
</testcase>
</testsuite>
<testsuite name="complete-yc-demo.spec.js" timestamp="2025-08-29T11:18:15.959Z" hostname="firefox" tests="2" failures="0" skipped="2" time="0" errors="0">
<testcase name="Complete YC Demo - All 4 Core Features" classname="complete-yc-demo.spec.js" time="0">
<skipped>
</skipped>
</testcase>
<testcase name="Radio Station Feature Check" classname="complete-yc-demo.spec.js" time="0">
<skipped>
</skipped>
</testcase>
</testsuite>
<testsuite name="debug/debug-navigation.spec.js" timestamp="2025-08-29T11:18:15.959Z" hostname="firefox" tests="1" failures="0" skipped="1" time="0" errors="0">
<testcase name="Debug Navigation Issues › debug page loading and routing" classname="debug/debug-navigation.spec.js" time="0">
<skipped>
</skipped>
</testcase>
</testsuite>
<testsuite name="end-to-end/complete-flows.spec.js" timestamp="2025-08-29T11:18:15.959Z" hostname="firefox" tests="6" failures="0" skipped="6" time="0" errors="0">
<testcase name="Complete User Flows - End to End › complete artist onboarding and content upload flow" classname="end-to-end/complete-flows.spec.js" time="0">
<skipped>
</skipped>
</testcase>
<testcase name="Complete User Flows - End to End › gamer community engagement flow" classname="end-to-end/complete-flows.spec.js" time="0">
<skipped>
</skipped>
</testcase>
<testcase name="Complete User Flows - End to End › content creator monetization flow" classname="end-to-end/complete-flows.spec.js" time="0">
<skipped>
</skipped>
</testcase>
<testcase name="Complete User Flows - End to End › podcast listener discovery and engagement flow" classname="end-to-end/complete-flows.spec.js" time="0">
<skipped>
</skipped>
</testcase>
<testcase name="Complete User Flows - End to End › radio station creation and management flow" classname="end-to-end/complete-flows.spec.js" time="0">
<skipped>
</skipped>
</testcase>
<testcase name="Complete User Flows - End to End › complete marketplace seller journey" classname="end-to-end/complete-flows.spec.js" time="0">
<skipped>
</skipped>
</testcase>
</testsuite>
<testsuite name="features/basic-test.spec.js" timestamp="2025-08-29T11:18:15.959Z" hostname="firefox" tests="3" failures="0" skipped="3" time="0" errors="0">
<testcase name="Basic Setup Validation › should load homepage" classname="features/basic-test.spec.js" time="0">
<skipped>
</skipped>
</testcase>
<testcase name="Basic Setup Validation › should check which routes exist" classname="features/basic-test.spec.js" time="0">
<skipped>
</skipped>
</testcase>
<testcase name="Basic Setup Validation › should check podcast-create page elements" classname="features/basic-test.spec.js" time="0">
<skipped>
</skipped>
</testcase>
</testsuite>
<testsuite name="features/content-creation.spec.js" timestamp="2025-08-29T11:18:15.959Z" hostname="firefox" tests="28" failures="0" skipped="28" time="0" errors="0">
<testcase name="Content Creation Features › Podcast Creation and Management › should create new podcast" classname="features/content-creation.spec.js" time="0">
<skipped>
</skipped>
</testcase>
<testcase name="Content Creation Features › Podcast Creation and Management › should upload podcast episode" classname="features/content-creation.spec.js" time="0">
<skipped>
</skipped>
</testcase>
<testcase name="Content Creation Features › Podcast Creation and Management › should schedule episode for future release" classname="features/content-creation.spec.js" time="0">
<skipped>
</skipped>
</testcase>
<testcase name="Content Creation Features › Podcast Creation and Management › should add episode transcript" classname="features/content-creation.spec.js" time="0">
<skipped>
</skipped>
</testcase>
<testcase name="Content Creation Features › Podcast Creation and Management › should manage podcast monetization" classname="features/content-creation.spec.js" time="0">
<skipped>
</skipped>
</testcase>
<testcase name="Content Creation Features › Music Upload and Management › should upload single track" classname="features/content-creation.spec.js" time="0">
<skipped>
</skipped>
</testcase>
<testcase name="Content Creation Features › Music Upload and Management › should create album and add tracks" classname="features/content-creation.spec.js" time="0">
<skipped>
</skipped>
</testcase>
<testcase name="Content Creation Features › Music Upload and Management › should upload lyrics for tracks" classname="features/content-creation.spec.js" time="0">
<skipped>
</skipped>
</testcase>
<testcase name="Content Creation Features › Music Upload and Management › should manage music distribution" classname="features/content-creation.spec.js" time="0">
<skipped>
</skipped>
</testcase>
<testcase name="Content Creation Features › Video Content Creation › should upload video content" classname="features/content-creation.spec.js" time="0">
<skipped>
</skipped>
</testcase>
<testcase name="Content Creation Features › Video Content Creation › should create video playlist" classname="features/content-creation.spec.js" time="0">
<skipped>
</skipped>
</testcase>
<testcase name="Content Creation Features › Video Content Creation › should manage video channel settings" classname="features/content-creation.spec.js" time="0">
<skipped>
</skipped>
</testcase>
<testcase name="Content Creation Features › Radio Station Creation › should create radio station" classname="features/content-creation.spec.js" time="0">
<skipped>
</skipped>
</testcase>
<testcase name="Content Creation Features › Radio Station Creation › should upload station mix and manage playlist" classname="features/content-creation.spec.js" time="0">
<skipped>
</skipped>
</testcase>
<testcase name="Content Creation Features › Radio Station Creation › should configure live streaming" classname="features/content-creation.spec.js" time="0">
<skipped>
</skipped>
</testcase>
<testcase name="Content Creation Features › Content Drafts and Scheduling › should save content as draft" classname="features/content-creation.spec.js" time="0">
<skipped>
</skipped>
</testcase>
<testcase name="Content Creation Features › Content Drafts and Scheduling › should schedule content for publication" classname="features/content-creation.spec.js" time="0">
<skipped>
</skipped>
</testcase>
<testcase name="Content Creation Features › Content Drafts and Scheduling › should edit existing content" classname="features/content-creation.spec.js" time="0">
<skipped>
</skipped>
</testcase>
<testcase name="Content Creation Features › Content Analytics and Performance › should view content analytics" classname="features/content-creation.spec.js" time="0">
<skipped>
</skipped>
</testcase>
<testcase name="Content Creation Features › Content Analytics and Performance › should track content engagement" classname="features/content-creation.spec.js" time="0">
<skipped>
</skipped>
</testcase>
<testcase name="Content Creation Features › Content Collaboration › should invite collaborators" classname="features/content-creation.spec.js" time="0">
<skipped>
</skipped>
</testcase>
<testcase name="Content Creation Features › Content Collaboration › should manage collaboration permissions" classname="features/content-creation.spec.js" time="0">
<skipped>
</skipped>
</testcase>
<testcase name="Content Creation Features › Content Validation and Quality Control › should validate audio file formats and quality" classname="features/content-creation.spec.js" time="0">
<skipped>
</skipped>
</testcase>
<testcase name="Content Creation Features › Content Validation and Quality Control › should enforce content guidelines" classname="features/content-creation.spec.js" time="0">
<skipped>
</skipped>
</testcase>
<testcase name="Content Creation Features › Content Validation and Quality Control › should check for copyright compliance" classname="features/content-creation.spec.js" time="0">
<skipped>
</skipped>
</testcase>
<testcase name="Content Creation Features › Content Organization and Management › should organize content into collections" classname="features/content-creation.spec.js" time="0">
<skipped>
</skipped>
</testcase>
<testcase name="Content Creation Features › Content Organization and Management › should manage content tags and categories" classname="features/content-creation.spec.js" time="0">
<skipped>
</skipped>
</testcase>
<testcase name="Content Creation Features › Content Organization and Management › should bulk manage content" classname="features/content-creation.spec.js" time="0">
<skipped>
</skipped>
</testcase>
</testsuite>
<testsuite name="features/dashboards.spec.js" timestamp="2025-08-29T11:18:15.959Z" hostname="firefox" tests="47" failures="0" skipped="47" time="0" errors="0">
<testcase name="Dashboard Features › Creator Dashboard › should display creator dashboard overview" classname="features/dashboards.spec.js" time="0">
<skipped>
</skipped>
</testcase>
<testcase name="Dashboard Features › Creator Dashboard › should display content performance analytics" classname="features/dashboards.spec.js" time="0">
<skipped>
</skipped>
</testcase>
<testcase name="Dashboard Features › Creator Dashboard › should show recent activity feed" classname="features/dashboards.spec.js" time="0">
<skipped>
</skipped>
</testcase>
<testcase name="Dashboard Features › Creator Dashboard › should provide quick action buttons" classname="features/dashboards.spec.js" time="0">
<skipped>
</skipped>
</testcase>
<testcase name="Dashboard Features › Creator Dashboard › should display revenue breakdown" classname="features/dashboards.spec.js" time="0">
<skipped>
</skipped>
</testcase>
<testcase name="Dashboard Features › Creator Dashboard › should show content library overview" classname="features/dashboards.spec.js" time="0">
<skipped>
</skipped>
</testcase>
<testcase name="Dashboard Features › Artist Dashboard › should display artist dashboard overview" classname="features/dashboards.spec.js" time="0">
<skipped>
</skipped>
</testcase>
<testcase name="Dashboard Features › Artist Dashboard › should show music distribution analytics" classname="features/dashboards.spec.js" time="0">
<skipped>
</skipped>
</testcase>
<testcase name="Dashboard Features › Artist Dashboard › should display top performing tracks" classname="features/dashboards.spec.js" time="0">
<skipped>
</skipped>
</testcase>
<testcase name="Dashboard Features › Artist Dashboard › should show geographical insights" classname="features/dashboards.spec.js" time="0">
<skipped>
</skipped>
</testcase>
<testcase name="Dashboard Features › Artist Dashboard › should display royalty earnings" classname="features/dashboards.spec.js" time="0">
<skipped>
</skipped>
</testcase>
<testcase name="Dashboard Features › Artist Dashboard › should show release calendar" classname="features/dashboards.spec.js" time="0">
<skipped>
</skipped>
</testcase>
<testcase name="Dashboard Features › Podcast Dashboard › should display podcast dashboard overview" classname="features/dashboards.spec.js" time="0">
<skipped>
</skipped>
</testcase>
<testcase name="Dashboard Features › Podcast Dashboard › should show podcast performance metrics" classname="features/dashboards.spec.js" time="0">
<skipped>
</skipped>
</testcase>
<testcase name="Dashboard Features › Podcast Dashboard › should manage podcast episodes" classname="features/dashboards.spec.js" time="0">
<skipped>
</skipped>
</testcase>
<testcase name="Dashboard Features › Podcast Dashboard › should display audience demographics" classname="features/dashboards.spec.js" time="0">
<skipped>
</skipped>
</testcase>
<testcase name="Dashboard Features › Podcast Dashboard › should show monetization overview" classname="features/dashboards.spec.js" time="0">
<skipped>
</skipped>
</testcase>
<testcase name="Dashboard Features › Radio Dashboard › should display radio dashboard overview" classname="features/dashboards.spec.js" time="0">
<skipped>
</skipped>
</testcase>
<testcase name="Dashboard Features › Radio Dashboard › should show live streaming controls" classname="features/dashboards.spec.js" time="0">
<skipped>
</skipped>
</testcase>
<testcase name="Dashboard Features › Radio Dashboard › should display real-time listener metrics" classname="features/dashboards.spec.js" time="0">
<skipped>
</skipped>
</testcase>
<testcase name="Dashboard Features › Radio Dashboard › should manage playlist and rotation" classname="features/dashboards.spec.js" time="0">
<skipped>
</skipped>
</testcase>
<testcase name="Dashboard Features › Radio Dashboard › should show station analytics" classname="features/dashboards.spec.js" time="0">
<skipped>
</skipped>
</testcase>
<testcase name="Dashboard Features › Video Dashboard › should display video dashboard overview" classname="features/dashboards.spec.js" time="0">
<skipped>
</skipped>
</testcase>
<testcase name="Dashboard Features › Video Dashboard › should show video performance analytics" classname="features/dashboards.spec.js" time="0">
<skipped>
</skipped>
</testcase>
<testcase name="Dashboard Features › Video Dashboard › should manage video library" classname="features/dashboards.spec.js" time="0">
<skipped>
</skipped>
</testcase>
<testcase name="Dashboard Features › Video Dashboard › should display audience retention analytics" classname="features/dashboards.spec.js" time="0">
<skipped>
</skipped>
</testcase>
<testcase name="Dashboard Features › Video Dashboard › should show channel growth metrics" classname="features/dashboards.spec.js" time="0">
<skipped>
</skipped>
</testcase>
<testcase name="Dashboard Features › Sales Dashboard › should display sales dashboard overview" classname="features/dashboards.spec.js" time="0">
<skipped>
</skipped>
</testcase>
<testcase name="Dashboard Features › Sales Dashboard › should show revenue analytics" classname="features/dashboards.spec.js" time="0">
<skipped>
</skipped>
</testcase>
<testcase name="Dashboard Features › Sales Dashboard › should display product performance" classname="features/dashboards.spec.js" time="0">
<skipped>
</skipped>
</testcase>
<testcase name="Dashboard Features › Sales Dashboard › should manage orders and fulfillment" classname="features/dashboards.spec.js" time="0">
<skipped>
</skipped>
</testcase>
<testcase name="Dashboard Features › Sales Dashboard › should show customer analytics" classname="features/dashboards.spec.js" time="0">
<skipped>
</skipped>
</testcase>
<testcase name="Dashboard Features › Sales Dashboard › should manage payout requests" classname="features/dashboards.spec.js" time="0">
<skipped>
</skipped>
</testcase>
<testcase name="Dashboard Features › Label Dashboard › should display label dashboard overview" classname="features/dashboards.spec.js" time="0">
<skipped>
</skipped>
</testcase>
<testcase name="Dashboard Features › Label Dashboard › should manage artist roster" classname="features/dashboards.spec.js" time="0">
<skipped>
</skipped>
</testcase>
<testcase name="Dashboard Features › Label Dashboard › should show release planning" classname="features/dashboards.spec.js" time="0">
<skipped>
</skipped>
</testcase>
<testcase name="Dashboard Features › Label Dashboard › should display label analytics" classname="features/dashboards.spec.js" time="0">
<skipped>
</skipped>
</testcase>
<testcase name="Dashboard Features › Label Dashboard › should manage contracts and agreements" classname="features/dashboards.spec.js" time="0">
<skipped>
</skipped>
</testcase>
<testcase name="Dashboard Features › Dashboard Navigation and Integration › should navigate between different dashboards" classname="features/dashboards.spec.js" time="0">
<skipped>
</skipped>
</testcase>
<testcase name="Dashboard Features › Dashboard Navigation and Integration › should maintain consistent UI elements across dashboards" classname="features/dashboards.spec.js" time="0">
<skipped>
</skipped>
</testcase>
<testcase name="Dashboard Features › Dashboard Navigation and Integration › should display real-time updates" classname="features/dashboards.spec.js" time="0">
<skipped>
</skipped>
</testcase>
<testcase name="Dashboard Features › Dashboard Navigation and Integration › should handle dashboard permissions correctly" classname="features/dashboards.spec.js" time="0">
<skipped>
</skipped>
</testcase>
<testcase name="Dashboard Features › Dashboard Navigation and Integration › should export dashboard data" classname="features/dashboards.spec.js" time="0">
<skipped>
</skipped>
</testcase>
<testcase name="Dashboard Features › Dashboard Navigation and Integration › should customize dashboard layout" classname="features/dashboards.spec.js" time="0">
<skipped>
</skipped>
</testcase>
<testcase name="Dashboard Features › Dashboard Performance and Responsiveness › should load dashboards quickly" classname="features/dashboards.spec.js" time="0">
<skipped>
</skipped>
</testcase>
<testcase name="Dashboard Features › Dashboard Performance and Responsiveness › should work on mobile devices" classname="features/dashboards.spec.js" time="0">
<skipped>
</skipped>
</testcase>
<testcase name="Dashboard Features › Dashboard Performance and Responsiveness › should handle large datasets efficiently" classname="features/dashboards.spec.js" time="0">
<skipped>
</skipped>
</testcase>
</testsuite>
<testsuite name="features/debug-page.spec.js" timestamp="2025-08-29T11:18:15.959Z" hostname="firefox" tests="1" failures="0" skipped="1" time="0" errors="0">
<testcase name="debug podcast-create page content" classname="features/debug-page.spec.js" time="0">
<skipped>
</skipped>
</testcase>
</testsuite>
<testsuite name="features/gaming.spec.js" timestamp="2025-08-29T11:18:15.959Z" hostname="firefox" tests="18" failures="0" skipped="18" time="0" errors="0">
<testcase name="StreamPireX Gaming Features › Authentication for Gaming Features › should allow user to sign up with gaming preferences" classname="features/gaming.spec.js" time="0">
<skipped>
</skipped>
</testcase>
<testcase name="StreamPireX Gaming Features › Authentication for Gaming Features › should login and access gaming features" classname="features/gaming.spec.js" time="0">
<skipped>
</skipped>
</testcase>
<testcase name="StreamPireX Gaming Features › Gamer Profile Management › should create and update gamer profile" classname="features/gaming.spec.js" time="0">
<skipped>
</skipped>
</testcase>
<testcase name="StreamPireX Gaming Features › Gamer Profile Management › should display gamer profile correctly" classname="features/gaming.spec.js" time="0">
<skipped>
</skipped>
</testcase>
<testcase name="StreamPireX Gaming Features › Squad Finder Feature › should access squad finder page" classname="features/gaming.spec.js" time="0">
<skipped>
</skipped>
</testcase>
<testcase name="StreamPireX Gaming Features › Squad Finder Feature › should search for squad members" classname="features/gaming.spec.js" time="0">
<skipped>
</skipped>
</testcase>
<testcase name="StreamPireX Gaming Features › Squad Finder Feature › should create squad listing" classname="features/gaming.spec.js" time="0">
<skipped>
</skipped>
</testcase>
<testcase name="StreamPireX Gaming Features › Team Rooms Feature › should create team room" classname="features/gaming.spec.js" time="0">
<skipped>
</skipped>
</testcase>
<testcase name="StreamPireX Gaming Features › Team Rooms Feature › should join team room" classname="features/gaming.spec.js" time="0">
<skipped>
</skipped>
</testcase>
<testcase name="StreamPireX Gaming Features › Gaming Analytics › should display gaming analytics dashboard" classname="features/gaming.spec.js" time="0">
<skipped>
</skipped>
</testcase>
<testcase name="StreamPireX Gaming Features › Gaming Analytics › should fetch gaming analytics data" classname="features/gaming.spec.js" time="0">
<skipped>
</skipped>
</testcase>
<testcase name="StreamPireX Gaming Features › Video Chat Integration › should display video chat options in gamer profile" classname="features/gaming.spec.js" time="0">
<skipped>
</skipped>
</testcase>
<testcase name="StreamPireX Gaming Features › Video Chat Integration › should test WebRTC capabilities detection" classname="features/gaming.spec.js" time="0">
<skipped>
</skipped>
</testcase>
<testcase name="StreamPireX Gaming Features › Gaming Features API Integration › should handle gaming API endpoints" classname="features/gaming.spec.js" time="0">
<skipped>
</skipped>
</testcase>
<testcase name="StreamPireX Gaming Features › Gaming Features API Integration › should handle team room creation API" classname="features/gaming.spec.js" time="0">
<skipped>
</skipped>
</testcase>
<testcase name="StreamPireX Gaming Features › Gaming Features Pricing Integration › should display gaming features in pricing plans" classname="features/gaming.spec.js" time="0">
<skipped>
</skipped>
</testcase>
<testcase name="StreamPireX Gaming Features › Error Handling and Edge Cases › should handle network errors gracefully" classname="features/gaming.spec.js" time="0">
<skipped>
</skipped>
</testcase>
<testcase name="StreamPireX Gaming Features › Error Handling and Edge Cases › should handle missing gaming features gracefully" classname="features/gaming.spec.js" time="0">
<skipped>
</skipped>
</testcase>
</testsuite>
<testsuite name="features/marketplace.spec.js" timestamp="2025-08-29T11:18:15.959Z" hostname="firefox" tests="14" failures="0" skipped="14" time="0" errors="0">
<testcase name="Marketplace Tests › should load marketplace page successfully" classname="features/marketplace.spec.js" time="0">
<skipped>
</skipped>
</testcase>
<testcase name="Marketplace Tests › should display products correctly" classname="features/marketplace.spec.js" time="0">
<skipped>
</skipped>
</testcase>
<testcase name="Marketplace Tests › should search for products" classname="features/marketplace.spec.js" time="0">
<skipped>
</skipped>
</testcase>
<testcase name="Marketplace Tests › should filter products by category" classname="features/marketplace.spec.js" time="0">
<skipped>
</skipped>
</testcase>
<testcase name="Marketplace Tests › should add product to cart (requires authentication)" classname="features/marketplace.spec.js" time="0">
<skipped>
</skipped>
</testcase>
<testcase name="Marketplace Tests › should view product details" classname="features/marketplace.spec.js" time="0">
<skipped>
</skipped>
</testcase>
<testcase name="Marketplace Tests › should navigate to shopping cart" classname="features/marketplace.spec.js" time="0">
<skipped>
</skipped>
</testcase>
<testcase name="Marketplace Tests › should complete checkout process (authenticated user)" classname="features/marketplace.spec.js" time="0">
<skipped>
</skipped>
</testcase>
<testcase name="Marketplace Performance Tests › marketplace page should load within 5 seconds" classname="features/marketplace.spec.js" time="0">
<skipped>
</skipped>
</testcase>
<testcase name="Marketplace Performance Tests › product search should respond quickly" classname="features/marketplace.spec.js" time="0">
<skipped>
</skipped>
</testcase>
<testcase name="Marketplace Mobile Tests › should be mobile responsive" classname="features/marketplace.spec.js" time="0">
<skipped>
</skipped>
</testcase>
<testcase name="Marketplace Mobile Tests › mobile product cards should be touchable" classname="features/marketplace.spec.js" time="0">
<skipped>
</skipped>
</testcase>
<testcase name="Marketplace Error Handling › should handle network errors gracefully" classname="features/marketplace.spec.js" time="0">
<skipped>
</skipped>
</testcase>
<testcase name="Marketplace Error Handling › should handle empty marketplace state" classname="features/marketplace.spec.js" time="0">
<skipped>
</skipped>
</testcase>
</testsuite>
<testsuite name="features/music-distribution.spec.js" timestamp="2025-08-29T11:18:15.959Z" hostname="firefox" tests="13" failures="0" skipped="13" time="0" errors="0">
<testcase name="Music Distribution Features › should access music distribution page" classname="features/music-distribution.spec.js" time="0">
<skipped>
</skipped>
</testcase>
<testcase name="Music Distribution Features › should display distribution platforms" classname="features/music-distribution.spec.js" time="0">
<skipped>
</skipped>
</testcase>
<testcase name="Music Distribution Features › should create new release" classname="features/music-distribution.spec.js" time="0">
<skipped>
</skipped>
</testcase>
<testcase name="Music Distribution Features › should upload track to release" classname="features/music-distribution.spec.js" time="0">
<skipped>
</skipped>
</testcase>
<testcase name="Music Distribution Features › should upload lyrics for track" classname="features/music-distribution.spec.js" time="0">
<skipped>
</skipped>
</testcase>
<testcase name="Music Distribution Features › should manage collaborator splits" classname="features/music-distribution.spec.js" time="0">
<skipped>
</skipped>
</testcase>
<testcase name="Music Distribution Features › should view release list" classname="features/music-distribution.spec.js" time="0">
<skipped>
</skipped>
</testcase>
<testcase name="Music Distribution Features › should track distribution status" classname="features/music-distribution.spec.js" time="0">
<skipped>
</skipped>
</testcase>
<testcase name="Music Distribution Features › should generate ISRC codes" classname="features/music-distribution.spec.js" time="0">
<skipped>
</skipped>
</testcase>
<testcase name="Music Distribution Features › should set release pricing" classname="features/music-distribution.spec.js" time="0">
<skipped>
</skipped>
</testcase>
<testcase name="Music Distribution Features › should schedule release date" classname="features/music-distribution.spec.js" time="0">
<skipped>
</skipped>
</testcase>
<testcase name="Music Distribution Features › should handle distribution errors" classname="features/music-distribution.spec.js" time="0">
<skipped>
</skipped>
</testcase>
<testcase name="Music Distribution Features › should export distribution analytics" classname="features/music-distribution.spec.js" time="0">
<skipped>
</skipped>
</testcase>
</testsuite>
<testsuite name="features/podcasts.spec.js" timestamp="2025-08-29T11:18:15.959Z" hostname="firefox" tests="19" failures="0" skipped="19" time="0" errors="0">
<testcase name="Podcast Features › should browse podcast categories" classname="features/podcasts.spec.js" time="0">
<skipped>
</skipped>
</testcase>
<testcase name="Podcast Features › should navigate to category page" classname="features/podcasts.spec.js" time="0">
<skipped>
</skipped>
</testcase>
<testcase name="Podcast Features › should view podcast details" classname="features/podcasts.spec.js" time="0">
<skipped>
</skipped>
</testcase>
<testcase name="Podcast Features › should play podcast episode" classname="features/podcasts.spec.js" time="0">
<skipped>
</skipped>
</testcase>
<testcase name="Podcast Features › should control audio playback" classname="features/podcasts.spec.js" time="0">
<skipped>
</skipped>
</testcase>
<testcase name="Podcast Features › should create new podcast" classname="features/podcasts.spec.js" time="0">
<skipped>
</skipped>
</testcase>
<testcase name="Podcast Features › should upload podcast episode" classname="features/podcasts.spec.js" time="0">
<skipped>
</skipped>
</testcase>
<testcase name="Podcast Features › should manage podcast dashboard" classname="features/podcasts.spec.js" time="0">
<skipped>
</skipped>
</testcase>
<testcase name="Podcast Features › should edit existing podcast" classname="features/podcasts.spec.js" time="0">
<skipped>
</skipped>
</testcase>
<testcase name="Podcast Features › should manage episode scheduling" classname="features/podcasts.spec.js" time="0">
<skipped>
</skipped>
</testcase>
<testcase name="Podcast Features › should view podcast analytics" classname="features/podcasts.spec.js" time="0">
<skipped>
</skipped>
</testcase>
<testcase name="Podcast Features › should manage podcast RSS feed" classname="features/podcasts.spec.js" time="0">
<skipped>
</skipped>
</testcase>
<testcase name="Podcast Features › should handle podcast monetization" classname="features/podcasts.spec.js" time="0">
<skipped>
</skipped>
</testcase>
<testcase name="Podcast Features › should manage episode transcripts" classname="features/podcasts.spec.js" time="0">
<skipped>
</skipped>
</testcase>
<testcase name="Podcast Features › should handle podcast sharing and social media" classname="features/podcasts.spec.js" time="0">
<skipped>
</skipped>
</testcase>
<testcase name="Podcast Features › should support podcast search and filtering" classname="features/podcasts.spec.js" time="0">
<skipped>
</skipped>
</testcase>
<testcase name="Podcast Features › should handle podcast subscriptions" classname="features/podcasts.spec.js" time="0">
<skipped>
</skipped>
</testcase>
<testcase name="Podcast Features › should handle podcast comments and reviews" classname="features/podcasts.spec.js" time="0">
<skipped>
</skipped>
</testcase>
<testcase name="Podcast Features › should support podcast playlists" classname="features/podcasts.spec.js" time="0">
<skipped>
</skipped>
</testcase>
</testsuite>
<testsuite name="features/radio-streaming.spec.js" timestamp="2025-08-29T11:18:15.959Z" hostname="firefox" tests="13" failures="0" skipped="13" time="0" errors="0">
<testcase name="Radio Streaming &amp; Broadcasting Features › should configure stream settings" classname="features/radio-streaming.spec.js" time="0">
<skipped>
</skipped>
</testcase>
<testcase name="Radio Streaming &amp; Broadcasting Features › should handle live streaming with OBS" classname="features/radio-streaming.spec.js" time="0">
<skipped>
</skipped>
</testcase>
<testcase name="Radio Streaming &amp; Broadcasting Features › should manage automated playlists" classname="features/radio-streaming.spec.js" time="0">
<skipped>
</skipped>
</testcase>
<testcase name="Radio Streaming &amp; Broadcasting Features › should handle crossfading and transitions" classname="features/radio-streaming.spec.js" time="0">
<skipped>
</skipped>
</testcase>
<testcase name="Radio Streaming &amp; Broadcasting Features › should manage DJ mode and live mixing" classname="features/radio-streaming.spec.js" time="0">
<skipped>
</skipped>
</testcase>
<testcase name="Radio Streaming &amp; Broadcasting Features › should handle listener interactions" classname="features/radio-streaming.spec.js" time="0">
<skipped>
</skipped>
</testcase>
<testcase name="Radio Streaming &amp; Broadcasting Features › should monitor stream health and analytics" classname="features/radio-streaming.spec.js" time="0">
<skipped>
</skipped>
</testcase>
<testcase name="Radio Streaming &amp; Broadcasting Features › should handle emergency broadcasting" classname="features/radio-streaming.spec.js" time="0">
<skipped>
</skipped>
</testcase>
<testcase name="Radio Streaming &amp; Broadcasting Features › should manage station scheduling" classname="features/radio-streaming.spec.js" time="0">
<skipped>
</skipped>
</testcase>
<testcase name="Radio Streaming &amp; Broadcasting Features › should handle audio processing and effects" classname="features/radio-streaming.spec.js" time="0">
<skipped>
</skipped>
</testcase>
<testcase name="Radio Streaming &amp; Broadcasting Features › should manage station metadata and RDS" classname="features/radio-streaming.spec.js" time="0">
<skipped>
</skipped>
</testcase>
<testcase name="Radio Streaming &amp; Broadcasting Features › should handle stream recording and archiving" classname="features/radio-streaming.spec.js" time="0">
<skipped>
</skipped>
</testcase>
<testcase name="Radio Streaming &amp; Broadcasting Features › should manage multi-bitrate streaming" classname="features/radio-streaming.spec.js" time="0">
<skipped>
</skipped>
</testcase>
</testsuite>
<testsuite name="features/radio.spec.js" timestamp="2025-08-29T11:18:15.959Z" hostname="firefox" tests="15" failures="0" skipped="15" time="0" errors="0">
<testcase name="Radio Station Features › should browse radio stations" classname="features/radio.spec.js" time="0">
<skipped>
</skipped>
</testcase>
<testcase name="Radio Station Features › should filter stations by genre" classname="features/radio.spec.js" time="0">
<skipped>
</skipped>
</testcase>
<testcase name="Radio Station Features › should play radio station" classname="features/radio.spec.js" time="0">
<skipped>
</skipped>
</testcase>
<testcase name="Radio Station Features › should access radio station dashboard" classname="features/radio.spec.js" time="0">
<skipped>
</skipped>
</testcase>
<testcase name="Radio Station Features › should create new radio station" classname="features/radio.spec.js" time="0">
<skipped>
</skipped>
</testcase>
<testcase name="Radio Station Features › should upload station mix" classname="features/radio.spec.js" time="0">
<skipped>
</skipped>
</testcase>
<testcase name="Radio Station Features › should manage radio playlist" classname="features/radio.spec.js" time="0">
<skipped>
</skipped>
</testcase>
<testcase name="Radio Station Features › should start and stop broadcasting" classname="features/radio.spec.js" time="0">
<skipped>
</skipped>
</testcase>
<testcase name="Radio Station Features › should display listener statistics" classname="features/radio.spec.js" time="0">
<skipped>
</skipped>
</testcase>
<testcase name="Radio Station Features › should configure station settings" classname="features/radio.spec.js" time="0">
<skipped>
</skipped>
</testcase>
<testcase name="Radio Station Features › should handle song submissions" classname="features/radio.spec.js" time="0">
<skipped>
</skipped>
</testcase>
<testcase name="Radio Station Features › should schedule programming" classname="features/radio.spec.js" time="0">
<skipped>
</skipped>
</testcase>
<testcase name="Radio Station Features › should display now playing information" classname="features/radio.spec.js" time="0">
<skipped>
</skipped>
</testcase>
<testcase name="Radio Station Features › should handle audio quality selection" classname="features/radio.spec.js" time="0">
<skipped>
</skipped>
</testcase>
<testcase name="Radio Station Features › should support station favorites" classname="features/radio.spec.js" time="0">
<skipped>
</skipped>
</testcase>
</testsuite>
<testsuite name="navigation/navbar.spec.js" timestamp="2025-08-29T11:18:15.959Z" hostname="firefox" tests="20" failures="0" skipped="20" time="0" errors="0">
<testcase name="Navbar Navigation Tests › should display all navbar links correctly" classname="navigation/navbar.spec.js" time="0">
<skipped>
</skipped>
</testcase>
<testcase name="Navbar Navigation Tests › should navigate to pricing plans" classname="navigation/navbar.spec.js" time="0">
<skipped>
</skipped>
</testcase>
<testcase name="Navbar Navigation Tests › should navigate to home page via logo" classname="navigation/navbar.spec.js" time="0">
<skipped>
</skipped>
</testcase>
<testcase name="Navbar Navigation Tests › should navigate to podcasts page" classname="navigation/navbar.spec.js" time="0">
<skipped>
</skipped>
</testcase>
<testcase name="Navbar Navigation Tests › should navigate to videos page" classname="navigation/navbar.spec.js" time="0">
<skipped>
</skipped>
</testcase>
<testcase name="Navbar Navigation Tests › should navigate to radio page" classname="navigation/navbar.spec.js" time="0">
<skipped>
</skipped>
</testcase>
<testcase name="Navbar Navigation Tests › should navigate to live streams page" classname="navigation/navbar.spec.js" time="0">
<skipped>
</skipped>
</testcase>
<testcase name="Navbar Navigation Tests › should navigate to login page" classname="navigation/navbar.spec.js" time="0">
<skipped>
</skipped>
</testcase>
<testcase name="Navbar Navigation Tests › should navigate to signup page" classname="navigation/navbar.spec.js" time="0">
<skipped>
</skipped>
</testcase>
<testcase name="Navbar Navigation Tests › should show active state for current page" classname="navigation/navbar.spec.js" time="0">
<skipped>
</skipped>
</testcase>
<testcase name="Navbar Navigation Tests › should be responsive on mobile" classname="navigation/navbar.spec.js" time="0">
<skipped>
</skipped>
</testcase>
<testcase name="Navbar Navigation Tests › should close mobile menu when link is clicked" classname="navigation/navbar.spec.js" time="0">
<skipped>
</skipped>
</testcase>
<testcase name="Navbar Navigation Tests › should handle navbar sticky positioning" classname="navigation/navbar.spec.js" time="0">
<skipped>
</skipped>
</testcase>
<testcase name="Navbar User Authentication States › should show user menu when logged in" classname="navigation/navbar.spec.js" time="0">
<skipped>
</skipped>
</testcase>
<testcase name="Navbar User Authentication States › should show logout functionality" classname="navigation/navbar.spec.js" time="0">
<skipped>
</skipped>
</testcase>
<testcase name="Navbar Performance Tests › should load navbar quickly" classname="navigation/navbar.spec.js" time="0">
<skipped>
</skipped>
</testcase>
<testcase name="Navbar Performance Tests › should handle rapid navigation clicks" classname="navigation/navbar.spec.js" time="0">
<skipped>
</skipped>
</testcase>
<testcase name="Navbar Accessibility Tests › should be keyboard navigable" classname="navigation/navbar.spec.js" time="0">
<skipped>
</skipped>
</testcase>
<testcase name="Navbar Accessibility Tests › should have proper ARIA attributes" classname="navigation/navbar.spec.js" time="0">
<skipped>
</skipped>
</testcase>
<testcase name="Debug Tests › debug logout selector" classname="navigation/navbar.spec.js" time="0">
<properties>
<property name="skip" value="">
</property>
</properties>
<skipped>
</skipped>
</testcase>
</testsuite>
<testsuite name="navigation/sidebar.spec.js" timestamp="2025-08-29T11:18:15.959Z" hostname="firefox" tests="24" failures="0" skipped="24" time="0" errors="0">
<testcase name="Sidebar Navigation Tests › should display sidebar structure correctly" classname="navigation/sidebar.spec.js" time="0">
<skipped>
</skipped>
</testcase>
<testcase name="Sidebar Navigation Tests › should show user profile links" classname="navigation/sidebar.spec.js" time="0">
<skipped>
</skipped>
</testcase>
<testcase name="Sidebar Navigation Tests › should show dashboard links" classname="navigation/sidebar.spec.js" time="0">
<skipped>
</skipped>
</testcase>
<testcase name="Sidebar Navigation Tests › should show indie artist links" classname="navigation/sidebar.spec.js" time="0">
<skipped>
</skipped>
</testcase>
<testcase name="Sidebar Navigation Tests › should show gaming section with toggle functionality" classname="navigation/sidebar.spec.js" time="0">
<skipped>
</skipped>
</testcase>
<testcase name="Sidebar Navigation Tests › should show notification badges on gaming links" classname="navigation/sidebar.spec.js" time="0">
<skipped>
</skipped>
</testcase>
<testcase name="Sidebar Navigation Tests › should show podcast section links" classname="navigation/sidebar.spec.js" time="0">
<skipped>
</skipped>
</testcase>
<testcase name="Sidebar Navigation Tests › should show video section links" classname="navigation/sidebar.spec.js" time="0">
<skipped>
</skipped>
</testcase>
<testcase name="Sidebar Navigation Tests › should show radio section links" classname="navigation/sidebar.spec.js" time="0">
<skipped>
</skipped>
</testcase>
<testcase name="Sidebar Navigation Tests › should show live streaming section links" classname="navigation/sidebar.spec.js" time="0">
<skipped>
</skipped>
</testcase>
<testcase name="Sidebar Navigation Tests › should show marketplace section links" classname="navigation/sidebar.spec.js" time="0">
<skipped>
</skipped>
</testcase>
<testcase name="Sidebar Navigation Tests › should show account section links" classname="navigation/sidebar.spec.js" time="0">
<skipped>
</skipped>
</testcase>
<testcase name="Sidebar Navigation Tests › should navigate to profile pages correctly" classname="navigation/sidebar.spec.js" time="0">
<skipped>
</skipped>
</testcase>
<testcase name="Sidebar Navigation Tests › should navigate to dashboard pages correctly" classname="navigation/sidebar.spec.js" time="0">
<skipped>
</skipped>
</testcase>
<testcase name="Sidebar Navigation Tests › should navigate to marketplace correctly" classname="navigation/sidebar.spec.js" time="0">
<skipped>
</skipped>
</testcase>
<testcase name="Sidebar Navigation Tests › should show active states correctly" classname="navigation/sidebar.spec.js" time="0">
<skipped>
</skipped>
</testcase>
<testcase name="Sidebar Navigation Tests › should persist gaming section toggle state" classname="navigation/sidebar.spec.js" time="0">
<skipped>
</skipped>
</testcase>
<testcase name="Sidebar Responsive Tests › should be responsive on mobile" classname="navigation/sidebar.spec.js" time="0">
<skipped>
</skipped>
</testcase>
<testcase name="Sidebar Responsive Tests › should handle tablet viewport" classname="navigation/sidebar.spec.js" time="0">
<skipped>
</skipped>
</testcase>
<testcase name="Sidebar Performance Tests › should load sidebar quickly" classname="navigation/sidebar.spec.js" time="0">
<skipped>
</skipped>
</testcase>
<testcase name="Sidebar Performance Tests › should handle rapid section toggling" classname="navigation/sidebar.spec.js" time="0">
<skipped>
</skipped>
</testcase>
<testcase name="Sidebar Accessibility Tests › should be keyboard navigable" classname="navigation/sidebar.spec.js" time="0">
<skipped>
</skipped>
</testcase>
<testcase name="Sidebar Accessibility Tests › should have proper ARIA attributes" classname="navigation/sidebar.spec.js" time="0">
<skipped>
</skipped>
</testcase>
<testcase name="Sidebar Accessibility Tests › should handle focus management" classname="navigation/sidebar.spec.js" time="0">
<skipped>
</skipped>
</testcase>
</testsuite>
<testsuite name="specs/background.spec.js" timestamp="2025-08-29T11:18:15.959Z" hostname="firefox" tests="16" failures="0" skipped="16" time="0" errors="0">
<testcase name="Background Integration Tests › Authentication Flow › should complete user registration and login flow" classname="specs/background.spec.js" time="0">
<skipped>
</skipped>
</testcase>
<testcase name="Background Integration Tests › Music Platform Features › should navigate through music upload flow" classname="specs/background.spec.js" time="0">
<skipped>
</skipped>
</testcase>
<testcase name="Background Integration Tests › Music Platform Features › should browse and interact with music content" classname="specs/background.spec.js" time="0">
<skipped>
</skipped>
</testcase>
<testcase name="Background Integration Tests › Podcast Features › should navigate podcast creation flow" classname="specs/background.spec.js" time="0">
<skipped>
</skipped>
</testcase>
<testcase name="Background Integration Tests › Podcast Features › should browse podcast categories" classname="specs/background.spec.js" time="0">
<skipped>
</skipped>
</testcase>
<testcase name="Background Integration Tests › Video Features › should access video dashboard and upload flow" classname="specs/background.spec.js" time="0">
<skipped>
</skipped>
</testcase>
<testcase name="Background Integration Tests › Marketplace Features › should browse marketplace and add items to cart" classname="specs/background.spec.js" time="0">
<skipped>
</skipped>
</testcase>
<testcase name="Background Integration Tests › Live Streaming Features › should access live streaming interface" classname="specs/background.spec.js" time="0">
<skipped>
</skipped>
</testcase>
<testcase name="Background Integration Tests › Radio Station Features › should create and manage radio station" classname="specs/background.spec.js" time="0">
<skipped>
</skipped>
</testcase>
<testcase name="Background Integration Tests › User Profile and Settings › should update user profile settings" classname="specs/background.spec.js" time="0">
<skipped>
</skipped>
</testcase>
<testcase name="Background Integration Tests › User Profile and Settings › should navigate settings page" classname="specs/background.spec.js" time="0">
<skipped>
</skipped>
</testcase>
<testcase name="Background Integration Tests › Pricing and Subscription › should display pricing plans" classname="specs/background.spec.js" time="0">
<skipped>
</skipped>
</testcase>
<testcase name="Background Integration Tests › Search and Discovery › should perform global search" classname="specs/background.spec.js" time="0">
<skipped>
</skipped>
</testcase>
<testcase name="Background Integration Tests › Notifications › should access notifications page" classname="specs/background.spec.js" time="0">
<skipped>
</skipped>
</testcase>
<testcase name="Background Integration Tests › Error Handling › should handle 404 pages gracefully" classname="specs/background.spec.js" time="0">
<skipped>
</skipped>
</testcase>
<testcase name="Background Integration Tests › Error Handling › should handle network errors gracefully" classname="specs/background.spec.js" time="0">
<skipped>
</skipped>
</testcase>
</testsuite>
<testsuite name="streampirex-demo.spec.js" timestamp="2025-08-29T11:18:15.959Z" hostname="firefox" tests="4" failures="0" skipped="4" time="0" errors="0">
<testcase name="StreampireX Homepage Loads" classname="streampirex-demo.spec.js" time="0">
<skipped>
</skipped>
</testcase>
<testcase name="Key Features Are Visible" classname="streampirex-demo.spec.js" time="0">
<skipped>
</skipped>
</testcase>
<testcase name="Navigation Elements Present" classname="streampirex-demo.spec.js" time="0">
<skipped>
</skipped>
</testcase>
<testcase name="YC Demo Flow - Multi-Modal Platform" classname="streampirex-demo.spec.js" time="0">
<skipped>
</skipped>
</testcase>
</testsuite>
<testsuite name="api/backend.spec.js" timestamp="2025-08-29T11:18:15.959Z" hostname="webkit" tests="7" failures="0" skipped="7" time="0" errors="0">
<testcase name="Backend API Tests - Minimal › Core Functionality › should connect to backend server" classname="api/backend.spec.js" time="0">
<skipped>
</skipped>
</testcase>
<testcase name="Backend API Tests - Minimal › Core Functionality › should handle user signup" classname="api/backend.spec.js" time="0">
<skipped>
</skipped>
</testcase>
<testcase name="Backend API Tests - Minimal › Core Functionality › should handle user login" classname="api/backend.spec.js" time="0">
<skipped>
</skipped>
</testcase>
<testcase name="Backend API Tests - Minimal › Working Endpoints Only › should browse podcasts" classname="api/backend.spec.js" time="0">
<skipped>
</skipped>
</testcase>
<testcase name="Backend API Tests - Minimal › Working Endpoints Only › should get notifications with auth" classname="api/backend.spec.js" time="0">
<skipped>
</skipped>
</testcase>
<testcase name="Backend API Tests - Minimal › Basic Error Handling › should return 404 for non-existent endpoints" classname="api/backend.spec.js" time="0">
<skipped>
</skipped>
</testcase>
<testcase name="Backend API Tests - Minimal › Basic Error Handling › should handle incomplete signup data" classname="api/backend.spec.js" time="0">
<skipped>
</skipped>
</testcase>
</testsuite>
<testsuite name="auth/login.spec.js" timestamp="2025-08-29T11:18:15.959Z" hostname="webkit" tests="10" failures="0" skipped="10" time="0" errors="0">
<testcase name="Authentication Tests › should display login page correctly" classname="auth/login.spec.js" time="0">
<skipped>
</skipped>
</testcase>
<testcase name="Authentication Tests › should show placeholders correctly" classname="auth/login.spec.js" time="0">
<skipped>
</skipped>
</testcase>
<testcase name="Authentication Tests › should have required fields" classname="auth/login.spec.js" time="0">
<skipped>
</skipped>
</testcase>
<testcase name="Authentication Tests › should fill form fields correctly" classname="auth/login.spec.js" time="0">
<skipped>
</skipped>
</testcase>
<testcase name="Authentication Tests › should navigate to signup page when clicking signup link" classname="auth/login.spec.js" time="0">
<skipped>
</skipped>
</testcase>
<testcase name="Authentication Tests › should attempt login with form submission" classname="auth/login.spec.js" time="0">
<skipped>
</skipped>
</testcase>
<testcase name="Authentication Tests › should handle login failure" classname="auth/login.spec.js" time="0">
<skipped>
</skipped>
</testcase>
<testcase name="Authentication Tests › should have autocomplete attributes" classname="auth/login.spec.js" time="0">
<skipped>
</skipped>
</testcase>
<testcase name="Authentication Tests › should be responsive on mobile" classname="auth/login.spec.js" time="0">
<skipped>
</skipped>
</testcase>
<testcase name="Login Page Performance › should load login page quickly" classname="auth/login.spec.js" time="0">
<skipped>
</skipped>
</testcase>
</testsuite>
<testsuite name="auth/signup-basic.spec.js" timestamp="2025-08-29T11:18:15.959Z" hostname="webkit" tests="7" failures="0" skipped="7" time="0" errors="0">
<testcase name="Basic Signup Form Tests › should load signup page correctly" classname="auth/signup-basic.spec.js" time="0">
<skipped>
</skipped>
</testcase>
<testcase name="Basic Signup Form Tests › should show step 1 basic information fields" classname="auth/signup-basic.spec.js" time="0">
<skipped>
</skipped>
</testcase>
<testcase name="Basic Signup Form Tests › should fill basic information fields" classname="auth/signup-basic.spec.js" time="0">
<skipped>
</skipped>
</testcase>
<testcase name="Basic Signup Form Tests › should show Next button in step 1" classname="auth/signup-basic.spec.js" time="0">
<skipped>
</skipped>
</testcase>
<testcase name="Basic Signup Form Tests › should debug step navigation by clicking Next" classname="auth/signup-basic.spec.js" time="0">
<skipped>
</skipped>
</testcase>
<testcase name="Basic Signup Form Tests › should be mobile responsive" classname="auth/signup-basic.spec.js" time="0">
<skipped>
</skipped>
</testcase>
<testcase name="Signup Page Performance › should load signup page quickly" classname="auth/signup-basic.spec.js" time="0">
<skipped>
</skipped>
</testcase>
</testsuite>
<testsuite name="auth/signup.spec.js" timestamp="2025-08-29T11:18:15.959Z" hostname="webkit" tests="14" failures="0" skipped="14" time="0" errors="0">
<testcase name="Signup Form Tests › should display signup form correctly" classname="auth/signup.spec.js" time="0">
<skipped>
</skipped>
</testcase>
<testcase name="Signup Form Tests › should show Step 1: Basic Information fields" classname="auth/signup.spec.js" time="0">
<skipped>
</skipped>
</testcase>
<testcase name="Signup Form Tests › should fill basic information correctly" classname="auth/signup.spec.js" time="0">
<skipped>
</skipped>
</testcase>
<testcase name="Signup Form Tests › should show validation errors for required fields" classname="auth/signup.spec.js" time="0">
<skipped>
</skipped>
</testcase>
<testcase name="Signup Form Tests › should validate password confirmation" classname="auth/signup.spec.js" time="0">
<skipped>
</skipped>
</testcase>
<testcase name="Signup Form Tests › should validate email format" classname="auth/signup.spec.js" time="0">
<skipped>
</skipped>
</testcase>
<testcase name="Signup Form Tests › should proceed to step 2 with valid basic information" classname="auth/signup.spec.js" time="0">
<skipped>
</skipped>
</testcase>
<testcase name="Signup Form Tests › should show role selection in step 2" classname="auth/signup.spec.js" time="0">
<skipped>
</skipped>
</testcase>
<testcase name="Signup Form Tests › should show artist fields when Artist role is selected" classname="auth/signup.spec.js" time="0">
<skipped>
</skipped>
</testcase>
<testcase name="Signup Form Tests › should navigate back to previous step" classname="auth/signup.spec.js" time="0">
<skipped>
</skipped>
</testcase>
<testcase name="Signup Form Tests › should require legal agreements in final step" classname="auth/signup.spec.js" time="0">
<skipped>
</skipped>
</testcase>
<testcase name="Signup Form Tests › should handle successful signup" classname="auth/signup.spec.js" time="0">
<skipped>
</skipped>
</testcase>
<testcase name="Signup Form Tests › should be mobile responsive" classname="auth/signup.spec.js" time="0">
<skipped>
</skipped>
</testcase>
<testcase name="Signup Page Performance › should load signup page quickly" classname="auth/signup.spec.js" time="0">
<skipped>
</skipped>
</testcase>
</testsuite>
<testsuite name="complete-yc-demo.spec.js" timestamp="2025-08-29T11:18:15.959Z" hostname="webkit" tests="2" failures="0" skipped="2" time="0" errors="0">
<testcase name="Complete YC Demo - All 4 Core Features" classname="complete-yc-demo.spec.js" time="0">
<skipped>
</skipped>
</testcase>
<testcase name="Radio Station Feature Check" classname="complete-yc-demo.spec.js" time="0">
<skipped>
</skipped>
</testcase>
</testsuite>
<testsuite name="debug/debug-navigation.spec.js" timestamp="2025-08-29T11:18:15.959Z" hostname="webkit" tests="1" failures="0" skipped="1" time="0" errors="0">
<testcase name="Debug Navigation Issues › debug page loading and routing" classname="debug/debug-navigation.spec.js" time="0">
<skipped>
</skipped>
</testcase>
</testsuite>
<testsuite name="end-to-end/complete-flows.spec.js" timestamp="2025-08-29T11:18:15.959Z" hostname="webkit" tests="6" failures="0" skipped="6" time="0" errors="0">
<testcase name="Complete User Flows - End to End › complete artist onboarding and content upload flow" classname="end-to-end/complete-flows.spec.js" time="0">
<skipped>
</skipped>
</testcase>
<testcase name="Complete User Flows - End to End › gamer community engagement flow" classname="end-to-end/complete-flows.spec.js" time="0">
<skipped>
</skipped>
</testcase>
<testcase name="Complete User Flows - End to End › content creator monetization flow" classname="end-to-end/complete-flows.spec.js" time="0">
<skipped>
</skipped>
</testcase>
<testcase name="Complete User Flows - End to End › podcast listener discovery and engagement flow" classname="end-to-end/complete-flows.spec.js" time="0">
<skipped>
</skipped>
</testcase>
<testcase name="Complete User Flows - End to End › radio station creation and management flow" classname="end-to-end/complete-flows.spec.js" time="0">
<skipped>
</skipped>
</testcase>
<testcase name="Complete User Flows - End to End › complete marketplace seller journey" classname="end-to-end/complete-flows.spec.js" time="0">
<skipped>
</skipped>
</testcase>
</testsuite>
<testsuite name="features/basic-test.spec.js" timestamp="2025-08-29T11:18:15.959Z" hostname="webkit" tests="3" failures="0" skipped="3" time="0" errors="0">
<testcase name="Basic Setup Validation › should load homepage" classname="features/basic-test.spec.js" time="0">
<skipped>
</skipped>
</testcase>
<testcase name="Basic Setup Validation › should check which routes exist" classname="features/basic-test.spec.js" time="0">
<skipped>
</skipped>
</testcase>
<testcase name="Basic Setup Validation › should check podcast-create page elements" classname="features/basic-test.spec.js" time="0">
<skipped>
</skipped>
</testcase>
</testsuite>
<testsuite name="features/content-creation.spec.js" timestamp="2025-08-29T11:18:15.959Z" hostname="webkit" tests="28" failures="0" skipped="28" time="0" errors="0">
<testcase name="Content Creation Features › Podcast Creation and Management › should create new podcast" classname="features/content-creation.spec.js" time="0">
<skipped>
</skipped>
</testcase>
<testcase name="Content Creation Features › Podcast Creation and Management › should upload podcast episode" classname="features/content-creation.spec.js" time="0">
<skipped>
</skipped>
</testcase>
<testcase name="Content Creation Features › Podcast Creation and Management › should schedule episode for future release" classname="features/content-creation.spec.js" time="0">
<skipped>
</skipped>
</testcase>
<testcase name="Content Creation Features › Podcast Creation and Management › should add episode transcript" classname="features/content-creation.spec.js" time="0">
<skipped>
</skipped>
</testcase>
<testcase name="Content Creation Features › Podcast Creation and Management › should manage podcast monetization" classname="features/content-creation.spec.js" time="0">
<skipped>
</skipped>
</testcase>
<testcase name="Content Creation Features › Music Upload and Management › should upload single track" classname="features/content-creation.spec.js" time="0">
<skipped>
</skipped>
</testcase>
<testcase name="Content Creation Features › Music Upload and Management › should create album and add tracks" classname="features/content-creation.spec.js" time="0">
<skipped>
</skipped>
</testcase>
<testcase name="Content Creation Features › Music Upload and Management › should upload lyrics for tracks" classname="features/content-creation.spec.js" time="0">
<skipped>
</skipped>
</testcase>
<testcase name="Content Creation Features › Music Upload and Management › should manage music distribution" classname="features/content-creation.spec.js" time="0">
<skipped>
</skipped>
</testcase>
<testcase name="Content Creation Features › Video Content Creation › should upload video content" classname="features/content-creation.spec.js" time="0">
<skipped>
</skipped>
</testcase>
<testcase name="Content Creation Features › Video Content Creation › should create video playlist" classname="features/content-creation.spec.js" time="0">
<skipped>
</skipped>
</testcase>
<testcase name="Content Creation Features › Video Content Creation › should manage video channel settings" classname="features/content-creation.spec.js" time="0">
<skipped>
</skipped>
</testcase>
<testcase name="Content Creation Features › Radio Station Creation › should create radio station" classname="features/content-creation.spec.js" time="0">
<skipped>
</skipped>
</testcase>
<testcase name="Content Creation Features › Radio Station Creation › should upload station mix and manage playlist" classname="features/content-creation.spec.js" time="0">
<skipped>
</skipped>
</testcase>
<testcase name="Content Creation Features › Radio Station Creation › should configure live streaming" classname="features/content-creation.spec.js" time="0">
<skipped>
</skipped>
</testcase>
<testcase name="Content Creation Features › Content Drafts and Scheduling › should save content as draft" classname="features/content-creation.spec.js" time="0">
<skipped>
</skipped>
</testcase>
<testcase name="Content Creation Features › Content Drafts and Scheduling › should schedule content for publication" classname="features/content-creation.spec.js" time="0">
<skipped>
</skipped>
</testcase>
<testcase name="Content Creation Features › Content Drafts and Scheduling › should edit existing content" classname="features/content-creation.spec.js" time="0">
<skipped>
</skipped>
</testcase>
<testcase name="Content Creation Features › Content Analytics and Performance › should view content analytics" classname="features/content-creation.spec.js" time="0">
<skipped>
</skipped>
</testcase>
<testcase name="Content Creation Features › Content Analytics and Performance › should track content engagement" classname="features/content-creation.spec.js" time="0">
<skipped>
</skipped>
</testcase>
<testcase name="Content Creation Features › Content Collaboration › should invite collaborators" classname="features/content-creation.spec.js" time="0">
<skipped>
</skipped>
</testcase>
<testcase name="Content Creation Features › Content Collaboration › should manage collaboration permissions" classname="features/content-creation.spec.js" time="0">
<skipped>
</skipped>
</testcase>
<testcase name="Content Creation Features › Content Validation and Quality Control › should validate audio file formats and quality" classname="features/content-creation.spec.js" time="0">
<skipped>
</skipped>
</testcase>
<testcase name="Content Creation Features › Content Validation and Quality Control › should enforce content guidelines" classname="features/content-creation.spec.js" time="0">
<skipped>
</skipped>
</testcase>
<testcase name="Content Creation Features › Content Validation and Quality Control › should check for copyright compliance" classname="features/content-creation.spec.js" time="0">
<skipped>
</skipped>
</testcase>
<testcase name="Content Creation Features › Content Organization and Management › should organize content into collections" classname="features/content-creation.spec.js" time="0">
<skipped>
</skipped>
</testcase>
<testcase name="Content Creation Features › Content Organization and Management › should manage content tags and categories" classname="features/content-creation.spec.js" time="0">
<skipped>
</skipped>
</testcase>
<testcase name="Content Creation Features › Content Organization and Management › should bulk manage content" classname="features/content-creation.spec.js" time="0">
<skipped>
</skipped>
</testcase>
</testsuite>
<testsuite name="features/dashboards.spec.js" timestamp="2025-08-29T11:18:15.959Z" hostname="webkit" tests="47" failures="0" skipped="47" time="0" errors="0">
<testcase name="Dashboard Features › Creator Dashboard › should display creator dashboard overview" classname="features/dashboards.spec.js" time="0">
<skipped>
</skipped>
</testcase>
<testcase name="Dashboard Features › Creator Dashboard › should display content performance analytics" classname="features/dashboards.spec.js" time="0">
<skipped>
</skipped>
</testcase>
<testcase name="Dashboard Features › Creator Dashboard › should show recent activity feed" classname="features/dashboards.spec.js" time="0">
<skipped>
</skipped>
</testcase>
<testcase name="Dashboard Features › Creator Dashboard › should provide quick action buttons" classname="features/dashboards.spec.js" time="0">
<skipped>
</skipped>
</testcase>
<testcase name="Dashboard Features › Creator Dashboard › should display revenue breakdown" classname="features/dashboards.spec.js" time="0">
<skipped>
</skipped>
</testcase>
<testcase name="Dashboard Features › Creator Dashboard › should show content library overview" classname="features/dashboards.spec.js" time="0">
<skipped>
</skipped>
</testcase>
<testcase name="Dashboard Features › Artist Dashboard › should display artist dashboard overview" classname="features/dashboards.spec.js" time="0">
<skipped>
</skipped>
</testcase>
<testcase name="Dashboard Features › Artist Dashboard › should show music distribution analytics" classname="features/dashboards.spec.js" time="0">
<skipped>
</skipped>
</testcase>
<testcase name="Dashboard Features › Artist Dashboard › should display top performing tracks" classname="features/dashboards.spec.js" time="0">
<skipped>
</skipped>
</testcase>
<testcase name="Dashboard Features › Artist Dashboard › should show geographical insights" classname="features/dashboards.spec.js" time="0">
<skipped>
</skipped>
</testcase>
<testcase name="Dashboard Features › Artist Dashboard › should display royalty earnings" classname="features/dashboards.spec.js" time="0">
<skipped>
</skipped>
</testcase>
<testcase name="Dashboard Features › Artist Dashboard › should show release calendar" classname="features/dashboards.spec.js" time="0">
<skipped>
</skipped>
</testcase>
<testcase name="Dashboard Features › Podcast Dashboard › should display podcast dashboard overview" classname="features/dashboards.spec.js" time="0">
<skipped>
</skipped>
</testcase>
<testcase name="Dashboard Features › Podcast Dashboard › should show podcast performance metrics" classname="features/dashboards.spec.js" time="0">
<skipped>
</skipped>
</testcase>
<testcase name="Dashboard Features › Podcast Dashboard › should manage podcast episodes" classname="features/dashboards.spec.js" time="0">
<skipped>
</skipped>
</testcase>
<testcase name="Dashboard Features › Podcast Dashboard › should display audience demographics" classname="features/dashboards.spec.js" time="0">
<skipped>
</skipped>
</testcase>
<testcase name="Dashboard Features › Podcast Dashboard › should show monetization overview" classname="features/dashboards.spec.js" time="0">
<skipped>
</skipped>
</testcase>
<testcase name="Dashboard Features › Radio Dashboard › should display radio dashboard overview" classname="features/dashboards.spec.js" time="0">
<skipped>
</skipped>
</testcase>
<testcase name="Dashboard Features › Radio Dashboard › should show live streaming controls" classname="features/dashboards.spec.js" time="0">
<skipped>
</skipped>
</testcase>
<testcase name="Dashboard Features › Radio Dashboard › should display real-time listener metrics" classname="features/dashboards.spec.js" time="0">
<skipped>
</skipped>
</testcase>
<testcase name="Dashboard Features › Radio Dashboard › should manage playlist and rotation" classname="features/dashboards.spec.js" time="0">
<skipped>
</skipped>
</testcase>
<testcase name="Dashboard Features › Radio Dashboard › should show station analytics" classname="features/dashboards.spec.js" time="0">
<skipped>
</skipped>
</testcase>
<testcase name="Dashboard Features › Video Dashboard › should display video dashboard overview" classname="features/dashboards.spec.js" time="0">
<skipped>
</skipped>
</testcase>
<testcase name="Dashboard Features › Video Dashboard › should show video performance analytics" classname="features/dashboards.spec.js" time="0">
<skipped>
</skipped>
</testcase>
<testcase name="Dashboard Features › Video Dashboard › should manage video library" classname="features/dashboards.spec.js" time="0">
<skipped>
</skipped>
</testcase>
<testcase name="Dashboard Features › Video Dashboard › should display audience retention analytics" classname="features/dashboards.spec.js" time="0">
<skipped>
</skipped>
</testcase>
<testcase name="Dashboard Features › Video Dashboard › should show channel growth metrics" classname="features/dashboards.spec.js" time="0">
<skipped>
</skipped>
</testcase>
<testcase name="Dashboard Features › Sales Dashboard › should display sales dashboard overview" classname="features/dashboards.spec.js" time="0">
<skipped>
</skipped>
</testcase>
<testcase name="Dashboard Features › Sales Dashboard › should show revenue analytics" classname="features/dashboards.spec.js" time="0">
<skipped>
</skipped>
</testcase>
<testcase name="Dashboard Features › Sales Dashboard › should display product performance" classname="features/dashboards.spec.js" time="0">
<skipped>
</skipped>
</testcase>
<testcase name="Dashboard Features › Sales Dashboard › should manage orders and fulfillment" classname="features/dashboards.spec.js" time="0">
<skipped>
</skipped>
</testcase>
<testcase name="Dashboard Features › Sales Dashboard › should show customer analytics" classname="features/dashboards.spec.js" time="0">
<skipped>
</skipped>
</testcase>
<testcase name="Dashboard Features › Sales Dashboard › should manage payout requests" classname="features/dashboards.spec.js" time="0">
<skipped>
</skipped>
</testcase>
<testcase name="Dashboard Features › Label Dashboard › should display label dashboard overview" classname="features/dashboards.spec.js" time="0">
<skipped>
</skipped>
</testcase>
<testcase name="Dashboard Features › Label Dashboard › should manage artist roster" classname="features/dashboards.spec.js" time="0">
<skipped>
</skipped>
</testcase>
<testcase name="Dashboard Features › Label Dashboard › should show release planning" classname="features/dashboards.spec.js" time="0">
<skipped>
</skipped>
</testcase>
<testcase name="Dashboard Features › Label Dashboard › should display label analytics" classname="features/dashboards.spec.js" time="0">
<skipped>
</skipped>
</testcase>
<testcase name="Dashboard Features › Label Dashboard › should manage contracts and agreements" classname="features/dashboards.spec.js" time="0">
<skipped>
</skipped>
</testcase>
<testcase name="Dashboard Features › Dashboard Navigation and Integration › should navigate between different dashboards" classname="features/dashboards.spec.js" time="0">
<skipped>
</skipped>
</testcase>
<testcase name="Dashboard Features › Dashboard Navigation and Integration › should maintain consistent UI elements across dashboards" classname="features/dashboards.spec.js" time="0">
<skipped>
</skipped>
</testcase>
<testcase name="Dashboard Features › Dashboard Navigation and Integration › should display real-time updates" classname="features/dashboards.spec.js" time="0">
<skipped>
</skipped>
</testcase>
<testcase name="Dashboard Features › Dashboard Navigation and Integration › should handle dashboard permissions correctly" classname="features/dashboards.spec.js" time="0">
<skipped>
</skipped>
</testcase>
<testcase name="Dashboard Features › Dashboard Navigation and Integration › should export dashboard data" classname="features/dashboards.spec.js" time="0">
<skipped>
</skipped>
</testcase>
<testcase name="Dashboard Features › Dashboard Navigation and Integration › should customize dashboard layout" classname="features/dashboards.spec.js" time="0">
<skipped>
</skipped>
</testcase>
<testcase name="Dashboard Features › Dashboard Performance and Responsiveness › should load dashboards quickly" classname="features/dashboards.spec.js" time="0">
<skipped>
</skipped>
</testcase>
<testcase name="Dashboard Features › Dashboard Performance and Responsiveness › should work on mobile devices" classname="features/dashboards.spec.js" time="0">
<skipped>
</skipped>
</testcase>
<testcase name="Dashboard Features › Dashboard Performance and Responsiveness › should handle large datasets efficiently" classname="features/dashboards.spec.js" time="0">
<skipped>
</skipped>
</testcase>
</testsuite>
<testsuite name="features/debug-page.spec.js" timestamp="2025-08-29T11:18:15.959Z" hostname="webkit" tests="1" failures="0" skipped="1" time="0" errors="0">
<testcase name="debug podcast-create page content" classname="features/debug-page.spec.js" time="0">
<skipped>
</skipped>
</testcase>
</testsuite>
<testsuite name="features/gaming.spec.js" timestamp="2025-08-29T11:18:15.959Z" hostname="webkit" tests="18" failures="0" skipped="18" time="0" errors="0">
<testcase name="StreamPireX Gaming Features › Authentication for Gaming Features › should allow user to sign up with gaming preferences" classname="features/gaming.spec.js" time="0">
<skipped>
</skipped>
</testcase>
<testcase name="StreamPireX Gaming Features › Authentication for Gaming Features › should login and access gaming features" classname="features/gaming.spec.js" time="0">
<skipped>
</skipped>
</testcase>
<testcase name="StreamPireX Gaming Features › Gamer Profile Management › should create and update gamer profile" classname="features/gaming.spec.js" time="0">
<skipped>
</skipped>
</testcase>
<testcase name="StreamPireX Gaming Features › Gamer Profile Management › should display gamer profile correctly" classname="features/gaming.spec.js" time="0">
<skipped>
</skipped>
</testcase>
<testcase name="StreamPireX Gaming Features › Squad Finder Feature › should access squad finder page" classname="features/gaming.spec.js" time="0">
<skipped>
</skipped>
</testcase>
<testcase name="StreamPireX Gaming Features › Squad Finder Feature › should search for squad members" classname="features/gaming.spec.js" time="0">
<skipped>
</skipped>
</testcase>
<testcase name="StreamPireX Gaming Features › Squad Finder Feature › should create squad listing" classname="features/gaming.spec.js" time="0">
<skipped>
</skipped>
</testcase>
<testcase name="StreamPireX Gaming Features › Team Rooms Feature › should create team room" classname="features/gaming.spec.js" time="0">
<skipped>
</skipped>
</testcase>
<testcase name="StreamPireX Gaming Features › Team Rooms Feature › should join team room" classname="features/gaming.spec.js" time="0">
<skipped>
</skipped>
</testcase>
<testcase name="StreamPireX Gaming Features › Gaming Analytics › should display gaming analytics dashboard" classname="features/gaming.spec.js" time="0">
<skipped>
</skipped>
</testcase>
<testcase name="StreamPireX Gaming Features › Gaming Analytics › should fetch gaming analytics data" classname="features/gaming.spec.js" time="0">
<skipped>
</skipped>
</testcase>
<testcase name="StreamPireX Gaming Features › Video Chat Integration › should display video chat options in gamer profile" classname="features/gaming.spec.js" time="0">
<skipped>
</skipped>
</testcase>
<testcase name="StreamPireX Gaming Features › Video Chat Integration › should test WebRTC capabilities detection" classname="features/gaming.spec.js" time="0">
<skipped>
</skipped>
</testcase>
<testcase name="StreamPireX Gaming Features › Gaming Features API Integration › should handle gaming API endpoints" classname="features/gaming.spec.js" time="0">
<skipped>
</skipped>
</testcase>
<testcase name="StreamPireX Gaming Features › Gaming Features API Integration › should handle team room creation API" classname="features/gaming.spec.js" time="0">
<skipped>
</skipped>
</testcase>
<testcase name="StreamPireX Gaming Features › Gaming Features Pricing Integration › should display gaming features in pricing plans" classname="features/gaming.spec.js" time="0">
<skipped>
</skipped>
</testcase>
<testcase name="StreamPireX Gaming Features › Error Handling and Edge Cases › should handle network errors gracefully" classname="features/gaming.spec.js" time="0">
<skipped>
</skipped>
</testcase>
<testcase name="StreamPireX Gaming Features › Error Handling and Edge Cases › should handle missing gaming features gracefully" classname="features/gaming.spec.js" time="0">
<skipped>
</skipped>
</testcase>
</testsuite>
<testsuite name="features/marketplace.spec.js" timestamp="2025-08-29T11:18:15.959Z" hostname="webkit" tests="14" failures="0" skipped="14" time="0" errors="0">
<testcase name="Marketplace Tests › should load marketplace page successfully" classname="features/marketplace.spec.js" time="0">
<skipped>
</skipped>
</testcase>
<testcase name="Marketplace Tests › should display products correctly" classname="features/marketplace.spec.js" time="0">
<skipped>
</skipped>
</testcase>
<testcase name="Marketplace Tests › should search for products" classname="features/marketplace.spec.js" time="0">
<skipped>
</skipped>
</testcase>
<testcase name="Marketplace Tests › should filter products by category" classname="features/marketplace.spec.js" time="0">
<skipped>
</skipped>
</testcase>
<testcase name="Marketplace Tests › should add product to cart (requires authentication)" classname="features/marketplace.spec.js" time="0">
<skipped>
</skipped>
</testcase>
<testcase name="Marketplace Tests › should view product details" classname="features/marketplace.spec.js" time="0">
<skipped>
</skipped>
</testcase>
<testcase name="Marketplace Tests › should navigate to shopping cart" classname="features/marketplace.spec.js" time="0">
<skipped>
</skipped>
</testcase>
<testcase name="Marketplace Tests › should complete checkout process (authenticated user)" classname="features/marketplace.spec.js" time="0">
<skipped>
</skipped>
</testcase>
<testcase name="Marketplace Performance Tests › marketplace page should load within 5 seconds" classname="features/marketplace.spec.js" time="0">
<skipped>
</skipped>
</testcase>
<testcase name="Marketplace Performance Tests › product search should respond quickly" classname="features/marketplace.spec.js" time="0">
<skipped>
</skipped>
</testcase>
<testcase name="Marketplace Mobile Tests › should be mobile responsive" classname="features/marketplace.spec.js" time="0">
<skipped>
</skipped>
</testcase>
<testcase name="Marketplace Mobile Tests › mobile product cards should be touchable" classname="features/marketplace.spec.js" time="0">
<skipped>
</skipped>
</testcase>
<testcase name="Marketplace Error Handling › should handle network errors gracefully" classname="features/marketplace.spec.js" time="0">
<skipped>
</skipped>
</testcase>
<testcase name="Marketplace Error Handling › should handle empty marketplace state" classname="features/marketplace.spec.js" time="0">
<skipped>
</skipped>
</testcase>
</testsuite>
<testsuite name="features/music-distribution.spec.js" timestamp="2025-08-29T11:18:15.959Z" hostname="webkit" tests="13" failures="0" skipped="13" time="0" errors="0">
<testcase name="Music Distribution Features › should access music distribution page" classname="features/music-distribution.spec.js" time="0">
<skipped>
</skipped>
</testcase>
<testcase name="Music Distribution Features › should display distribution platforms" classname="features/music-distribution.spec.js" time="0">
<skipped>
</skipped>
</testcase>
<testcase name="Music Distribution Features › should create new release" classname="features/music-distribution.spec.js" time="0">
<skipped>
</skipped>
</testcase>
<testcase name="Music Distribution Features › should upload track to release" classname="features/music-distribution.spec.js" time="0">
<skipped>
</skipped>
</testcase>
<testcase name="Music Distribution Features › should upload lyrics for track" classname="features/music-distribution.spec.js" time="0">
<skipped>
</skipped>
</testcase>
<testcase name="Music Distribution Features › should manage collaborator splits" classname="features/music-distribution.spec.js" time="0">
<skipped>
</skipped>
</testcase>
<testcase name="Music Distribution Features › should view release list" classname="features/music-distribution.spec.js" time="0">
<skipped>
</skipped>
</testcase>
<testcase name="Music Distribution Features › should track distribution status" classname="features/music-distribution.spec.js" time="0">
<skipped>
</skipped>
</testcase>
<testcase name="Music Distribution Features › should generate ISRC codes" classname="features/music-distribution.spec.js" time="0">
<skipped>
</skipped>
</testcase>
<testcase name="Music Distribution Features › should set release pricing" classname="features/music-distribution.spec.js" time="0">
<skipped>
</skipped>
</testcase>
<testcase name="Music Distribution Features › should schedule release date" classname="features/music-distribution.spec.js" time="0">
<skipped>
</skipped>
</testcase>
<testcase name="Music Distribution Features › should handle distribution errors" classname="features/music-distribution.spec.js" time="0">
<skipped>
</skipped>
</testcase>
<testcase name="Music Distribution Features › should export distribution analytics" classname="features/music-distribution.spec.js" time="0">
<skipped>
</skipped>
</testcase>
</testsuite>
<testsuite name="features/podcasts.spec.js" timestamp="2025-08-29T11:18:15.959Z" hostname="webkit" tests="19" failures="0" skipped="19" time="0" errors="0">
<testcase name="Podcast Features › should browse podcast categories" classname="features/podcasts.spec.js" time="0">
<skipped>
</skipped>
</testcase>
<testcase name="Podcast Features › should navigate to category page" classname="features/podcasts.spec.js" time="0">
<skipped>
</skipped>
</testcase>
<testcase name="Podcast Features › should view podcast details" classname="features/podcasts.spec.js" time="0">
<skipped>
</skipped>
</testcase>
<testcase name="Podcast Features › should play podcast episode" classname="features/podcasts.spec.js" time="0">
<skipped>
</skipped>
</testcase>
<testcase name="Podcast Features › should control audio playback" classname="features/podcasts.spec.js" time="0">
<skipped>
</skipped>
</testcase>
<testcase name="Podcast Features › should create new podcast" classname="features/podcasts.spec.js" time="0">
<skipped>
</skipped>
</testcase>
<testcase name="Podcast Features › should upload podcast episode" classname="features/podcasts.spec.js" time="0">
<skipped>
</skipped>
</testcase>
<testcase name="Podcast Features › should manage podcast dashboard" classname="features/podcasts.spec.js" time="0">
<skipped>
</skipped>
</testcase>
<testcase name="Podcast Features › should edit existing podcast" classname="features/podcasts.spec.js" time="0">
<skipped>
</skipped>
</testcase>
<testcase name="Podcast Features › should manage episode scheduling" classname="features/podcasts.spec.js" time="0">
<skipped>
</skipped>
</testcase>
<testcase name="Podcast Features › should view podcast analytics" classname="features/podcasts.spec.js" time="0">
<skipped>
</skipped>
</testcase>
<testcase name="Podcast Features › should manage podcast RSS feed" classname="features/podcasts.spec.js" time="0">
<skipped>
</skipped>
</testcase>
<testcase name="Podcast Features › should handle podcast monetization" classname="features/podcasts.spec.js" time="0">
<skipped>
</skipped>
</testcase>
<testcase name="Podcast Features › should manage episode transcripts" classname="features/podcasts.spec.js" time="0">
<skipped>
</skipped>
</testcase>
<testcase name="Podcast Features › should handle podcast sharing and social media" classname="features/podcasts.spec.js" time="0">
<skipped>
</skipped>
</testcase>
<testcase name="Podcast Features › should support podcast search and filtering" classname="features/podcasts.spec.js" time="0">
<skipped>
</skipped>
</testcase>
<testcase name="Podcast Features › should handle podcast subscriptions" classname="features/podcasts.spec.js" time="0">
<skipped>
</skipped>
</testcase>
<testcase name="Podcast Features › should handle podcast comments and reviews" classname="features/podcasts.spec.js" time="0">
<skipped>
</skipped>
</testcase>
<testcase name="Podcast Features › should support podcast playlists" classname="features/podcasts.spec.js" time="0">
<skipped>
</skipped>
</testcase>
</testsuite>
<testsuite name="features/radio-streaming.spec.js" timestamp="2025-08-29T11:18:15.959Z" hostname="webkit" tests="13" failures="0" skipped="13" time="0" errors="0">
<testcase name="Radio Streaming &amp; Broadcasting Features › should configure stream settings" classname="features/radio-streaming.spec.js" time="0">
<skipped>
</skipped>
</testcase>
<testcase name="Radio Streaming &amp; Broadcasting Features › should handle live streaming with OBS" classname="features/radio-streaming.spec.js" time="0">
<skipped>
</skipped>
</testcase>
<testcase name="Radio Streaming &amp; Broadcasting Features › should manage automated playlists" classname="features/radio-streaming.spec.js" time="0">
<skipped>
</skipped>
</testcase>
<testcase name="Radio Streaming &amp; Broadcasting Features › should handle crossfading and transitions" classname="features/radio-streaming.spec.js" time="0">
<skipped>
</skipped>
</testcase>
<testcase name="Radio Streaming &amp; Broadcasting Features › should manage DJ mode and live mixing" classname="features/radio-streaming.spec.js" time="0">
<skipped>
</skipped>
</testcase>
<testcase name="Radio Streaming &amp; Broadcasting Features › should handle listener interactions" classname="features/radio-streaming.spec.js" time="0">
<skipped>
</skipped>
</testcase>
<testcase name="Radio Streaming &amp; Broadcasting Features › should monitor stream health and analytics" classname="features/radio-streaming.spec.js" time="0">
<skipped>
</skipped>
</testcase>
<testcase name="Radio Streaming &amp; Broadcasting Features › should handle emergency broadcasting" classname="features/radio-streaming.spec.js" time="0">
<skipped>
</skipped>
</testcase>
<testcase name="Radio Streaming &amp; Broadcasting Features › should manage station scheduling" classname="features/radio-streaming.spec.js" time="0">
<skipped>
</skipped>
</testcase>
<testcase name="Radio Streaming &amp; Broadcasting Features › should handle audio processing and effects" classname="features/radio-streaming.spec.js" time="0">
<skipped>
</skipped>
</testcase>
<testcase name="Radio Streaming &amp; Broadcasting Features › should manage station metadata and RDS" classname="features/radio-streaming.spec.js" time="0">
<skipped>
</skipped>
</testcase>
<testcase name="Radio Streaming &amp; Broadcasting Features › should handle stream recording and archiving" classname="features/radio-streaming.spec.js" time="0">
<skipped>
</skipped>
</testcase>
<testcase name="Radio Streaming &amp; Broadcasting Features › should manage multi-bitrate streaming" classname="features/radio-streaming.spec.js" time="0">
<skipped>
</skipped>
</testcase>
</testsuite>
<testsuite name="features/radio.spec.js" timestamp="2025-08-29T11:18:15.959Z" hostname="webkit" tests="15" failures="0" skipped="15" time="0" errors="0">
<testcase name="Radio Station Features › should browse radio stations" classname="features/radio.spec.js" time="0">
<skipped>
</skipped>
</testcase>
<testcase name="Radio Station Features › should filter stations by genre" classname="features/radio.spec.js" time="0">
<skipped>
</skipped>
</testcase>
<testcase name="Radio Station Features › should play radio station" classname="features/radio.spec.js" time="0">
<skipped>
</skipped>
</testcase>
<testcase name="Radio Station Features › should access radio station dashboard" classname="features/radio.spec.js" time="0">
<skipped>
</skipped>
</testcase>
<testcase name="Radio Station Features › should create new radio station" classname="features/radio.spec.js" time="0">
<skipped>
</skipped>
</testcase>
<testcase name="Radio Station Features › should upload station mix" classname="features/radio.spec.js" time="0">
<skipped>
</skipped>
</testcase>
<testcase name="Radio Station Features › should manage radio playlist" classname="features/radio.spec.js" time="0">
<skipped>
</skipped>
</testcase>
<testcase name="Radio Station Features › should start and stop broadcasting" classname="features/radio.spec.js" time="0">
<skipped>
</skipped>
</testcase>
<testcase name="Radio Station Features › should display listener statistics" classname="features/radio.spec.js" time="0">
<skipped>
</skipped>
</testcase>
<testcase name="Radio Station Features › should configure station settings" classname="features/radio.spec.js" time="0">
<skipped>
</skipped>
</testcase>
<testcase name="Radio Station Features › should handle song submissions" classname="features/radio.spec.js" time="0">
<skipped>
</skipped>
</testcase>
<testcase name="Radio Station Features › should schedule programming" classname="features/radio.spec.js" time="0">
<skipped>
</skipped>
</testcase>
<testcase name="Radio Station Features › should display now playing information" classname="features/radio.spec.js" time="0">
<skipped>
</skipped>
</testcase>
<testcase name="Radio Station Features › should handle audio quality selection" classname="features/radio.spec.js" time="0">
<skipped>
</skipped>
</testcase>
<testcase name="Radio Station Features › should support station favorites" classname="features/radio.spec.js" time="0">
<skipped>
</skipped>
</testcase>
</testsuite>
<testsuite name="navigation/navbar.spec.js" timestamp="2025-08-29T11:18:15.959Z" hostname="webkit" tests="20" failures="0" skipped="20" time="0" errors="0">
<testcase name="Navbar Navigation Tests › should display all navbar links correctly" classname="navigation/navbar.spec.js" time="0">
<skipped>
</skipped>
</testcase>
<testcase name="Navbar Navigation Tests › should navigate to pricing plans" classname="navigation/navbar.spec.js" time="0">
<skipped>
</skipped>
</testcase>
<testcase name="Navbar Navigation Tests › should navigate to home page via logo" classname="navigation/navbar.spec.js" time="0">
<skipped>
</skipped>
</testcase>
<testcase name="Navbar Navigation Tests › should navigate to podcasts page" classname="navigation/navbar.spec.js" time="0">
<skipped>
</skipped>
</testcase>
<testcase name="Navbar Navigation Tests › should navigate to videos page" classname="navigation/navbar.spec.js" time="0">
<skipped>
</skipped>
</testcase>
<testcase name="Navbar Navigation Tests › should navigate to radio page" classname="navigation/navbar.spec.js" time="0">
<skipped>
</skipped>
</testcase>
<testcase name="Navbar Navigation Tests › should navigate to live streams page" classname="navigation/navbar.spec.js" time="0">
<skipped>
</skipped>
</testcase>
<testcase name="Navbar Navigation Tests › should navigate to login page" classname="navigation/navbar.spec.js" time="0">
<skipped>
</skipped>
</testcase>
<testcase name="Navbar Navigation Tests › should navigate to signup page" classname="navigation/navbar.spec.js" time="0">
<skipped>
</skipped>
</testcase>
<testcase name="Navbar Navigation Tests › should show active state for current page" classname="navigation/navbar.spec.js" time="0">
<skipped>
</skipped>
</testcase>
<testcase name="Navbar Navigation Tests › should be responsive on mobile" classname="navigation/navbar.spec.js" time="0">
<skipped>
</skipped>
</testcase>
<testcase name="Navbar Navigation Tests › should close mobile menu when link is clicked" classname="navigation/navbar.spec.js" time="0">
<skipped>
</skipped>
</testcase>
<testcase name="Navbar Navigation Tests › should handle navbar sticky positioning" classname="navigation/navbar.spec.js" time="0">
<skipped>
</skipped>
</testcase>
<testcase name="Navbar User Authentication States › should show user menu when logged in" classname="navigation/navbar.spec.js" time="0">
<skipped>
</skipped>
</testcase>
<testcase name="Navbar User Authentication States › should show logout functionality" classname="navigation/navbar.spec.js" time="0">
<skipped>
</skipped>
</testcase>
<testcase name="Navbar Performance Tests › should load navbar quickly" classname="navigation/navbar.spec.js" time="0">
<skipped>
</skipped>
</testcase>
<testcase name="Navbar Performance Tests › should handle rapid navigation clicks" classname="navigation/navbar.spec.js" time="0">
<skipped>
</skipped>
</testcase>
<testcase name="Navbar Accessibility Tests › should be keyboard navigable" classname="navigation/navbar.spec.js" time="0">
<skipped>
</skipped>
</testcase>
<testcase name="Navbar Accessibility Tests › should have proper ARIA attributes" classname="navigation/navbar.spec.js" time="0">
<skipped>
</skipped>
</testcase>
<testcase name="Debug Tests › debug logout selector" classname="navigation/navbar.spec.js" time="0">
<properties>
<property name="skip" value="">
</property>
</properties>
<skipped>
</skipped>
</testcase>
</testsuite>
<testsuite name="navigation/sidebar.spec.js" timestamp="2025-08-29T11:18:15.959Z" hostname="webkit" tests="24" failures="0" skipped="24" time="0" errors="0">
<testcase name="Sidebar Navigation Tests › should display sidebar structure correctly" classname="navigation/sidebar.spec.js" time="0">
<skipped>
</skipped>
</testcase>
<testcase name="Sidebar Navigation Tests › should show user profile links" classname="navigation/sidebar.spec.js" time="0">
<skipped>
</skipped>
</testcase>
<testcase name="Sidebar Navigation Tests › should show dashboard links" classname="navigation/sidebar.spec.js" time="0">
<skipped>
</skipped>
</testcase>
<testcase name="Sidebar Navigation Tests › should show indie artist links" classname="navigation/sidebar.spec.js" time="0">
<skipped>
</skipped>
</testcase>
<testcase name="Sidebar Navigation Tests › should show gaming section with toggle functionality" classname="navigation/sidebar.spec.js" time="0">
<skipped>
</skipped>
</testcase>
<testcase name="Sidebar Navigation Tests › should show notification badges on gaming links" classname="navigation/sidebar.spec.js" time="0">
<skipped>
</skipped>
</testcase>
<testcase name="Sidebar Navigation Tests › should show podcast section links" classname="navigation/sidebar.spec.js" time="0">
<skipped>
</skipped>
</testcase>
<testcase name="Sidebar Navigation Tests › should show video section links" classname="navigation/sidebar.spec.js" time="0">
<skipped>
</skipped>
</testcase>
<testcase name="Sidebar Navigation Tests › should show radio section links" classname="navigation/sidebar.spec.js" time="0">
<skipped>
</skipped>
</testcase>
<testcase name="Sidebar Navigation Tests › should show live streaming section links" classname="navigation/sidebar.spec.js" time="0">
<skipped>
</skipped>
</testcase>
<testcase name="Sidebar Navigation Tests › should show marketplace section links" classname="navigation/sidebar.spec.js" time="0">
<skipped>
</skipped>
</testcase>
<testcase name="Sidebar Navigation Tests › should show account section links" classname="navigation/sidebar.spec.js" time="0">
<skipped>
</skipped>
</testcase>
<testcase name="Sidebar Navigation Tests › should navigate to profile pages correctly" classname="navigation/sidebar.spec.js" time="0">
<skipped>
</skipped>
</testcase>
<testcase name="Sidebar Navigation Tests › should navigate to dashboard pages correctly" classname="navigation/sidebar.spec.js" time="0">
<skipped>
</skipped>
</testcase>
<testcase name="Sidebar Navigation Tests › should navigate to marketplace correctly" classname="navigation/sidebar.spec.js" time="0">
<skipped>
</skipped>
</testcase>
<testcase name="Sidebar Navigation Tests › should show active states correctly" classname="navigation/sidebar.spec.js" time="0">
<skipped>
</skipped>
</testcase>
<testcase name="Sidebar Navigation Tests › should persist gaming section toggle state" classname="navigation/sidebar.spec.js" time="0">
<skipped>
</skipped>
</testcase>
<testcase name="Sidebar Responsive Tests › should be responsive on mobile" classname="navigation/sidebar.spec.js" time="0">
<skipped>
</skipped>
</testcase>
<testcase name="Sidebar Responsive Tests › should handle tablet viewport" classname="navigation/sidebar.spec.js" time="0">
<skipped>
</skipped>
</testcase>
<testcase name="Sidebar Performance Tests › should load sidebar quickly" classname="navigation/sidebar.spec.js" time="0">
<skipped>
</skipped>
</testcase>
<testcase name="Sidebar Performance Tests › should handle rapid section toggling" classname="navigation/sidebar.spec.js" time="0">
<skipped>
</skipped>
</testcase>
<testcase name="Sidebar Accessibility Tests › should be keyboard navigable" classname="navigation/sidebar.spec.js" time="0">
<skipped>
</skipped>
</testcase>
<testcase name="Sidebar Accessibility Tests › should have proper ARIA attributes" classname="navigation/sidebar.spec.js" time="0">
<skipped>
</skipped>
</testcase>
<testcase name="Sidebar Accessibility Tests › should handle focus management" classname="navigation/sidebar.spec.js" time="0">
<skipped>
</skipped>
</testcase>
</testsuite>
<testsuite name="specs/background.spec.js" timestamp="2025-08-29T11:18:15.959Z" hostname="webkit" tests="16" failures="0" skipped="16" time="0" errors="0">
<testcase name="Background Integration Tests › Authentication Flow › should complete user registration and login flow" classname="specs/background.spec.js" time="0">
<skipped>
</skipped>
</testcase>
<testcase name="Background Integration Tests › Music Platform Features › should navigate through music upload flow" classname="specs/background.spec.js" time="0">
<skipped>
</skipped>
</testcase>
<testcase name="Background Integration Tests › Music Platform Features › should browse and interact with music content" classname="specs/background.spec.js" time="0">
<skipped>
</skipped>
</testcase>
<testcase name="Background Integration Tests › Podcast Features › should navigate podcast creation flow" classname="specs/background.spec.js" time="0">
<skipped>
</skipped>
</testcase>
<testcase name="Background Integration Tests › Podcast Features › should browse podcast categories" classname="specs/background.spec.js" time="0">
<skipped>
</skipped>
</testcase>
<testcase name="Background Integration Tests › Video Features › should access video dashboard and upload flow" classname="specs/background.spec.js" time="0">
<skipped>
</skipped>
</testcase>
<testcase name="Background Integration Tests › Marketplace Features › should browse marketplace and add items to cart" classname="specs/background.spec.js" time="0">
<skipped>
</skipped>
</testcase>
<testcase name="Background Integration Tests › Live Streaming Features › should access live streaming interface" classname="specs/background.spec.js" time="0">
<skipped>
</skipped>
</testcase>
<testcase name="Background Integration Tests › Radio Station Features › should create and manage radio station" classname="specs/background.spec.js" time="0">
<skipped>
</skipped>
</testcase>
<testcase name="Background Integration Tests › User Profile and Settings › should update user profile settings" classname="specs/background.spec.js" time="0">
<skipped>
</skipped>
</testcase>
<testcase name="Background Integration Tests › User Profile and Settings › should navigate settings page" classname="specs/background.spec.js" time="0">
<skipped>
</skipped>
</testcase>
<testcase name="Background Integration Tests › Pricing and Subscription › should display pricing plans" classname="specs/background.spec.js" time="0">
<skipped>
</skipped>
</testcase>
<testcase name="Background Integration Tests › Search and Discovery › should perform global search" classname="specs/background.spec.js" time="0">
<skipped>
</skipped>
</testcase>
<testcase name="Background Integration Tests › Notifications › should access notifications page" classname="specs/background.spec.js" time="0">
<skipped>
</skipped>
</testcase>
<testcase name="Background Integration Tests › Error Handling › should handle 404 pages gracefully" classname="specs/background.spec.js" time="0">
<skipped>
</skipped>
</testcase>
<testcase name="Background Integration Tests › Error Handling › should handle network errors gracefully" classname="specs/background.spec.js" time="0">
<skipped>
</skipped>
</testcase>
</testsuite>
<testsuite name="streampirex-demo.spec.js" timestamp="2025-08-29T11:18:15.959Z" hostname="webkit" tests="4" failures="0" skipped="4" time="0" errors="0">
<testcase name="StreampireX Homepage Loads" classname="streampirex-demo.spec.js" time="0">
<skipped>
</skipped>
</testcase>
<testcase name="Key Features Are Visible" classname="streampirex-demo.spec.js" time="0">
<skipped>
</skipped>
</testcase>
<testcase name="Navigation Elements Present" classname="streampirex-demo.spec.js" time="0">
<skipped>
</skipped>
</testcase>
<testcase name="YC Demo Flow - Multi-Modal Platform" classname="streampirex-demo.spec.js" time="0">
<skipped>
</skipped>
</testcase>
</testsuite>
<testsuite name="api/backend.spec.js" timestamp="2025-08-29T11:18:15.959Z" hostname="Mobile Chrome" tests="7" failures="0" skipped="7" time="0" errors="0">
<testcase name="Backend API Tests - Minimal › Core Functionality › should connect to backend server" classname="api/backend.spec.js" time="0">
<skipped>
</skipped>
</testcase>
<testcase name="Backend API Tests - Minimal › Core Functionality › should handle user signup" classname="api/backend.spec.js" time="0">
<skipped>
</skipped>
</testcase>
<testcase name="Backend API Tests - Minimal › Core Functionality › should handle user login" classname="api/backend.spec.js" time="0">
<skipped>
</skipped>
</testcase>
<testcase name="Backend API Tests - Minimal › Working Endpoints Only › should browse podcasts" classname="api/backend.spec.js" time="0">
<skipped>
</skipped>
</testcase>
<testcase name="Backend API Tests - Minimal › Working Endpoints Only › should get notifications with auth" classname="api/backend.spec.js" time="0">
<skipped>
</skipped>
</testcase>
<testcase name="Backend API Tests - Minimal › Basic Error Handling › should return 404 for non-existent endpoints" classname="api/backend.spec.js" time="0">
<skipped>
</skipped>
</testcase>
<testcase name="Backend API Tests - Minimal › Basic Error Handling › should handle incomplete signup data" classname="api/backend.spec.js" time="0">
<skipped>
</skipped>
</testcase>
</testsuite>
<testsuite name="auth/login.spec.js" timestamp="2025-08-29T11:18:15.959Z" hostname="Mobile Chrome" tests="10" failures="0" skipped="10" time="0" errors="0">
<testcase name="Authentication Tests › should display login page correctly" classname="auth/login.spec.js" time="0">
<skipped>
</skipped>
</testcase>
<testcase name="Authentication Tests › should show placeholders correctly" classname="auth/login.spec.js" time="0">
<skipped>
</skipped>
</testcase>
<testcase name="Authentication Tests › should have required fields" classname="auth/login.spec.js" time="0">
<skipped>
</skipped>
</testcase>
<testcase name="Authentication Tests › should fill form fields correctly" classname="auth/login.spec.js" time="0">
<skipped>
</skipped>
</testcase>
<testcase name="Authentication Tests › should navigate to signup page when clicking signup link" classname="auth/login.spec.js" time="0">
<skipped>
</skipped>
</testcase>
<testcase name="Authentication Tests › should attempt login with form submission" classname="auth/login.spec.js" time="0">
<skipped>
</skipped>
</testcase>
<testcase name="Authentication Tests › should handle login failure" classname="auth/login.spec.js" time="0">
<skipped>
</skipped>
</testcase>
<testcase name="Authentication Tests › should have autocomplete attributes" classname="auth/login.spec.js" time="0">
<skipped>
</skipped>
</testcase>
<testcase name="Authentication Tests › should be responsive on mobile" classname="auth/login.spec.js" time="0">
<skipped>
</skipped>
</testcase>
<testcase name="Login Page Performance › should load login page quickly" classname="auth/login.spec.js" time="0">
<skipped>
</skipped>
</testcase>
</testsuite>
<testsuite name="auth/signup-basic.spec.js" timestamp="2025-08-29T11:18:15.959Z" hostname="Mobile Chrome" tests="7" failures="0" skipped="7" time="0" errors="0">
<testcase name="Basic Signup Form Tests › should load signup page correctly" classname="auth/signup-basic.spec.js" time="0">
<skipped>
</skipped>
</testcase>
<testcase name="Basic Signup Form Tests › should show step 1 basic information fields" classname="auth/signup-basic.spec.js" time="0">
<skipped>
</skipped>
</testcase>
<testcase name="Basic Signup Form Tests › should fill basic information fields" classname="auth/signup-basic.spec.js" time="0">
<skipped>
</skipped>
</testcase>
<testcase name="Basic Signup Form Tests › should show Next button in step 1" classname="auth/signup-basic.spec.js" time="0">
<skipped>
</skipped>
</testcase>
<testcase name="Basic Signup Form Tests › should debug step navigation by clicking Next" classname="auth/signup-basic.spec.js" time="0">
<skipped>
</skipped>
</testcase>
<testcase name="Basic Signup Form Tests › should be mobile responsive" classname="auth/signup-basic.spec.js" time="0">
<skipped>
</skipped>
</testcase>
<testcase name="Signup Page Performance › should load signup page quickly" classname="auth/signup-basic.spec.js" time="0">
<skipped>
</skipped>
</testcase>
</testsuite>
<testsuite name="auth/signup.spec.js" timestamp="2025-08-29T11:18:15.959Z" hostname="Mobile Chrome" tests="14" failures="0" skipped="14" time="0" errors="0">
<testcase name="Signup Form Tests › should display signup form correctly" classname="auth/signup.spec.js" time="0">
<skipped>
</skipped>
</testcase>
<testcase name="Signup Form Tests › should show Step 1: Basic Information fields" classname="auth/signup.spec.js" time="0">
<skipped>
</skipped>
</testcase>
<testcase name="Signup Form Tests › should fill basic information correctly" classname="auth/signup.spec.js" time="0">
<skipped>
</skipped>
</testcase>
<testcase name="Signup Form Tests › should show validation errors for required fields" classname="auth/signup.spec.js" time="0">
<skipped>
</skipped>
</testcase>
<testcase name="Signup Form Tests › should validate password confirmation" classname="auth/signup.spec.js" time="0">
<skipped>
</skipped>
</testcase>
<testcase name="Signup Form Tests › should validate email format" classname="auth/signup.spec.js" time="0">
<skipped>
</skipped>
</testcase>
<testcase name="Signup Form Tests › should proceed to step 2 with valid basic information" classname="auth/signup.spec.js" time="0">
<skipped>
</skipped>
</testcase>
<testcase name="Signup Form Tests › should show role selection in step 2" classname="auth/signup.spec.js" time="0">
<skipped>
</skipped>
</testcase>
<testcase name="Signup Form Tests › should show artist fields when Artist role is selected" classname="auth/signup.spec.js" time="0">
<skipped>
</skipped>
</testcase>
<testcase name="Signup Form Tests › should navigate back to previous step" classname="auth/signup.spec.js" time="0">
<skipped>
</skipped>
</testcase>
<testcase name="Signup Form Tests › should require legal agreements in final step" classname="auth/signup.spec.js" time="0">
<skipped>
</skipped>
</testcase>
<testcase name="Signup Form Tests › should handle successful signup" classname="auth/signup.spec.js" time="0">
<skipped>
</skipped>
</testcase>
<testcase name="Signup Form Tests › should be mobile responsive" classname="auth/signup.spec.js" time="0">
<skipped>
</skipped>
</testcase>
<testcase name="Signup Page Performance › should load signup page quickly" classname="auth/signup.spec.js" time="0">
<skipped>
</skipped>
</testcase>
</testsuite>
<testsuite name="complete-yc-demo.spec.js" timestamp="2025-08-29T11:18:15.959Z" hostname="Mobile Chrome" tests="2" failures="0" skipped="2" time="0" errors="0">
<testcase name="Complete YC Demo - All 4 Core Features" classname="complete-yc-demo.spec.js" time="0">
<skipped>
</skipped>
</testcase>
<testcase name="Radio Station Feature Check" classname="complete-yc-demo.spec.js" time="0">
<skipped>
</skipped>
</testcase>
</testsuite>
<testsuite name="debug/debug-navigation.spec.js" timestamp="2025-08-29T11:18:15.959Z" hostname="Mobile Chrome" tests="1" failures="0" skipped="1" time="0" errors="0">
<testcase name="Debug Navigation Issues › debug page loading and routing" classname="debug/debug-navigation.spec.js" time="0">
<skipped>
</skipped>
</testcase>
</testsuite>
<testsuite name="end-to-end/complete-flows.spec.js" timestamp="2025-08-29T11:18:15.959Z" hostname="Mobile Chrome" tests="6" failures="0" skipped="6" time="0" errors="0">
<testcase name="Complete User Flows - End to End › complete artist onboarding and content upload flow" classname="end-to-end/complete-flows.spec.js" time="0">
<skipped>
</skipped>
</testcase>
<testcase name="Complete User Flows - End to End › gamer community engagement flow" classname="end-to-end/complete-flows.spec.js" time="0">
<skipped>
</skipped>
</testcase>
<testcase name="Complete User Flows - End to End › content creator monetization flow" classname="end-to-end/complete-flows.spec.js" time="0">
<skipped>
</skipped>
</testcase>
<testcase name="Complete User Flows - End to End › podcast listener discovery and engagement flow" classname="end-to-end/complete-flows.spec.js" time="0">
<skipped>
</skipped>
</testcase>
<testcase name="Complete User Flows - End to End › radio station creation and management flow" classname="end-to-end/complete-flows.spec.js" time="0">
<skipped>
</skipped>
</testcase>
<testcase name="Complete User Flows - End to End › complete marketplace seller journey" classname="end-to-end/complete-flows.spec.js" time="0">
<skipped>
</skipped>
</testcase>
</testsuite>
<testsuite name="features/basic-test.spec.js" timestamp="2025-08-29T11:18:15.959Z" hostname="Mobile Chrome" tests="3" failures="0" skipped="3" time="0" errors="0">
<testcase name="Basic Setup Validation › should load homepage" classname="features/basic-test.spec.js" time="0">
<skipped>
</skipped>
</testcase>
<testcase name="Basic Setup Validation › should check which routes exist" classname="features/basic-test.spec.js" time="0">
<skipped>
</skipped>
</testcase>
<testcase name="Basic Setup Validation › should check podcast-create page elements" classname="features/basic-test.spec.js" time="0">
<skipped>
</skipped>
</testcase>
</testsuite>
<testsuite name="features/content-creation.spec.js" timestamp="2025-08-29T11:18:15.959Z" hostname="Mobile Chrome" tests="28" failures="0" skipped="28" time="0" errors="0">
<testcase name="Content Creation Features › Podcast Creation and Management › should create new podcast" classname="features/content-creation.spec.js" time="0">
<skipped>
</skipped>
</testcase>
<testcase name="Content Creation Features › Podcast Creation and Management › should upload podcast episode" classname="features/content-creation.spec.js" time="0">
<skipped>
</skipped>
</testcase>
<testcase name="Content Creation Features › Podcast Creation and Management › should schedule episode for future release" classname="features/content-creation.spec.js" time="0">
<skipped>
</skipped>
</testcase>
<testcase name="Content Creation Features › Podcast Creation and Management › should add episode transcript" classname="features/content-creation.spec.js" time="0">
<skipped>
</skipped>
</testcase>
<testcase name="Content Creation Features › Podcast Creation and Management › should manage podcast monetization" classname="features/content-creation.spec.js" time="0">
<skipped>
</skipped>
</testcase>
<testcase name="Content Creation Features › Music Upload and Management › should upload single track" classname="features/content-creation.spec.js" time="0">
<skipped>
</skipped>
</testcase>
<testcase name="Content Creation Features › Music Upload and Management › should create album and add tracks" classname="features/content-creation.spec.js" time="0">
<skipped>
</skipped>
</testcase>
<testcase name="Content Creation Features › Music Upload and Management › should upload lyrics for tracks" classname="features/content-creation.spec.js" time="0">
<skipped>
</skipped>
</testcase>
<testcase name="Content Creation Features › Music Upload and Management › should manage music distribution" classname="features/content-creation.spec.js" time="0">
<skipped>
</skipped>
</testcase>
<testcase name="Content Creation Features › Video Content Creation › should upload video content" classname="features/content-creation.spec.js" time="0">
<skipped>
</skipped>
</testcase>
<testcase name="Content Creation Features › Video Content Creation › should create video playlist" classname="features/content-creation.spec.js" time="0">
<skipped>
</skipped>
</testcase>
<testcase name="Content Creation Features › Video Content Creation › should manage video channel settings" classname="features/content-creation.spec.js" time="0">
<skipped>
</skipped>
</testcase>
<testcase name="Content Creation Features › Radio Station Creation › should create radio station" classname="features/content-creation.spec.js" time="0">
<skipped>
</skipped>
</testcase>
<testcase name="Content Creation Features › Radio Station Creation › should upload station mix and manage playlist" classname="features/content-creation.spec.js" time="0">
<skipped>
</skipped>
</testcase>
<testcase name="Content Creation Features › Radio Station Creation › should configure live streaming" classname="features/content-creation.spec.js" time="0">
<skipped>
</skipped>
</testcase>
<testcase name="Content Creation Features › Content Drafts and Scheduling › should save content as draft" classname="features/content-creation.spec.js" time="0">
<skipped>
</skipped>
</testcase>
<testcase name="Content Creation Features › Content Drafts and Scheduling › should schedule content for publication" classname="features/content-creation.spec.js" time="0">
<skipped>
</skipped>
</testcase>
<testcase name="Content Creation Features › Content Drafts and Scheduling › should edit existing content" classname="features/content-creation.spec.js" time="0">
<skipped>
</skipped>
</testcase>
<testcase name="Content Creation Features › Content Analytics and Performance › should view content analytics" classname="features/content-creation.spec.js" time="0">
<skipped>
</skipped>
</testcase>
<testcase name="Content Creation Features › Content Analytics and Performance › should track content engagement" classname="features/content-creation.spec.js" time="0">
<skipped>
</skipped>
</testcase>
<testcase name="Content Creation Features › Content Collaboration › should invite collaborators" classname="features/content-creation.spec.js" time="0">
<skipped>
</skipped>
</testcase>
<testcase name="Content Creation Features › Content Collaboration › should manage collaboration permissions" classname="features/content-creation.spec.js" time="0">
<skipped>
</skipped>
</testcase>
<testcase name="Content Creation Features › Content Validation and Quality Control › should validate audio file formats and quality" classname="features/content-creation.spec.js" time="0">
<skipped>
</skipped>
</testcase>
<testcase name="Content Creation Features › Content Validation and Quality Control › should enforce content guidelines" classname="features/content-creation.spec.js" time="0">
<skipped>
</skipped>
</testcase>
<testcase name="Content Creation Features › Content Validation and Quality Control › should check for copyright compliance" classname="features/content-creation.spec.js" time="0">
<skipped>
</skipped>
</testcase>
<testcase name="Content Creation Features › Content Organization and Management › should organize content into collections" classname="features/content-creation.spec.js" time="0">
<skipped>
</skipped>
</testcase>
<testcase name="Content Creation Features › Content Organization and Management › should manage content tags and categories" classname="features/content-creation.spec.js" time="0">
<skipped>
</skipped>
</testcase>
<testcase name="Content Creation Features › Content Organization and Management › should bulk manage content" classname="features/content-creation.spec.js" time="0">
<skipped>
</skipped>
</testcase>
</testsuite>
<testsuite name="features/dashboards.spec.js" timestamp="2025-08-29T11:18:15.959Z" hostname="Mobile Chrome" tests="47" failures="0" skipped="47" time="0" errors="0">
<testcase name="Dashboard Features › Creator Dashboard › should display creator dashboard overview" classname="features/dashboards.spec.js" time="0">
<skipped>
</skipped>
</testcase>
<testcase name="Dashboard Features › Creator Dashboard › should display content performance analytics" classname="features/dashboards.spec.js" time="0">
<skipped>
</skipped>
</testcase>
<testcase name="Dashboard Features › Creator Dashboard › should show recent activity feed" classname="features/dashboards.spec.js" time="0">
<skipped>
</skipped>
</testcase>
<testcase name="Dashboard Features › Creator Dashboard › should provide quick action buttons" classname="features/dashboards.spec.js" time="0">
<skipped>
</skipped>
</testcase>
<testcase name="Dashboard Features › Creator Dashboard › should display revenue breakdown" classname="features/dashboards.spec.js" time="0">
<skipped>
</skipped>
</testcase>
<testcase name="Dashboard Features › Creator Dashboard › should show content library overview" classname="features/dashboards.spec.js" time="0">
<skipped>
</skipped>
</testcase>
<testcase name="Dashboard Features › Artist Dashboard › should display artist dashboard overview" classname="features/dashboards.spec.js" time="0">
<skipped>
</skipped>
</testcase>
<testcase name="Dashboard Features › Artist Dashboard › should show music distribution analytics" classname="features/dashboards.spec.js" time="0">
<skipped>
</skipped>
</testcase>
<testcase name="Dashboard Features › Artist Dashboard › should display top performing tracks" classname="features/dashboards.spec.js" time="0">
<skipped>
</skipped>
</testcase>
<testcase name="Dashboard Features › Artist Dashboard › should show geographical insights" classname="features/dashboards.spec.js" time="0">
<skipped>
</skipped>
</testcase>
<testcase name="Dashboard Features › Artist Dashboard › should display royalty earnings" classname="features/dashboards.spec.js" time="0">
<skipped>
</skipped>
</testcase>
<testcase name="Dashboard Features › Artist Dashboard › should show release calendar" classname="features/dashboards.spec.js" time="0">
<skipped>
</skipped>
</testcase>
<testcase name="Dashboard Features › Podcast Dashboard › should display podcast dashboard overview" classname="features/dashboards.spec.js" time="0">
<skipped>
</skipped>
</testcase>
<testcase name="Dashboard Features › Podcast Dashboard › should show podcast performance metrics" classname="features/dashboards.spec.js" time="0">
<skipped>
</skipped>
</testcase>
<testcase name="Dashboard Features › Podcast Dashboard › should manage podcast episodes" classname="features/dashboards.spec.js" time="0">
<skipped>
</skipped>
</testcase>
<testcase name="Dashboard Features › Podcast Dashboard › should display audience demographics" classname="features/dashboards.spec.js" time="0">
<skipped>
</skipped>
</testcase>
<testcase name="Dashboard Features › Podcast Dashboard › should show monetization overview" classname="features/dashboards.spec.js" time="0">
<skipped>
</skipped>
</testcase>
<testcase name="Dashboard Features › Radio Dashboard › should display radio dashboard overview" classname="features/dashboards.spec.js" time="0">
<skipped>
</skipped>
</testcase>
<testcase name="Dashboard Features › Radio Dashboard › should show live streaming controls" classname="features/dashboards.spec.js" time="0">
<skipped>
</skipped>
</testcase>
<testcase name="Dashboard Features › Radio Dashboard › should display real-time listener metrics" classname="features/dashboards.spec.js" time="0">
<skipped>
</skipped>
</testcase>
<testcase name="Dashboard Features › Radio Dashboard › should manage playlist and rotation" classname="features/dashboards.spec.js" time="0">
<skipped>
</skipped>
</testcase>
<testcase name="Dashboard Features › Radio Dashboard › should show station analytics" classname="features/dashboards.spec.js" time="0">
<skipped>
</skipped>
</testcase>
<testcase name="Dashboard Features › Video Dashboard › should display video dashboard overview" classname="features/dashboards.spec.js" time="0">
<skipped>
</skipped>
</testcase>
<testcase name="Dashboard Features › Video Dashboard › should show video performance analytics" classname="features/dashboards.spec.js" time="0">
<skipped>
</skipped>
</testcase>
<testcase name="Dashboard Features › Video Dashboard › should manage video library" classname="features/dashboards.spec.js" time="0">
<skipped>
</skipped>
</testcase>
<testcase name="Dashboard Features › Video Dashboard › should display audience retention analytics" classname="features/dashboards.spec.js" time="0">
<skipped>
</skipped>
</testcase>
<testcase name="Dashboard Features › Video Dashboard › should show channel growth metrics" classname="features/dashboards.spec.js" time="0">
<skipped>
</skipped>
</testcase>
<testcase name="Dashboard Features › Sales Dashboard › should display sales dashboard overview" classname="features/dashboards.spec.js" time="0">
<skipped>
</skipped>
</testcase>
<testcase name="Dashboard Features › Sales Dashboard › should show revenue analytics" classname="features/dashboards.spec.js" time="0">
<skipped>
</skipped>
</testcase>
<testcase name="Dashboard Features › Sales Dashboard › should display product performance" classname="features/dashboards.spec.js" time="0">
<skipped>
</skipped>
</testcase>
<testcase name="Dashboard Features › Sales Dashboard › should manage orders and fulfillment" classname="features/dashboards.spec.js" time="0">
<skipped>
</skipped>
</testcase>
<testcase name="Dashboard Features › Sales Dashboard › should show customer analytics" classname="features/dashboards.spec.js" time="0">
<skipped>
</skipped>
</testcase>
<testcase name="Dashboard Features › Sales Dashboard › should manage payout requests" classname="features/dashboards.spec.js" time="0">
<skipped>
</skipped>
</testcase>
<testcase name="Dashboard Features › Label Dashboard › should display label dashboard overview" classname="features/dashboards.spec.js" time="0">
<skipped>
</skipped>
</testcase>
<testcase name="Dashboard Features › Label Dashboard › should manage artist roster" classname="features/dashboards.spec.js" time="0">
<skipped>
</skipped>
</testcase>
<testcase name="Dashboard Features › Label Dashboard › should show release planning" classname="features/dashboards.spec.js" time="0">
<skipped>
</skipped>
</testcase>
<testcase name="Dashboard Features › Label Dashboard › should display label analytics" classname="features/dashboards.spec.js" time="0">
<skipped>
</skipped>
</testcase>
<testcase name="Dashboard Features › Label Dashboard › should manage contracts and agreements" classname="features/dashboards.spec.js" time="0">
<skipped>
</skipped>
</testcase>
<testcase name="Dashboard Features › Dashboard Navigation and Integration › should navigate between different dashboards" classname="features/dashboards.spec.js" time="0">
<skipped>
</skipped>
</testcase>
<testcase name="Dashboard Features › Dashboard Navigation and Integration › should maintain consistent UI elements across dashboards" classname="features/dashboards.spec.js" time="0">
<skipped>
</skipped>
</testcase>
<testcase name="Dashboard Features › Dashboard Navigation and Integration › should display real-time updates" classname="features/dashboards.spec.js" time="0">
<skipped>
</skipped>
</testcase>
<testcase name="Dashboard Features › Dashboard Navigation and Integration › should handle dashboard permissions correctly" classname="features/dashboards.spec.js" time="0">
<skipped>
</skipped>
</testcase>
<testcase name="Dashboard Features › Dashboard Navigation and Integration › should export dashboard data" classname="features/dashboards.spec.js" time="0">
<skipped>
</skipped>
</testcase>
<testcase name="Dashboard Features › Dashboard Navigation and Integration › should customize dashboard layout" classname="features/dashboards.spec.js" time="0">
<skipped>
</skipped>
</testcase>
<testcase name="Dashboard Features › Dashboard Performance and Responsiveness › should load dashboards quickly" classname="features/dashboards.spec.js" time="0">
<skipped>
</skipped>
</testcase>
<testcase name="Dashboard Features › Dashboard Performance and Responsiveness › should work on mobile devices" classname="features/dashboards.spec.js" time="0">
<skipped>
</skipped>
</testcase>
<testcase name="Dashboard Features › Dashboard Performance and Responsiveness › should handle large datasets efficiently" classname="features/dashboards.spec.js" time="0">
<skipped>
</skipped>
</testcase>
</testsuite>
<testsuite name="features/debug-page.spec.js" timestamp="2025-08-29T11:18:15.959Z" hostname="Mobile Chrome" tests="1" failures="0" skipped="1" time="0" errors="0">
<testcase name="debug podcast-create page content" classname="features/debug-page.spec.js" time="0">
<skipped>
</skipped>
</testcase>
</testsuite>
<testsuite name="features/gaming.spec.js" timestamp="2025-08-29T11:18:15.959Z" hostname="Mobile Chrome" tests="18" failures="0" skipped="18" time="0" errors="0">
<testcase name="StreamPireX Gaming Features › Authentication for Gaming Features › should allow user to sign up with gaming preferences" classname="features/gaming.spec.js" time="0">
<skipped>
</skipped>
</testcase>
<testcase name="StreamPireX Gaming Features › Authentication for Gaming Features › should login and access gaming features" classname="features/gaming.spec.js" time="0">
<skipped>
</skipped>
</testcase>
<testcase name="StreamPireX Gaming Features › Gamer Profile Management › should create and update gamer profile" classname="features/gaming.spec.js" time="0">
<skipped>
</skipped>
</testcase>
<testcase name="StreamPireX Gaming Features › Gamer Profile Management › should display gamer profile correctly" classname="features/gaming.spec.js" time="0">
<skipped>
</skipped>
</testcase>
<testcase name="StreamPireX Gaming Features › Squad Finder Feature › should access squad finder page" classname="features/gaming.spec.js" time="0">
<skipped>
</skipped>
</testcase>
<testcase name="StreamPireX Gaming Features › Squad Finder Feature › should search for squad members" classname="features/gaming.spec.js" time="0">
<skipped>
</skipped>
</testcase>
<testcase name="StreamPireX Gaming Features › Squad Finder Feature › should create squad listing" classname="features/gaming.spec.js" time="0">
<skipped>
</skipped>
</testcase>
<testcase name="StreamPireX Gaming Features › Team Rooms Feature › should create team room" classname="features/gaming.spec.js" time="0">
<skipped>
</skipped>
</testcase>
<testcase name="StreamPireX Gaming Features › Team Rooms Feature › should join team room" classname="features/gaming.spec.js" time="0">
<skipped>
</skipped>
</testcase>
<testcase name="StreamPireX Gaming Features › Gaming Analytics › should display gaming analytics dashboard" classname="features/gaming.spec.js" time="0">
<skipped>
</skipped>
</testcase>
<testcase name="StreamPireX Gaming Features › Gaming Analytics › should fetch gaming analytics data" classname="features/gaming.spec.js" time="0">
<skipped>
</skipped>
</testcase>
<testcase name="StreamPireX Gaming Features › Video Chat Integration › should display video chat options in gamer profile" classname="features/gaming.spec.js" time="0">
<skipped>
</skipped>
</testcase>
<testcase name="StreamPireX Gaming Features › Video Chat Integration › should test WebRTC capabilities detection" classname="features/gaming.spec.js" time="0">
<skipped>
</skipped>
</testcase>
<testcase name="StreamPireX Gaming Features › Gaming Features API Integration › should handle gaming API endpoints" classname="features/gaming.spec.js" time="0">
<skipped>
</skipped>
</testcase>
<testcase name="StreamPireX Gaming Features › Gaming Features API Integration › should handle team room creation API" classname="features/gaming.spec.js" time="0">
<skipped>
</skipped>
</testcase>
<testcase name="StreamPireX Gaming Features › Gaming Features Pricing Integration › should display gaming features in pricing plans" classname="features/gaming.spec.js" time="0">
<skipped>
</skipped>
</testcase>
<testcase name="StreamPireX Gaming Features › Error Handling and Edge Cases › should handle network errors gracefully" classname="features/gaming.spec.js" time="0">
<skipped>
</skipped>
</testcase>
<testcase name="StreamPireX Gaming Features › Error Handling and Edge Cases › should handle missing gaming features gracefully" classname="features/gaming.spec.js" time="0">
<skipped>
</skipped>
</testcase>
</testsuite>
<testsuite name="features/marketplace.spec.js" timestamp="2025-08-29T11:18:15.959Z" hostname="Mobile Chrome" tests="14" failures="0" skipped="14" time="0" errors="0">
<testcase name="Marketplace Tests › should load marketplace page successfully" classname="features/marketplace.spec.js" time="0">
<skipped>
</skipped>
</testcase>
<testcase name="Marketplace Tests › should display products correctly" classname="features/marketplace.spec.js" time="0">
<skipped>
</skipped>
</testcase>
<testcase name="Marketplace Tests › should search for products" classname="features/marketplace.spec.js" time="0">
<skipped>
</skipped>
</testcase>
<testcase name="Marketplace Tests › should filter products by category" classname="features/marketplace.spec.js" time="0">
<skipped>
</skipped>
</testcase>
<testcase name="Marketplace Tests › should add product to cart (requires authentication)" classname="features/marketplace.spec.js" time="0">
<skipped>
</skipped>
</testcase>
<testcase name="Marketplace Tests › should view product details" classname="features/marketplace.spec.js" time="0">
<skipped>
</skipped>
</testcase>
<testcase name="Marketplace Tests › should navigate to shopping cart" classname="features/marketplace.spec.js" time="0">
<skipped>
</skipped>
</testcase>
<testcase name="Marketplace Tests › should complete checkout process (authenticated user)" classname="features/marketplace.spec.js" time="0">
<skipped>
</skipped>
</testcase>
<testcase name="Marketplace Performance Tests › marketplace page should load within 5 seconds" classname="features/marketplace.spec.js" time="0">
<skipped>
</skipped>
</testcase>
<testcase name="Marketplace Performance Tests › product search should respond quickly" classname="features/marketplace.spec.js" time="0">
<skipped>
</skipped>
</testcase>
<testcase name="Marketplace Mobile Tests › should be mobile responsive" classname="features/marketplace.spec.js" time="0">
<skipped>
</skipped>
</testcase>
<testcase name="Marketplace Mobile Tests › mobile product cards should be touchable" classname="features/marketplace.spec.js" time="0">
<skipped>
</skipped>
</testcase>
<testcase name="Marketplace Error Handling › should handle network errors gracefully" classname="features/marketplace.spec.js" time="0">
<skipped>
</skipped>
</testcase>
<testcase name="Marketplace Error Handling › should handle empty marketplace state" classname="features/marketplace.spec.js" time="0">
<skipped>
</skipped>
</testcase>
</testsuite>
<testsuite name="features/music-distribution.spec.js" timestamp="2025-08-29T11:18:15.959Z" hostname="Mobile Chrome" tests="13" failures="0" skipped="13" time="0" errors="0">
<testcase name="Music Distribution Features › should access music distribution page" classname="features/music-distribution.spec.js" time="0">
<skipped>
</skipped>
</testcase>
<testcase name="Music Distribution Features › should display distribution platforms" classname="features/music-distribution.spec.js" time="0">
<skipped>
</skipped>
</testcase>
<testcase name="Music Distribution Features › should create new release" classname="features/music-distribution.spec.js" time="0">
<skipped>
</skipped>
</testcase>
<testcase name="Music Distribution Features › should upload track to release" classname="features/music-distribution.spec.js" time="0">
<skipped>
</skipped>
</testcase>
<testcase name="Music Distribution Features › should upload lyrics for track" classname="features/music-distribution.spec.js" time="0">
<skipped>
</skipped>
</testcase>
<testcase name="Music Distribution Features › should manage collaborator splits" classname="features/music-distribution.spec.js" time="0">
<skipped>
</skipped>
</testcase>
<testcase name="Music Distribution Features › should view release list" classname="features/music-distribution.spec.js" time="0">
<skipped>
</skipped>
</testcase>
<testcase name="Music Distribution Features › should track distribution status" classname="features/music-distribution.spec.js" time="0">
<skipped>
</skipped>
</testcase>
<testcase name="Music Distribution Features › should generate ISRC codes" classname="features/music-distribution.spec.js" time="0">
<skipped>
</skipped>
</testcase>
<testcase name="Music Distribution Features › should set release pricing" classname="features/music-distribution.spec.js" time="0">
<skipped>
</skipped>
</testcase>
<testcase name="Music Distribution Features › should schedule release date" classname="features/music-distribution.spec.js" time="0">
<skipped>
</skipped>
</testcase>
<testcase name="Music Distribution Features › should handle distribution errors" classname="features/music-distribution.spec.js" time="0">
<skipped>
</skipped>
</testcase>
<testcase name="Music Distribution Features › should export distribution analytics" classname="features/music-distribution.spec.js" time="0">
<skipped>
</skipped>
</testcase>
</testsuite>
<testsuite name="features/podcasts.spec.js" timestamp="2025-08-29T11:18:15.959Z" hostname="Mobile Chrome" tests="19" failures="0" skipped="19" time="0" errors="0">
<testcase name="Podcast Features › should browse podcast categories" classname="features/podcasts.spec.js" time="0">
<skipped>
</skipped>
</testcase>
<testcase name="Podcast Features › should navigate to category page" classname="features/podcasts.spec.js" time="0">
<skipped>
</skipped>
</testcase>
<testcase name="Podcast Features › should view podcast details" classname="features/podcasts.spec.js" time="0">
<skipped>
</skipped>
</testcase>
<testcase name="Podcast Features › should play podcast episode" classname="features/podcasts.spec.js" time="0">
<skipped>
</skipped>
</testcase>
<testcase name="Podcast Features › should control audio playback" classname="features/podcasts.spec.js" time="0">
<skipped>
</skipped>
</testcase>
<testcase name="Podcast Features › should create new podcast" classname="features/podcasts.spec.js" time="0">
<skipped>
</skipped>
</testcase>
<testcase name="Podcast Features › should upload podcast episode" classname="features/podcasts.spec.js" time="0">
<skipped>
</skipped>
</testcase>
<testcase name="Podcast Features › should manage podcast dashboard" classname="features/podcasts.spec.js" time="0">
<skipped>
</skipped>
</testcase>
<testcase name="Podcast Features › should edit existing podcast" classname="features/podcasts.spec.js" time="0">
<skipped>
</skipped>
</testcase>
<testcase name="Podcast Features › should manage episode scheduling" classname="features/podcasts.spec.js" time="0">
<skipped>
</skipped>
</testcase>
<testcase name="Podcast Features › should view podcast analytics" classname="features/podcasts.spec.js" time="0">
<skipped>
</skipped>
</testcase>
<testcase name="Podcast Features › should manage podcast RSS feed" classname="features/podcasts.spec.js" time="0">
<skipped>
</skipped>
</testcase>
<testcase name="Podcast Features › should handle podcast monetization" classname="features/podcasts.spec.js" time="0">
<skipped>
</skipped>
</testcase>
<testcase name="Podcast Features › should manage episode transcripts" classname="features/podcasts.spec.js" time="0">
<skipped>
</skipped>
</testcase>
<testcase name="Podcast Features › should handle podcast sharing and social media" classname="features/podcasts.spec.js" time="0">
<skipped>
</skipped>
</testcase>
<testcase name="Podcast Features › should support podcast search and filtering" classname="features/podcasts.spec.js" time="0">
<skipped>
</skipped>
</testcase>
<testcase name="Podcast Features › should handle podcast subscriptions" classname="features/podcasts.spec.js" time="0">
<skipped>
</skipped>
</testcase>
<testcase name="Podcast Features › should handle podcast comments and reviews" classname="features/podcasts.spec.js" time="0">
<skipped>
</skipped>
</testcase>
<testcase name="Podcast Features › should support podcast playlists" classname="features/podcasts.spec.js" time="0">
<skipped>
</skipped>
</testcase>
</testsuite>
<testsuite name="features/radio-streaming.spec.js" timestamp="2025-08-29T11:18:15.959Z" hostname="Mobile Chrome" tests="13" failures="0" skipped="13" time="0" errors="0">
<testcase name="Radio Streaming &amp; Broadcasting Features › should configure stream settings" classname="features/radio-streaming.spec.js" time="0">
<skipped>
</skipped>
</testcase>
<testcase name="Radio Streaming &amp; Broadcasting Features › should handle live streaming with OBS" classname="features/radio-streaming.spec.js" time="0">
<skipped>
</skipped>
</testcase>
<testcase name="Radio Streaming &amp; Broadcasting Features › should manage automated playlists" classname="features/radio-streaming.spec.js" time="0">
<skipped>
</skipped>
</testcase>
<testcase name="Radio Streaming &amp; Broadcasting Features › should handle crossfading and transitions" classname="features/radio-streaming.spec.js" time="0">
<skipped>
</skipped>
</testcase>
<testcase name="Radio Streaming &amp; Broadcasting Features › should manage DJ mode and live mixing" classname="features/radio-streaming.spec.js" time="0">
<skipped>
</skipped>
</testcase>
<testcase name="Radio Streaming &amp; Broadcasting Features › should handle listener interactions" classname="features/radio-streaming.spec.js" time="0">
<skipped>
</skipped>
</testcase>
<testcase name="Radio Streaming &amp; Broadcasting Features › should monitor stream health and analytics" classname="features/radio-streaming.spec.js" time="0">
<skipped>
</skipped>
</testcase>
<testcase name="Radio Streaming &amp; Broadcasting Features › should handle emergency broadcasting" classname="features/radio-streaming.spec.js" time="0">
<skipped>
</skipped>
</testcase>
<testcase name="Radio Streaming &amp; Broadcasting Features › should manage station scheduling" classname="features/radio-streaming.spec.js" time="0">
<skipped>
</skipped>
</testcase>
<testcase name="Radio Streaming &amp; Broadcasting Features › should handle audio processing and effects" classname="features/radio-streaming.spec.js" time="0">
<skipped>
</skipped>
</testcase>
<testcase name="Radio Streaming &amp; Broadcasting Features › should manage station metadata and RDS" classname="features/radio-streaming.spec.js" time="0">
<skipped>
</skipped>
</testcase>
<testcase name="Radio Streaming &amp; Broadcasting Features › should handle stream recording and archiving" classname="features/radio-streaming.spec.js" time="0">
<skipped>
</skipped>
</testcase>
<testcase name="Radio Streaming &amp; Broadcasting Features › should manage multi-bitrate streaming" classname="features/radio-streaming.spec.js" time="0">
<skipped>
</skipped>
</testcase>
</testsuite>
<testsuite name="features/radio.spec.js" timestamp="2025-08-29T11:18:15.959Z" hostname="Mobile Chrome" tests="15" failures="0" skipped="15" time="0" errors="0">
<testcase name="Radio Station Features › should browse radio stations" classname="features/radio.spec.js" time="0">
<skipped>
</skipped>
</testcase>
<testcase name="Radio Station Features › should filter stations by genre" classname="features/radio.spec.js" time="0">
<skipped>
</skipped>
</testcase>
<testcase name="Radio Station Features › should play radio station" classname="features/radio.spec.js" time="0">
<skipped>
</skipped>
</testcase>
<testcase name="Radio Station Features › should access radio station dashboard" classname="features/radio.spec.js" time="0">
<skipped>
</skipped>
</testcase>
<testcase name="Radio Station Features › should create new radio station" classname="features/radio.spec.js" time="0">
<skipped>
</skipped>
</testcase>
<testcase name="Radio Station Features › should upload station mix" classname="features/radio.spec.js" time="0">
<skipped>
</skipped>
</testcase>
<testcase name="Radio Station Features › should manage radio playlist" classname="features/radio.spec.js" time="0">
<skipped>
</skipped>
</testcase>
<testcase name="Radio Station Features › should start and stop broadcasting" classname="features/radio.spec.js" time="0">
<skipped>
</skipped>
</testcase>
<testcase name="Radio Station Features › should display listener statistics" classname="features/radio.spec.js" time="0">
<skipped>
</skipped>
</testcase>
<testcase name="Radio Station Features › should configure station settings" classname="features/radio.spec.js" time="0">
<skipped>
</skipped>
</testcase>
<testcase name="Radio Station Features › should handle song submissions" classname="features/radio.spec.js" time="0">
<skipped>
</skipped>
</testcase>
<testcase name="Radio Station Features › should schedule programming" classname="features/radio.spec.js" time="0">
<skipped>
</skipped>
</testcase>
<testcase name="Radio Station Features › should display now playing information" classname="features/radio.spec.js" time="0">
<skipped>
</skipped>
</testcase>
<testcase name="Radio Station Features › should handle audio quality selection" classname="features/radio.spec.js" time="0">
<skipped>
</skipped>
</testcase>
<testcase name="Radio Station Features › should support station favorites" classname="features/radio.spec.js" time="0">
<skipped>
</skipped>
</testcase>
</testsuite>
<testsuite name="navigation/navbar.spec.js" timestamp="2025-08-29T11:18:15.959Z" hostname="Mobile Chrome" tests="20" failures="0" skipped="20" time="0" errors="0">
<testcase name="Navbar Navigation Tests › should display all navbar links correctly" classname="navigation/navbar.spec.js" time="0">
<skipped>
</skipped>
</testcase>
<testcase name="Navbar Navigation Tests › should navigate to pricing plans" classname="navigation/navbar.spec.js" time="0">
<skipped>
</skipped>
</testcase>
<testcase name="Navbar Navigation Tests › should navigate to home page via logo" classname="navigation/navbar.spec.js" time="0">
<skipped>
</skipped>
</testcase>
<testcase name="Navbar Navigation Tests › should navigate to podcasts page" classname="navigation/navbar.spec.js" time="0">
<skipped>
</skipped>
</testcase>
<testcase name="Navbar Navigation Tests › should navigate to videos page" classname="navigation/navbar.spec.js" time="0">
<skipped>
</skipped>
</testcase>
<testcase name="Navbar Navigation Tests › should navigate to radio page" classname="navigation/navbar.spec.js" time="0">
<skipped>
</skipped>
</testcase>
<testcase name="Navbar Navigation Tests › should navigate to live streams page" classname="navigation/navbar.spec.js" time="0">
<skipped>
</skipped>
</testcase>
<testcase name="Navbar Navigation Tests › should navigate to login page" classname="navigation/navbar.spec.js" time="0">
<skipped>
</skipped>
</testcase>
<testcase name="Navbar Navigation Tests › should navigate to signup page" classname="navigation/navbar.spec.js" time="0">
<skipped>
</skipped>
</testcase>
<testcase name="Navbar Navigation Tests › should show active state for current page" classname="navigation/navbar.spec.js" time="0">
<skipped>
</skipped>
</testcase>
<testcase name="Navbar Navigation Tests › should be responsive on mobile" classname="navigation/navbar.spec.js" time="0">
<skipped>
</skipped>
</testcase>
<testcase name="Navbar Navigation Tests › should close mobile menu when link is clicked" classname="navigation/navbar.spec.js" time="0">
<skipped>
</skipped>
</testcase>
<testcase name="Navbar Navigation Tests › should handle navbar sticky positioning" classname="navigation/navbar.spec.js" time="0">
<skipped>
</skipped>
</testcase>
<testcase name="Navbar User Authentication States › should show user menu when logged in" classname="navigation/navbar.spec.js" time="0">
<skipped>
</skipped>
</testcase>
<testcase name="Navbar User Authentication States › should show logout functionality" classname="navigation/navbar.spec.js" time="0">
<skipped>
</skipped>
</testcase>
<testcase name="Navbar Performance Tests › should load navbar quickly" classname="navigation/navbar.spec.js" time="0">
<skipped>
</skipped>
</testcase>
<testcase name="Navbar Performance Tests › should handle rapid navigation clicks" classname="navigation/navbar.spec.js" time="0">
<skipped>
</skipped>
</testcase>
<testcase name="Navbar Accessibility Tests › should be keyboard navigable" classname="navigation/navbar.spec.js" time="0">
<skipped>
</skipped>
</testcase>
<testcase name="Navbar Accessibility Tests › should have proper ARIA attributes" classname="navigation/navbar.spec.js" time="0">
<skipped>
</skipped>
</testcase>
<testcase name="Debug Tests › debug logout selector" classname="navigation/navbar.spec.js" time="0">
<properties>
<property name="skip" value="">
</property>
</properties>
<skipped>
</skipped>
</testcase>
</testsuite>
<testsuite name="navigation/sidebar.spec.js" timestamp="2025-08-29T11:18:15.959Z" hostname="Mobile Chrome" tests="24" failures="0" skipped="24" time="0" errors="0">
<testcase name="Sidebar Navigation Tests › should display sidebar structure correctly" classname="navigation/sidebar.spec.js" time="0">
<skipped>
</skipped>
</testcase>
<testcase name="Sidebar Navigation Tests › should show user profile links" classname="navigation/sidebar.spec.js" time="0">
<skipped>
</skipped>
</testcase>
<testcase name="Sidebar Navigation Tests › should show dashboard links" classname="navigation/sidebar.spec.js" time="0">
<skipped>
</skipped>
</testcase>
<testcase name="Sidebar Navigation Tests › should show indie artist links" classname="navigation/sidebar.spec.js" time="0">
<skipped>
</skipped>
</testcase>
<testcase name="Sidebar Navigation Tests › should show gaming section with toggle functionality" classname="navigation/sidebar.spec.js" time="0">
<skipped>
</skipped>
</testcase>
<testcase name="Sidebar Navigation Tests › should show notification badges on gaming links" classname="navigation/sidebar.spec.js" time="0">
<skipped>
</skipped>
</testcase>
<testcase name="Sidebar Navigation Tests › should show podcast section links" classname="navigation/sidebar.spec.js" time="0">
<skipped>
</skipped>
</testcase>
<testcase name="Sidebar Navigation Tests › should show video section links" classname="navigation/sidebar.spec.js" time="0">
<skipped>
</skipped>
</testcase>
<testcase name="Sidebar Navigation Tests › should show radio section links" classname="navigation/sidebar.spec.js" time="0">
<skipped>
</skipped>
</testcase>
<testcase name="Sidebar Navigation Tests › should show live streaming section links" classname="navigation/sidebar.spec.js" time="0">
<skipped>
</skipped>
</testcase>
<testcase name="Sidebar Navigation Tests › should show marketplace section links" classname="navigation/sidebar.spec.js" time="0">
<skipped>
</skipped>
</testcase>
<testcase name="Sidebar Navigation Tests › should show account section links" classname="navigation/sidebar.spec.js" time="0">
<skipped>
</skipped>
</testcase>
<testcase name="Sidebar Navigation Tests › should navigate to profile pages correctly" classname="navigation/sidebar.spec.js" time="0">
<skipped>
</skipped>
</testcase>
<testcase name="Sidebar Navigation Tests › should navigate to dashboard pages correctly" classname="navigation/sidebar.spec.js" time="0">
<skipped>
</skipped>
</testcase>
<testcase name="Sidebar Navigation Tests › should navigate to marketplace correctly" classname="navigation/sidebar.spec.js" time="0">
<skipped>
</skipped>
</testcase>
<testcase name="Sidebar Navigation Tests › should show active states correctly" classname="navigation/sidebar.spec.js" time="0">
<skipped>
</skipped>
</testcase>
<testcase name="Sidebar Navigation Tests › should persist gaming section toggle state" classname="navigation/sidebar.spec.js" time="0">
<skipped>
</skipped>
</testcase>
<testcase name="Sidebar Responsive Tests › should be responsive on mobile" classname="navigation/sidebar.spec.js" time="0">
<skipped>
</skipped>
</testcase>
<testcase name="Sidebar Responsive Tests › should handle tablet viewport" classname="navigation/sidebar.spec.js" time="0">
<skipped>
</skipped>
</testcase>
<testcase name="Sidebar Performance Tests › should load sidebar quickly" classname="navigation/sidebar.spec.js" time="0">
<skipped>
</skipped>
</testcase>
<testcase name="Sidebar Performance Tests › should handle rapid section toggling" classname="navigation/sidebar.spec.js" time="0">
<skipped>
</skipped>
</testcase>
<testcase name="Sidebar Accessibility Tests › should be keyboard navigable" classname="navigation/sidebar.spec.js" time="0">
<skipped>
</skipped>
</testcase>
<testcase name="Sidebar Accessibility Tests › should have proper ARIA attributes" classname="navigation/sidebar.spec.js" time="0">
<skipped>
</skipped>
</testcase>
<testcase name="Sidebar Accessibility Tests › should handle focus management" classname="navigation/sidebar.spec.js" time="0">
<skipped>
</skipped>
</testcase>
</testsuite>
<testsuite name="specs/background.spec.js" timestamp="2025-08-29T11:18:15.959Z" hostname="Mobile Chrome" tests="16" failures="0" skipped="16" time="0" errors="0">
<testcase name="Background Integration Tests › Authentication Flow › should complete user registration and login flow" classname="specs/background.spec.js" time="0">
<skipped>
</skipped>
</testcase>
<testcase name="Background Integration Tests › Music Platform Features › should navigate through music upload flow" classname="specs/background.spec.js" time="0">
<skipped>
</skipped>
</testcase>
<testcase name="Background Integration Tests › Music Platform Features › should browse and interact with music content" classname="specs/background.spec.js" time="0">
<skipped>
</skipped>
</testcase>
<testcase name="Background Integration Tests › Podcast Features › should navigate podcast creation flow" classname="specs/background.spec.js" time="0">
<skipped>
</skipped>
</testcase>
<testcase name="Background Integration Tests › Podcast Features › should browse podcast categories" classname="specs/background.spec.js" time="0">
<skipped>
</skipped>
</testcase>
<testcase name="Background Integration Tests › Video Features › should access video dashboard and upload flow" classname="specs/background.spec.js" time="0">
<skipped>
</skipped>
</testcase>
<testcase name="Background Integration Tests › Marketplace Features › should browse marketplace and add items to cart" classname="specs/background.spec.js" time="0">
<skipped>
</skipped>
</testcase>
<testcase name="Background Integration Tests › Live Streaming Features › should access live streaming interface" classname="specs/background.spec.js" time="0">
<skipped>
</skipped>
</testcase>
<testcase name="Background Integration Tests › Radio Station Features › should create and manage radio station" classname="specs/background.spec.js" time="0">
<skipped>
</skipped>
</testcase>
<testcase name="Background Integration Tests › User Profile and Settings › should update user profile settings" classname="specs/background.spec.js" time="0">
<skipped>
</skipped>
</testcase>
<testcase name="Background Integration Tests › User Profile and Settings › should navigate settings page" classname="specs/background.spec.js" time="0">
<skipped>
</skipped>
</testcase>
<testcase name="Background Integration Tests › Pricing and Subscription › should display pricing plans" classname="specs/background.spec.js" time="0">
<skipped>
</skipped>
</testcase>
<testcase name="Background Integration Tests › Search and Discovery › should perform global search" classname="specs/background.spec.js" time="0">
<skipped>
</skipped>
</testcase>
<testcase name="Background Integration Tests › Notifications › should access notifications page" classname="specs/background.spec.js" time="0">
<skipped>
</skipped>
</testcase>
<testcase name="Background Integration Tests › Error Handling › should handle 404 pages gracefully" classname="specs/background.spec.js" time="0">
<skipped>
</skipped>
</testcase>
<testcase name="Background Integration Tests › Error Handling › should handle network errors gracefully" classname="specs/background.spec.js" time="0">
<skipped>
</skipped>
</testcase>
</testsuite>
<testsuite name="streampirex-demo.spec.js" timestamp="2025-08-29T11:18:15.959Z" hostname="Mobile Chrome" tests="4" failures="0" skipped="4" time="0" errors="0">
<testcase name="StreampireX Homepage Loads" classname="streampirex-demo.spec.js" time="0">
<skipped>
</skipped>
</testcase>
<testcase name="Key Features Are Visible" classname="streampirex-demo.spec.js" time="0">
<skipped>
</skipped>
</testcase>
<testcase name="Navigation Elements Present" classname="streampirex-demo.spec.js" time="0">
<skipped>
</skipped>
</testcase>
<testcase name="YC Demo Flow - Multi-Modal Platform" classname="streampirex-demo.spec.js" time="0">
<skipped>
</skipped>
</testcase>
</testsuite>
<testsuite name="api/backend.spec.js" timestamp="2025-08-29T11:18:15.959Z" hostname="Mobile Safari" tests="7" failures="0" skipped="7" time="0" errors="0">
<testcase name="Backend API Tests - Minimal › Core Functionality › should connect to backend server" classname="api/backend.spec.js" time="0">
<skipped>
</skipped>
</testcase>
<testcase name="Backend API Tests - Minimal › Core Functionality › should handle user signup" classname="api/backend.spec.js" time="0">
<skipped>
</skipped>
</testcase>
<testcase name="Backend API Tests - Minimal › Core Functionality › should handle user login" classname="api/backend.spec.js" time="0">
<skipped>
</skipped>
</testcase>
<testcase name="Backend API Tests - Minimal › Working Endpoints Only › should browse podcasts" classname="api/backend.spec.js" time="0">
<skipped>
</skipped>
</testcase>
<testcase name="Backend API Tests - Minimal › Working Endpoints Only › should get notifications with auth" classname="api/backend.spec.js" time="0">
<skipped>
</skipped>
</testcase>
<testcase name="Backend API Tests - Minimal › Basic Error Handling › should return 404 for non-existent endpoints" classname="api/backend.spec.js" time="0">
<skipped>
</skipped>
</testcase>
<testcase name="Backend API Tests - Minimal › Basic Error Handling › should handle incomplete signup data" classname="api/backend.spec.js" time="0">
<skipped>
</skipped>
</testcase>
</testsuite>
<testsuite name="auth/login.spec.js" timestamp="2025-08-29T11:18:15.959Z" hostname="Mobile Safari" tests="10" failures="0" skipped="10" time="0" errors="0">
<testcase name="Authentication Tests › should display login page correctly" classname="auth/login.spec.js" time="0">
<skipped>
</skipped>
</testcase>
<testcase name="Authentication Tests › should show placeholders correctly" classname="auth/login.spec.js" time="0">
<skipped>
</skipped>
</testcase>
<testcase name="Authentication Tests › should have required fields" classname="auth/login.spec.js" time="0">
<skipped>
</skipped>
</testcase>
<testcase name="Authentication Tests › should fill form fields correctly" classname="auth/login.spec.js" time="0">
<skipped>
</skipped>
</testcase>
<testcase name="Authentication Tests › should navigate to signup page when clicking signup link" classname="auth/login.spec.js" time="0">
<skipped>
</skipped>
</testcase>
<testcase name="Authentication Tests › should attempt login with form submission" classname="auth/login.spec.js" time="0">
<skipped>
</skipped>
</testcase>
<testcase name="Authentication Tests › should handle login failure" classname="auth/login.spec.js" time="0">
<skipped>
</skipped>
</testcase>
<testcase name="Authentication Tests › should have autocomplete attributes" classname="auth/login.spec.js" time="0">
<skipped>
</skipped>
</testcase>
<testcase name="Authentication Tests › should be responsive on mobile" classname="auth/login.spec.js" time="0">
<skipped>
</skipped>
</testcase>
<testcase name="Login Page Performance › should load login page quickly" classname="auth/login.spec.js" time="0">
<skipped>
</skipped>
</testcase>
</testsuite>
<testsuite name="auth/signup-basic.spec.js" timestamp="2025-08-29T11:18:15.959Z" hostname="Mobile Safari" tests="7" failures="0" skipped="7" time="0" errors="0">
<testcase name="Basic Signup Form Tests › should load signup page correctly" classname="auth/signup-basic.spec.js" time="0">
<skipped>
</skipped>
</testcase>
<testcase name="Basic Signup Form Tests › should show step 1 basic information fields" classname="auth/signup-basic.spec.js" time="0">
<skipped>
</skipped>
</testcase>
<testcase name="Basic Signup Form Tests › should fill basic information fields" classname="auth/signup-basic.spec.js" time="0">
<skipped>
</skipped>
</testcase>
<testcase name="Basic Signup Form Tests › should show Next button in step 1" classname="auth/signup-basic.spec.js" time="0">
<skipped>
</skipped>
</testcase>
<testcase name="Basic Signup Form Tests › should debug step navigation by clicking Next" classname="auth/signup-basic.spec.js" time="0">
<skipped>
</skipped>
</testcase>
<testcase name="Basic Signup Form Tests › should be mobile responsive" classname="auth/signup-basic.spec.js" time="0">
<skipped>
</skipped>
</testcase>
<testcase name="Signup Page Performance › should load signup page quickly" classname="auth/signup-basic.spec.js" time="0">
<skipped>
</skipped>
</testcase>
</testsuite>
<testsuite name="auth/signup.spec.js" timestamp="2025-08-29T11:18:15.959Z" hostname="Mobile Safari" tests="14" failures="0" skipped="14" time="0" errors="0">
<testcase name="Signup Form Tests › should display signup form correctly" classname="auth/signup.spec.js" time="0">
<skipped>
</skipped>
</testcase>
<testcase name="Signup Form Tests › should show Step 1: Basic Information fields" classname="auth/signup.spec.js" time="0">
<skipped>
</skipped>
</testcase>
<testcase name="Signup Form Tests › should fill basic information correctly" classname="auth/signup.spec.js" time="0">
<skipped>
</skipped>
</testcase>
<testcase name="Signup Form Tests › should show validation errors for required fields" classname="auth/signup.spec.js" time="0">
<skipped>
</skipped>
</testcase>
<testcase name="Signup Form Tests › should validate password confirmation" classname="auth/signup.spec.js" time="0">
<skipped>
</skipped>
</testcase>
<testcase name="Signup Form Tests › should validate email format" classname="auth/signup.spec.js" time="0">
<skipped>
</skipped>
</testcase>
<testcase name="Signup Form Tests › should proceed to step 2 with valid basic information" classname="auth/signup.spec.js" time="0">
<skipped>
</skipped>
</testcase>
<testcase name="Signup Form Tests › should show role selection in step 2" classname="auth/signup.spec.js" time="0">
<skipped>
</skipped>
</testcase>
<testcase name="Signup Form Tests › should show artist fields when Artist role is selected" classname="auth/signup.spec.js" time="0">
<skipped>
</skipped>
</testcase>
<testcase name="Signup Form Tests › should navigate back to previous step" classname="auth/signup.spec.js" time="0">
<skipped>
</skipped>
</testcase>
<testcase name="Signup Form Tests › should require legal agreements in final step" classname="auth/signup.spec.js" time="0">
<skipped>
</skipped>
</testcase>
<testcase name="Signup Form Tests › should handle successful signup" classname="auth/signup.spec.js" time="0">
<skipped>
</skipped>
</testcase>
<testcase name="Signup Form Tests › should be mobile responsive" classname="auth/signup.spec.js" time="0">
<skipped>
</skipped>
</testcase>
<testcase name="Signup Page Performance › should load signup page quickly" classname="auth/signup.spec.js" time="0">
<skipped>
</skipped>
</testcase>
</testsuite>
<testsuite name="complete-yc-demo.spec.js" timestamp="2025-08-29T11:18:15.959Z" hostname="Mobile Safari" tests="2" failures="0" skipped="2" time="0" errors="0">
<testcase name="Complete YC Demo - All 4 Core Features" classname="complete-yc-demo.spec.js" time="0">
<skipped>
</skipped>
</testcase>
<testcase name="Radio Station Feature Check" classname="complete-yc-demo.spec.js" time="0">
<skipped>
</skipped>
</testcase>
</testsuite>
<testsuite name="debug/debug-navigation.spec.js" timestamp="2025-08-29T11:18:15.959Z" hostname="Mobile Safari" tests="1" failures="0" skipped="1" time="0" errors="0">
<testcase name="Debug Navigation Issues › debug page loading and routing" classname="debug/debug-navigation.spec.js" time="0">
<skipped>
</skipped>
</testcase>
</testsuite>
<testsuite name="end-to-end/complete-flows.spec.js" timestamp="2025-08-29T11:18:15.959Z" hostname="Mobile Safari" tests="6" failures="0" skipped="6" time="0" errors="0">
<testcase name="Complete User Flows - End to End › complete artist onboarding and content upload flow" classname="end-to-end/complete-flows.spec.js" time="0">
<skipped>
</skipped>
</testcase>
<testcase name="Complete User Flows - End to End › gamer community engagement flow" classname="end-to-end/complete-flows.spec.js" time="0">
<skipped>
</skipped>
</testcase>
<testcase name="Complete User Flows - End to End › content creator monetization flow" classname="end-to-end/complete-flows.spec.js" time="0">
<skipped>
</skipped>
</testcase>
<testcase name="Complete User Flows - End to End › podcast listener discovery and engagement flow" classname="end-to-end/complete-flows.spec.js" time="0">
<skipped>
</skipped>
</testcase>
<testcase name="Complete User Flows - End to End › radio station creation and management flow" classname="end-to-end/complete-flows.spec.js" time="0">
<skipped>
</skipped>
</testcase>
<testcase name="Complete User Flows - End to End › complete marketplace seller journey" classname="end-to-end/complete-flows.spec.js" time="0">
<skipped>
</skipped>
</testcase>
</testsuite>
<testsuite name="features/basic-test.spec.js" timestamp="2025-08-29T11:18:15.959Z" hostname="Mobile Safari" tests="3" failures="0" skipped="3" time="0" errors="0">
<testcase name="Basic Setup Validation › should load homepage" classname="features/basic-test.spec.js" time="0">
<skipped>
</skipped>
</testcase>
<testcase name="Basic Setup Validation › should check which routes exist" classname="features/basic-test.spec.js" time="0">
<skipped>
</skipped>
</testcase>
<testcase name="Basic Setup Validation › should check podcast-create page elements" classname="features/basic-test.spec.js" time="0">
<skipped>
</skipped>
</testcase>
</testsuite>
<testsuite name="features/content-creation.spec.js" timestamp="2025-08-29T11:18:15.959Z" hostname="Mobile Safari" tests="28" failures="0" skipped="28" time="0" errors="0">
<testcase name="Content Creation Features › Podcast Creation and Management › should create new podcast" classname="features/content-creation.spec.js" time="0">
<skipped>
</skipped>
</testcase>
<testcase name="Content Creation Features › Podcast Creation and Management › should upload podcast episode" classname="features/content-creation.spec.js" time="0">
<skipped>
</skipped>
</testcase>
<testcase name="Content Creation Features › Podcast Creation and Management › should schedule episode for future release" classname="features/content-creation.spec.js" time="0">
<skipped>
</skipped>
</testcase>
<testcase name="Content Creation Features › Podcast Creation and Management › should add episode transcript" classname="features/content-creation.spec.js" time="0">
<skipped>
</skipped>
</testcase>
<testcase name="Content Creation Features › Podcast Creation and Management › should manage podcast monetization" classname="features/content-creation.spec.js" time="0">
<skipped>
</skipped>
</testcase>
<testcase name="Content Creation Features › Music Upload and Management › should upload single track" classname="features/content-creation.spec.js" time="0">
<skipped>
</skipped>
</testcase>
<testcase name="Content Creation Features › Music Upload and Management › should create album and add tracks" classname="features/content-creation.spec.js" time="0">
<skipped>
</skipped>
</testcase>
<testcase name="Content Creation Features › Music Upload and Management › should upload lyrics for tracks" classname="features/content-creation.spec.js" time="0">
<skipped>
</skipped>
</testcase>
<testcase name="Content Creation Features › Music Upload and Management › should manage music distribution" classname="features/content-creation.spec.js" time="0">
<skipped>
</skipped>
</testcase>
<testcase name="Content Creation Features › Video Content Creation › should upload video content" classname="features/content-creation.spec.js" time="0">
<skipped>
</skipped>
</testcase>
<testcase name="Content Creation Features › Video Content Creation › should create video playlist" classname="features/content-creation.spec.js" time="0">
<skipped>
</skipped>
</testcase>
<testcase name="Content Creation Features › Video Content Creation › should manage video channel settings" classname="features/content-creation.spec.js" time="0">
<skipped>
</skipped>
</testcase>
<testcase name="Content Creation Features › Radio Station Creation › should create radio station" classname="features/content-creation.spec.js" time="0">
<skipped>
</skipped>
</testcase>
<testcase name="Content Creation Features › Radio Station Creation › should upload station mix and manage playlist" classname="features/content-creation.spec.js" time="0">
<skipped>
</skipped>
</testcase>
<testcase name="Content Creation Features › Radio Station Creation › should configure live streaming" classname="features/content-creation.spec.js" time="0">
<skipped>
</skipped>
</testcase>
<testcase name="Content Creation Features › Content Drafts and Scheduling › should save content as draft" classname="features/content-creation.spec.js" time="0">
<skipped>
</skipped>
</testcase>
<testcase name="Content Creation Features › Content Drafts and Scheduling › should schedule content for publication" classname="features/content-creation.spec.js" time="0">
<skipped>
</skipped>
</testcase>
<testcase name="Content Creation Features › Content Drafts and Scheduling › should edit existing content" classname="features/content-creation.spec.js" time="0">
<skipped>
</skipped>
</testcase>
<testcase name="Content Creation Features › Content Analytics and Performance › should view content analytics" classname="features/content-creation.spec.js" time="0">
<skipped>
</skipped>
</testcase>
<testcase name="Content Creation Features › Content Analytics and Performance › should track content engagement" classname="features/content-creation.spec.js" time="0">
<skipped>
</skipped>
</testcase>
<testcase name="Content Creation Features › Content Collaboration › should invite collaborators" classname="features/content-creation.spec.js" time="0">
<skipped>
</skipped>
</testcase>
<testcase name="Content Creation Features › Content Collaboration › should manage collaboration permissions" classname="features/content-creation.spec.js" time="0">
<skipped>
</skipped>
</testcase>
<testcase name="Content Creation Features › Content Validation and Quality Control › should validate audio file formats and quality" classname="features/content-creation.spec.js" time="0">
<skipped>
</skipped>
</testcase>
<testcase name="Content Creation Features › Content Validation and Quality Control › should enforce content guidelines" classname="features/content-creation.spec.js" time="0">
<skipped>
</skipped>
</testcase>
<testcase name="Content Creation Features › Content Validation and Quality Control › should check for copyright compliance" classname="features/content-creation.spec.js" time="0">
<skipped>
</skipped>
</testcase>
<testcase name="Content Creation Features › Content Organization and Management › should organize content into collections" classname="features/content-creation.spec.js" time="0">
<skipped>
</skipped>
</testcase>
<testcase name="Content Creation Features › Content Organization and Management › should manage content tags and categories" classname="features/content-creation.spec.js" time="0">
<skipped>
</skipped>
</testcase>
<testcase name="Content Creation Features › Content Organization and Management › should bulk manage content" classname="features/content-creation.spec.js" time="0">
<skipped>
</skipped>
</testcase>
</testsuite>
<testsuite name="features/dashboards.spec.js" timestamp="2025-08-29T11:18:15.959Z" hostname="Mobile Safari" tests="47" failures="0" skipped="47" time="0" errors="0">
<testcase name="Dashboard Features › Creator Dashboard › should display creator dashboard overview" classname="features/dashboards.spec.js" time="0">
<skipped>
</skipped>
</testcase>
<testcase name="Dashboard Features › Creator Dashboard › should display content performance analytics" classname="features/dashboards.spec.js" time="0">
<skipped>
</skipped>
</testcase>
<testcase name="Dashboard Features › Creator Dashboard › should show recent activity feed" classname="features/dashboards.spec.js" time="0">
<skipped>
</skipped>
</testcase>
<testcase name="Dashboard Features › Creator Dashboard › should provide quick action buttons" classname="features/dashboards.spec.js" time="0">
<skipped>
</skipped>
</testcase>
<testcase name="Dashboard Features › Creator Dashboard › should display revenue breakdown" classname="features/dashboards.spec.js" time="0">
<skipped>
</skipped>
</testcase>
<testcase name="Dashboard Features › Creator Dashboard › should show content library overview" classname="features/dashboards.spec.js" time="0">
<skipped>
</skipped>
</testcase>
<testcase name="Dashboard Features › Artist Dashboard › should display artist dashboard overview" classname="features/dashboards.spec.js" time="0">
<skipped>
</skipped>
</testcase>
<testcase name="Dashboard Features › Artist Dashboard › should show music distribution analytics" classname="features/dashboards.spec.js" time="0">
<skipped>
</skipped>
</testcase>
<testcase name="Dashboard Features › Artist Dashboard › should display top performing tracks" classname="features/dashboards.spec.js" time="0">
<skipped>
</skipped>
</testcase>
<testcase name="Dashboard Features › Artist Dashboard › should show geographical insights" classname="features/dashboards.spec.js" time="0">
<skipped>
</skipped>
</testcase>
<testcase name="Dashboard Features › Artist Dashboard › should display royalty earnings" classname="features/dashboards.spec.js" time="0">
<skipped>
</skipped>
</testcase>
<testcase name="Dashboard Features › Artist Dashboard › should show release calendar" classname="features/dashboards.spec.js" time="0">
<skipped>
</skipped>
</testcase>
<testcase name="Dashboard Features › Podcast Dashboard › should display podcast dashboard overview" classname="features/dashboards.spec.js" time="0">
<skipped>
</skipped>
</testcase>
<testcase name="Dashboard Features › Podcast Dashboard › should show podcast performance metrics" classname="features/dashboards.spec.js" time="0">
<skipped>
</skipped>
</testcase>
<testcase name="Dashboard Features › Podcast Dashboard › should manage podcast episodes" classname="features/dashboards.spec.js" time="0">
<skipped>
</skipped>
</testcase>
<testcase name="Dashboard Features › Podcast Dashboard › should display audience demographics" classname="features/dashboards.spec.js" time="0">
<skipped>
</skipped>
</testcase>
<testcase name="Dashboard Features › Podcast Dashboard › should show monetization overview" classname="features/dashboards.spec.js" time="0">
<skipped>
</skipped>
</testcase>
<testcase name="Dashboard Features › Radio Dashboard › should display radio dashboard overview" classname="features/dashboards.spec.js" time="0">
<skipped>
</skipped>
</testcase>
<testcase name="Dashboard Features › Radio Dashboard › should show live streaming controls" classname="features/dashboards.spec.js" time="0">
<skipped>
</skipped>
</testcase>
<testcase name="Dashboard Features › Radio Dashboard › should display real-time listener metrics" classname="features/dashboards.spec.js" time="0">
<skipped>
</skipped>
</testcase>
<testcase name="Dashboard Features › Radio Dashboard › should manage playlist and rotation" classname="features/dashboards.spec.js" time="0">
<skipped>
</skipped>
</testcase>
<testcase name="Dashboard Features › Radio Dashboard › should show station analytics" classname="features/dashboards.spec.js" time="0">
<skipped>
</skipped>
</testcase>
<testcase name="Dashboard Features › Video Dashboard › should display video dashboard overview" classname="features/dashboards.spec.js" time="0">
<skipped>
</skipped>
</testcase>
<testcase name="Dashboard Features › Video Dashboard › should show video performance analytics" classname="features/dashboards.spec.js" time="0">
<skipped>
</skipped>
</testcase>
<testcase name="Dashboard Features › Video Dashboard › should manage video library" classname="features/dashboards.spec.js" time="0">
<skipped>
</skipped>
</testcase>
<testcase name="Dashboard Features › Video Dashboard › should display audience retention analytics" classname="features/dashboards.spec.js" time="0">
<skipped>
</skipped>
</testcase>
<testcase name="Dashboard Features › Video Dashboard › should show channel growth metrics" classname="features/dashboards.spec.js" time="0">
<skipped>
</skipped>
</testcase>
<testcase name="Dashboard Features › Sales Dashboard › should display sales dashboard overview" classname="features/dashboards.spec.js" time="0">
<skipped>
</skipped>
</testcase>
<testcase name="Dashboard Features › Sales Dashboard › should show revenue analytics" classname="features/dashboards.spec.js" time="0">
<skipped>
</skipped>
</testcase>
<testcase name="Dashboard Features › Sales Dashboard › should display product performance" classname="features/dashboards.spec.js" time="0">
<skipped>
</skipped>
</testcase>
<testcase name="Dashboard Features › Sales Dashboard › should manage orders and fulfillment" classname="features/dashboards.spec.js" time="0">
<skipped>
</skipped>
</testcase>
<testcase name="Dashboard Features › Sales Dashboard › should show customer analytics" classname="features/dashboards.spec.js" time="0">
<skipped>
</skipped>
</testcase>
<testcase name="Dashboard Features › Sales Dashboard › should manage payout requests" classname="features/dashboards.spec.js" time="0">
<skipped>
</skipped>
</testcase>
<testcase name="Dashboard Features › Label Dashboard › should display label dashboard overview" classname="features/dashboards.spec.js" time="0">
<skipped>
</skipped>
</testcase>
<testcase name="Dashboard Features › Label Dashboard › should manage artist roster" classname="features/dashboards.spec.js" time="0">
<skipped>
</skipped>
</testcase>
<testcase name="Dashboard Features › Label Dashboard › should show release planning" classname="features/dashboards.spec.js" time="0">
<skipped>
</skipped>
</testcase>
<testcase name="Dashboard Features › Label Dashboard › should display label analytics" classname="features/dashboards.spec.js" time="0">
<skipped>
</skipped>
</testcase>
<testcase name="Dashboard Features › Label Dashboard › should manage contracts and agreements" classname="features/dashboards.spec.js" time="0">
<skipped>
</skipped>
</testcase>
<testcase name="Dashboard Features › Dashboard Navigation and Integration › should navigate between different dashboards" classname="features/dashboards.spec.js" time="0">
<skipped>
</skipped>
</testcase>
<testcase name="Dashboard Features › Dashboard Navigation and Integration › should maintain consistent UI elements across dashboards" classname="features/dashboards.spec.js" time="0">
<skipped>
</skipped>
</testcase>
<testcase name="Dashboard Features › Dashboard Navigation and Integration › should display real-time updates" classname="features/dashboards.spec.js" time="0">
<skipped>
</skipped>
</testcase>
<testcase name="Dashboard Features › Dashboard Navigation and Integration › should handle dashboard permissions correctly" classname="features/dashboards.spec.js" time="0">
<skipped>
</skipped>
</testcase>
<testcase name="Dashboard Features › Dashboard Navigation and Integration › should export dashboard data" classname="features/dashboards.spec.js" time="0">
<skipped>
</skipped>
</testcase>
<testcase name="Dashboard Features › Dashboard Navigation and Integration › should customize dashboard layout" classname="features/dashboards.spec.js" time="0">
<skipped>
</skipped>
</testcase>
<testcase name="Dashboard Features › Dashboard Performance and Responsiveness › should load dashboards quickly" classname="features/dashboards.spec.js" time="0">
<skipped>
</skipped>
</testcase>
<testcase name="Dashboard Features › Dashboard Performance and Responsiveness › should work on mobile devices" classname="features/dashboards.spec.js" time="0">
<skipped>
</skipped>
</testcase>
<testcase name="Dashboard Features › Dashboard Performance and Responsiveness › should handle large datasets efficiently" classname="features/dashboards.spec.js" time="0">
<skipped>
</skipped>
</testcase>
</testsuite>
<testsuite name="features/debug-page.spec.js" timestamp="2025-08-29T11:18:15.959Z" hostname="Mobile Safari" tests="1" failures="0" skipped="1" time="0" errors="0">
<testcase name="debug podcast-create page content" classname="features/debug-page.spec.js" time="0">
<skipped>
</skipped>
</testcase>
</testsuite>
<testsuite name="features/gaming.spec.js" timestamp="2025-08-29T11:18:15.959Z" hostname="Mobile Safari" tests="18" failures="0" skipped="18" time="0" errors="0">
<testcase name="StreamPireX Gaming Features › Authentication for Gaming Features › should allow user to sign up with gaming preferences" classname="features/gaming.spec.js" time="0">
<skipped>
</skipped>
</testcase>
<testcase name="StreamPireX Gaming Features › Authentication for Gaming Features › should login and access gaming features" classname="features/gaming.spec.js" time="0">
<skipped>
</skipped>
</testcase>
<testcase name="StreamPireX Gaming Features › Gamer Profile Management › should create and update gamer profile" classname="features/gaming.spec.js" time="0">
<skipped>
</skipped>
</testcase>
<testcase name="StreamPireX Gaming Features › Gamer Profile Management › should display gamer profile correctly" classname="features/gaming.spec.js" time="0">
<skipped>
</skipped>
</testcase>
<testcase name="StreamPireX Gaming Features › Squad Finder Feature › should access squad finder page" classname="features/gaming.spec.js" time="0">
<skipped>
</skipped>
</testcase>
<testcase name="StreamPireX Gaming Features › Squad Finder Feature › should search for squad members" classname="features/gaming.spec.js" time="0">
<skipped>
</skipped>
</testcase>
<testcase name="StreamPireX Gaming Features › Squad Finder Feature › should create squad listing" classname="features/gaming.spec.js" time="0">
<skipped>
</skipped>
</testcase>
<testcase name="StreamPireX Gaming Features › Team Rooms Feature › should create team room" classname="features/gaming.spec.js" time="0">
<skipped>
</skipped>
</testcase>
<testcase name="StreamPireX Gaming Features › Team Rooms Feature › should join team room" classname="features/gaming.spec.js" time="0">
<skipped>
</skipped>
</testcase>
<testcase name="StreamPireX Gaming Features › Gaming Analytics › should display gaming analytics dashboard" classname="features/gaming.spec.js" time="0">
<skipped>
</skipped>
</testcase>
<testcase name="StreamPireX Gaming Features › Gaming Analytics › should fetch gaming analytics data" classname="features/gaming.spec.js" time="0">
<skipped>
</skipped>
</testcase>
<testcase name="StreamPireX Gaming Features › Video Chat Integration › should display video chat options in gamer profile" classname="features/gaming.spec.js" time="0">
<skipped>
</skipped>
</testcase>
<testcase name="StreamPireX Gaming Features › Video Chat Integration › should test WebRTC capabilities detection" classname="features/gaming.spec.js" time="0">
<skipped>
</skipped>
</testcase>
<testcase name="StreamPireX Gaming Features › Gaming Features API Integration › should handle gaming API endpoints" classname="features/gaming.spec.js" time="0">
<skipped>
</skipped>
</testcase>
<testcase name="StreamPireX Gaming Features › Gaming Features API Integration › should handle team room creation API" classname="features/gaming.spec.js" time="0">
<skipped>
</skipped>
</testcase>
<testcase name="StreamPireX Gaming Features › Gaming Features Pricing Integration › should display gaming features in pricing plans" classname="features/gaming.spec.js" time="0">
<skipped>
</skipped>
</testcase>
<testcase name="StreamPireX Gaming Features › Error Handling and Edge Cases › should handle network errors gracefully" classname="features/gaming.spec.js" time="0">
<skipped>
</skipped>
</testcase>
<testcase name="StreamPireX Gaming Features › Error Handling and Edge Cases › should handle missing gaming features gracefully" classname="features/gaming.spec.js" time="0">
<skipped>
</skipped>
</testcase>
</testsuite>
<testsuite name="features/marketplace.spec.js" timestamp="2025-08-29T11:18:15.959Z" hostname="Mobile Safari" tests="14" failures="0" skipped="14" time="0" errors="0">
<testcase name="Marketplace Tests › should load marketplace page successfully" classname="features/marketplace.spec.js" time="0">
<skipped>
</skipped>
</testcase>
<testcase name="Marketplace Tests › should display products correctly" classname="features/marketplace.spec.js" time="0">
<skipped>
</skipped>
</testcase>
<testcase name="Marketplace Tests › should search for products" classname="features/marketplace.spec.js" time="0">
<skipped>
</skipped>
</testcase>
<testcase name="Marketplace Tests › should filter products by category" classname="features/marketplace.spec.js" time="0">
<skipped>
</skipped>
</testcase>
<testcase name="Marketplace Tests › should add product to cart (requires authentication)" classname="features/marketplace.spec.js" time="0">
<skipped>
</skipped>
</testcase>
<testcase name="Marketplace Tests › should view product details" classname="features/marketplace.spec.js" time="0">
<skipped>
</skipped>
</testcase>
<testcase name="Marketplace Tests › should navigate to shopping cart" classname="features/marketplace.spec.js" time="0">
<skipped>
</skipped>
</testcase>
<testcase name="Marketplace Tests › should complete checkout process (authenticated user)" classname="features/marketplace.spec.js" time="0">
<skipped>
</skipped>
</testcase>
<testcase name="Marketplace Performance Tests › marketplace page should load within 5 seconds" classname="features/marketplace.spec.js" time="0">
<skipped>
</skipped>
</testcase>
<testcase name="Marketplace Performance Tests › product search should respond quickly" classname="features/marketplace.spec.js" time="0">
<skipped>
</skipped>
</testcase>
<testcase name="Marketplace Mobile Tests › should be mobile responsive" classname="features/marketplace.spec.js" time="0">
<skipped>
</skipped>
</testcase>
<testcase name="Marketplace Mobile Tests › mobile product cards should be touchable" classname="features/marketplace.spec.js" time="0">
<skipped>
</skipped>
</testcase>
<testcase name="Marketplace Error Handling › should handle network errors gracefully" classname="features/marketplace.spec.js" time="0">
<skipped>
</skipped>
</testcase>
<testcase name="Marketplace Error Handling › should handle empty marketplace state" classname="features/marketplace.spec.js" time="0">
<skipped>
</skipped>
</testcase>
</testsuite>
<testsuite name="features/music-distribution.spec.js" timestamp="2025-08-29T11:18:15.959Z" hostname="Mobile Safari" tests="13" failures="0" skipped="13" time="0" errors="0">
<testcase name="Music Distribution Features › should access music distribution page" classname="features/music-distribution.spec.js" time="0">
<skipped>
</skipped>
</testcase>
<testcase name="Music Distribution Features › should display distribution platforms" classname="features/music-distribution.spec.js" time="0">
<skipped>
</skipped>
</testcase>
<testcase name="Music Distribution Features › should create new release" classname="features/music-distribution.spec.js" time="0">
<skipped>
</skipped>
</testcase>
<testcase name="Music Distribution Features › should upload track to release" classname="features/music-distribution.spec.js" time="0">
<skipped>
</skipped>
</testcase>
<testcase name="Music Distribution Features › should upload lyrics for track" classname="features/music-distribution.spec.js" time="0">
<skipped>
</skipped>
</testcase>
<testcase name="Music Distribution Features › should manage collaborator splits" classname="features/music-distribution.spec.js" time="0">
<skipped>
</skipped>
</testcase>
<testcase name="Music Distribution Features › should view release list" classname="features/music-distribution.spec.js" time="0">
<skipped>
</skipped>
</testcase>
<testcase name="Music Distribution Features › should track distribution status" classname="features/music-distribution.spec.js" time="0">
<skipped>
</skipped>
</testcase>
<testcase name="Music Distribution Features › should generate ISRC codes" classname="features/music-distribution.spec.js" time="0">
<skipped>
</skipped>
</testcase>
<testcase name="Music Distribution Features › should set release pricing" classname="features/music-distribution.spec.js" time="0">
<skipped>
</skipped>
</testcase>
<testcase name="Music Distribution Features › should schedule release date" classname="features/music-distribution.spec.js" time="0">
<skipped>
</skipped>
</testcase>
<testcase name="Music Distribution Features › should handle distribution errors" classname="features/music-distribution.spec.js" time="0">
<skipped>
</skipped>
</testcase>
<testcase name="Music Distribution Features › should export distribution analytics" classname="features/music-distribution.spec.js" time="0">
<skipped>
</skipped>
</testcase>
</testsuite>
<testsuite name="features/podcasts.spec.js" timestamp="2025-08-29T11:18:15.959Z" hostname="Mobile Safari" tests="19" failures="0" skipped="19" time="0" errors="0">
<testcase name="Podcast Features › should browse podcast categories" classname="features/podcasts.spec.js" time="0">
<skipped>
</skipped>
</testcase>
<testcase name="Podcast Features › should navigate to category page" classname="features/podcasts.spec.js" time="0">
<skipped>
</skipped>
</testcase>
<testcase name="Podcast Features › should view podcast details" classname="features/podcasts.spec.js" time="0">
<skipped>
</skipped>
</testcase>
<testcase name="Podcast Features › should play podcast episode" classname="features/podcasts.spec.js" time="0">
<skipped>
</skipped>
</testcase>
<testcase name="Podcast Features › should control audio playback" classname="features/podcasts.spec.js" time="0">
<skipped>
</skipped>
</testcase>
<testcase name="Podcast Features › should create new podcast" classname="features/podcasts.spec.js" time="0">
<skipped>
</skipped>
</testcase>
<testcase name="Podcast Features › should upload podcast episode" classname="features/podcasts.spec.js" time="0">
<skipped>
</skipped>
</testcase>
<testcase name="Podcast Features › should manage podcast dashboard" classname="features/podcasts.spec.js" time="0">
<skipped>
</skipped>
</testcase>
<testcase name="Podcast Features › should edit existing podcast" classname="features/podcasts.spec.js" time="0">
<skipped>
</skipped>
</testcase>
<testcase name="Podcast Features › should manage episode scheduling" classname="features/podcasts.spec.js" time="0">
<skipped>
</skipped>
</testcase>
<testcase name="Podcast Features › should view podcast analytics" classname="features/podcasts.spec.js" time="0">
<skipped>
</skipped>
</testcase>
<testcase name="Podcast Features › should manage podcast RSS feed" classname="features/podcasts.spec.js" time="0">
<skipped>
</skipped>
</testcase>
<testcase name="Podcast Features › should handle podcast monetization" classname="features/podcasts.spec.js" time="0">
<skipped>
</skipped>
</testcase>
<testcase name="Podcast Features › should manage episode transcripts" classname="features/podcasts.spec.js" time="0">
<skipped>
</skipped>
</testcase>
<testcase name="Podcast Features › should handle podcast sharing and social media" classname="features/podcasts.spec.js" time="0">
<skipped>
</skipped>
</testcase>
<testcase name="Podcast Features › should support podcast search and filtering" classname="features/podcasts.spec.js" time="0">
<skipped>
</skipped>
</testcase>
<testcase name="Podcast Features › should handle podcast subscriptions" classname="features/podcasts.spec.js" time="0">
<skipped>
</skipped>
</testcase>
<testcase name="Podcast Features › should handle podcast comments and reviews" classname="features/podcasts.spec.js" time="0">
<skipped>
</skipped>
</testcase>
<testcase name="Podcast Features › should support podcast playlists" classname="features/podcasts.spec.js" time="0">
<skipped>
</skipped>
</testcase>
</testsuite>
<testsuite name="features/radio-streaming.spec.js" timestamp="2025-08-29T11:18:15.959Z" hostname="Mobile Safari" tests="13" failures="0" skipped="13" time="0" errors="0">
<testcase name="Radio Streaming &amp; Broadcasting Features › should configure stream settings" classname="features/radio-streaming.spec.js" time="0">
<skipped>
</skipped>
</testcase>
<testcase name="Radio Streaming &amp; Broadcasting Features › should handle live streaming with OBS" classname="features/radio-streaming.spec.js" time="0">
<skipped>
</skipped>
</testcase>
<testcase name="Radio Streaming &amp; Broadcasting Features › should manage automated playlists" classname="features/radio-streaming.spec.js" time="0">
<skipped>
</skipped>
</testcase>
<testcase name="Radio Streaming &amp; Broadcasting Features › should handle crossfading and transitions" classname="features/radio-streaming.spec.js" time="0">
<skipped>
</skipped>
</testcase>
<testcase name="Radio Streaming &amp; Broadcasting Features › should manage DJ mode and live mixing" classname="features/radio-streaming.spec.js" time="0">
<skipped>
</skipped>
</testcase>
<testcase name="Radio Streaming &amp; Broadcasting Features › should handle listener interactions" classname="features/radio-streaming.spec.js" time="0">
<skipped>
</skipped>
</testcase>
<testcase name="Radio Streaming &amp; Broadcasting Features › should monitor stream health and analytics" classname="features/radio-streaming.spec.js" time="0">
<skipped>
</skipped>
</testcase>
<testcase name="Radio Streaming &amp; Broadcasting Features › should handle emergency broadcasting" classname="features/radio-streaming.spec.js" time="0">
<skipped>
</skipped>
</testcase>
<testcase name="Radio Streaming &amp; Broadcasting Features › should manage station scheduling" classname="features/radio-streaming.spec.js" time="0">
<skipped>
</skipped>
</testcase>
<testcase name="Radio Streaming &amp; Broadcasting Features › should handle audio processing and effects" classname="features/radio-streaming.spec.js" time="0">
<skipped>
</skipped>
</testcase>
<testcase name="Radio Streaming &amp; Broadcasting Features › should manage station metadata and RDS" classname="features/radio-streaming.spec.js" time="0">
<skipped>
</skipped>
</testcase>
<testcase name="Radio Streaming &amp; Broadcasting Features › should handle stream recording and archiving" classname="features/radio-streaming.spec.js" time="0">
<skipped>
</skipped>
</testcase>
<testcase name="Radio Streaming &amp; Broadcasting Features › should manage multi-bitrate streaming" classname="features/radio-streaming.spec.js" time="0">
<skipped>
</skipped>
</testcase>
</testsuite>
<testsuite name="features/radio.spec.js" timestamp="2025-08-29T11:18:15.959Z" hostname="Mobile Safari" tests="15" failures="0" skipped="15" time="0" errors="0">
<testcase name="Radio Station Features › should browse radio stations" classname="features/radio.spec.js" time="0">
<skipped>
</skipped>
</testcase>
<testcase name="Radio Station Features › should filter stations by genre" classname="features/radio.spec.js" time="0">
<skipped>
</skipped>
</testcase>
<testcase name="Radio Station Features › should play radio station" classname="features/radio.spec.js" time="0">
<skipped>
</skipped>
</testcase>
<testcase name="Radio Station Features › should access radio station dashboard" classname="features/radio.spec.js" time="0">
<skipped>
</skipped>
</testcase>
<testcase name="Radio Station Features › should create new radio station" classname="features/radio.spec.js" time="0">
<skipped>
</skipped>
</testcase>
<testcase name="Radio Station Features › should upload station mix" classname="features/radio.spec.js" time="0">
<skipped>
</skipped>
</testcase>
<testcase name="Radio Station Features › should manage radio playlist" classname="features/radio.spec.js" time="0">
<skipped>
</skipped>
</testcase>
<testcase name="Radio Station Features › should start and stop broadcasting" classname="features/radio.spec.js" time="0">
<skipped>
</skipped>
</testcase>
<testcase name="Radio Station Features › should display listener statistics" classname="features/radio.spec.js" time="0">
<skipped>
</skipped>
</testcase>
<testcase name="Radio Station Features › should configure station settings" classname="features/radio.spec.js" time="0">
<skipped>
</skipped>
</testcase>
<testcase name="Radio Station Features › should handle song submissions" classname="features/radio.spec.js" time="0">
<skipped>
</skipped>
</testcase>
<testcase name="Radio Station Features › should schedule programming" classname="features/radio.spec.js" time="0">
<skipped>
</skipped>
</testcase>
<testcase name="Radio Station Features › should display now playing information" classname="features/radio.spec.js" time="0">
<skipped>
</skipped>
</testcase>
<testcase name="Radio Station Features › should handle audio quality selection" classname="features/radio.spec.js" time="0">
<skipped>
</skipped>
</testcase>
<testcase name="Radio Station Features › should support station favorites" classname="features/radio.spec.js" time="0">
<skipped>
</skipped>
</testcase>
</testsuite>
<testsuite name="navigation/navbar.spec.js" timestamp="2025-08-29T11:18:15.959Z" hostname="Mobile Safari" tests="20" failures="0" skipped="20" time="0" errors="0">
<testcase name="Navbar Navigation Tests › should display all navbar links correctly" classname="navigation/navbar.spec.js" time="0">
<skipped>
</skipped>
</testcase>
<testcase name="Navbar Navigation Tests › should navigate to pricing plans" classname="navigation/navbar.spec.js" time="0">
<skipped>
</skipped>
</testcase>
<testcase name="Navbar Navigation Tests › should navigate to home page via logo" classname="navigation/navbar.spec.js" time="0">
<skipped>
</skipped>
</testcase>
<testcase name="Navbar Navigation Tests › should navigate to podcasts page" classname="navigation/navbar.spec.js" time="0">
<skipped>
</skipped>
</testcase>
<testcase name="Navbar Navigation Tests › should navigate to videos page" classname="navigation/navbar.spec.js" time="0">
<skipped>
</skipped>
</testcase>
<testcase name="Navbar Navigation Tests › should navigate to radio page" classname="navigation/navbar.spec.js" time="0">
<skipped>
</skipped>
</testcase>
<testcase name="Navbar Navigation Tests › should navigate to live streams page" classname="navigation/navbar.spec.js" time="0">
<skipped>
</skipped>
</testcase>
<testcase name="Navbar Navigation Tests › should navigate to login page" classname="navigation/navbar.spec.js" time="0">
<skipped>
</skipped>
</testcase>
<testcase name="Navbar Navigation Tests › should navigate to signup page" classname="navigation/navbar.spec.js" time="0">
<skipped>
</skipped>
</testcase>
<testcase name="Navbar Navigation Tests › should show active state for current page" classname="navigation/navbar.spec.js" time="0">
<skipped>
</skipped>
</testcase>
<testcase name="Navbar Navigation Tests › should be responsive on mobile" classname="navigation/navbar.spec.js" time="0">
<skipped>
</skipped>
</testcase>
<testcase name="Navbar Navigation Tests › should close mobile menu when link is clicked" classname="navigation/navbar.spec.js" time="0">
<skipped>
</skipped>
</testcase>
<testcase name="Navbar Navigation Tests › should handle navbar sticky positioning" classname="navigation/navbar.spec.js" time="0">
<skipped>
</skipped>
</testcase>
<testcase name="Navbar User Authentication States › should show user menu when logged in" classname="navigation/navbar.spec.js" time="0">
<skipped>
</skipped>
</testcase>
<testcase name="Navbar User Authentication States › should show logout functionality" classname="navigation/navbar.spec.js" time="0">
<skipped>
</skipped>
</testcase>
<testcase name="Navbar Performance Tests › should load navbar quickly" classname="navigation/navbar.spec.js" time="0">
<skipped>
</skipped>
</testcase>
<testcase name="Navbar Performance Tests › should handle rapid navigation clicks" classname="navigation/navbar.spec.js" time="0">
<skipped>
</skipped>
</testcase>
<testcase name="Navbar Accessibility Tests › should be keyboard navigable" classname="navigation/navbar.spec.js" time="0">
<skipped>
</skipped>
</testcase>
<testcase name="Navbar Accessibility Tests › should have proper ARIA attributes" classname="navigation/navbar.spec.js" time="0">
<skipped>
</skipped>
</testcase>
<testcase name="Debug Tests › debug logout selector" classname="navigation/navbar.spec.js" time="0">
<properties>
<property name="skip" value="">
</property>
</properties>
<skipped>
</skipped>
</testcase>
</testsuite>
<testsuite name="navigation/sidebar.spec.js" timestamp="2025-08-29T11:18:15.959Z" hostname="Mobile Safari" tests="24" failures="0" skipped="24" time="0" errors="0">
<testcase name="Sidebar Navigation Tests › should display sidebar structure correctly" classname="navigation/sidebar.spec.js" time="0">
<skipped>
</skipped>
</testcase>
<testcase name="Sidebar Navigation Tests › should show user profile links" classname="navigation/sidebar.spec.js" time="0">
<skipped>
</skipped>
</testcase>
<testcase name="Sidebar Navigation Tests › should show dashboard links" classname="navigation/sidebar.spec.js" time="0">
<skipped>
</skipped>
</testcase>
<testcase name="Sidebar Navigation Tests › should show indie artist links" classname="navigation/sidebar.spec.js" time="0">
<skipped>
</skipped>
</testcase>
<testcase name="Sidebar Navigation Tests › should show gaming section with toggle functionality" classname="navigation/sidebar.spec.js" time="0">
<skipped>
</skipped>
</testcase>
<testcase name="Sidebar Navigation Tests › should show notification badges on gaming links" classname="navigation/sidebar.spec.js" time="0">
<skipped>
</skipped>
</testcase>
<testcase name="Sidebar Navigation Tests › should show podcast section links" classname="navigation/sidebar.spec.js" time="0">
<skipped>
</skipped>
</testcase>
<testcase name="Sidebar Navigation Tests › should show video section links" classname="navigation/sidebar.spec.js" time="0">
<skipped>
</skipped>
</testcase>
<testcase name="Sidebar Navigation Tests › should show radio section links" classname="navigation/sidebar.spec.js" time="0">
<skipped>
</skipped>
</testcase>
<testcase name="Sidebar Navigation Tests › should show live streaming section links" classname="navigation/sidebar.spec.js" time="0">
<skipped>
</skipped>
</testcase>
<testcase name="Sidebar Navigation Tests › should show marketplace section links" classname="navigation/sidebar.spec.js" time="0">
<skipped>
</skipped>
</testcase>
<testcase name="Sidebar Navigation Tests › should show account section links" classname="navigation/sidebar.spec.js" time="0">
<skipped>
</skipped>
</testcase>
<testcase name="Sidebar Navigation Tests › should navigate to profile pages correctly" classname="navigation/sidebar.spec.js" time="0">
<skipped>
</skipped>
</testcase>
<testcase name="Sidebar Navigation Tests › should navigate to dashboard pages correctly" classname="navigation/sidebar.spec.js" time="0">
<skipped>
</skipped>
</testcase>
<testcase name="Sidebar Navigation Tests › should navigate to marketplace correctly" classname="navigation/sidebar.spec.js" time="0">
<skipped>
</skipped>
</testcase>
<testcase name="Sidebar Navigation Tests › should show active states correctly" classname="navigation/sidebar.spec.js" time="0">
<skipped>
</skipped>
</testcase>
<testcase name="Sidebar Navigation Tests › should persist gaming section toggle state" classname="navigation/sidebar.spec.js" time="0">
<skipped>
</skipped>
</testcase>
<testcase name="Sidebar Responsive Tests › should be responsive on mobile" classname="navigation/sidebar.spec.js" time="0">
<skipped>
</skipped>
</testcase>
<testcase name="Sidebar Responsive Tests › should handle tablet viewport" classname="navigation/sidebar.spec.js" time="0">
<skipped>
</skipped>
</testcase>
<testcase name="Sidebar Performance Tests › should load sidebar quickly" classname="navigation/sidebar.spec.js" time="0">
<skipped>
</skipped>
</testcase>
<testcase name="Sidebar Performance Tests › should handle rapid section toggling" classname="navigation/sidebar.spec.js" time="0">
<skipped>
</skipped>
</testcase>
<testcase name="Sidebar Accessibility Tests › should be keyboard navigable" classname="navigation/sidebar.spec.js" time="0">
<skipped>
</skipped>
</testcase>
<testcase name="Sidebar Accessibility Tests › should have proper ARIA attributes" classname="navigation/sidebar.spec.js" time="0">
<skipped>
</skipped>
</testcase>
<testcase name="Sidebar Accessibility Tests › should handle focus management" classname="navigation/sidebar.spec.js" time="0">
<skipped>
</skipped>
</testcase>
</testsuite>
<testsuite name="specs/background.spec.js" timestamp="2025-08-29T11:18:15.959Z" hostname="Mobile Safari" tests="16" failures="0" skipped="16" time="0" errors="0">
<testcase name="Background Integration Tests › Authentication Flow › should complete user registration and login flow" classname="specs/background.spec.js" time="0">
<skipped>
</skipped>
</testcase>
<testcase name="Background Integration Tests › Music Platform Features › should navigate through music upload flow" classname="specs/background.spec.js" time="0">
<skipped>
</skipped>
</testcase>
<testcase name="Background Integration Tests › Music Platform Features › should browse and interact with music content" classname="specs/background.spec.js" time="0">
<skipped>
</skipped>
</testcase>
<testcase name="Background Integration Tests › Podcast Features › should navigate podcast creation flow" classname="specs/background.spec.js" time="0">
<skipped>
</skipped>
</testcase>
<testcase name="Background Integration Tests › Podcast Features › should browse podcast categories" classname="specs/background.spec.js" time="0">
<skipped>
</skipped>
</testcase>
<testcase name="Background Integration Tests › Video Features › should access video dashboard and upload flow" classname="specs/background.spec.js" time="0">
<skipped>
</skipped>
</testcase>
<testcase name="Background Integration Tests › Marketplace Features › should browse marketplace and add items to cart" classname="specs/background.spec.js" time="0">
<skipped>
</skipped>
</testcase>
<testcase name="Background Integration Tests › Live Streaming Features › should access live streaming interface" classname="specs/background.spec.js" time="0">
<skipped>
</skipped>
</testcase>
<testcase name="Background Integration Tests › Radio Station Features › should create and manage radio station" classname="specs/background.spec.js" time="0">
<skipped>
</skipped>
</testcase>
<testcase name="Background Integration Tests › User Profile and Settings › should update user profile settings" classname="specs/background.spec.js" time="0">
<skipped>
</skipped>
</testcase>
<testcase name="Background Integration Tests › User Profile and Settings › should navigate settings page" classname="specs/background.spec.js" time="0">
<skipped>
</skipped>
</testcase>
<testcase name="Background Integration Tests › Pricing and Subscription › should display pricing plans" classname="specs/background.spec.js" time="0">
<skipped>
</skipped>
</testcase>
<testcase name="Background Integration Tests › Search and Discovery › should perform global search" classname="specs/background.spec.js" time="0">
<skipped>
</skipped>
</testcase>
<testcase name="Background Integration Tests › Notifications › should access notifications page" classname="specs/background.spec.js" time="0">
<skipped>
</skipped>
</testcase>
<testcase name="Background Integration Tests › Error Handling › should handle 404 pages gracefully" classname="specs/background.spec.js" time="0">
<skipped>
</skipped>
</testcase>
<testcase name="Background Integration Tests › Error Handling › should handle network errors gracefully" classname="specs/background.spec.js" time="0">
<skipped>
</skipped>
</testcase>
</testsuite>
<testsuite name="streampirex-demo.spec.js" timestamp="2025-08-29T11:18:15.959Z" hostname="Mobile Safari" tests="4" failures="0" skipped="4" time="0" errors="0">
<testcase name="StreampireX Homepage Loads" classname="streampirex-demo.spec.js" time="0">
<skipped>
</skipped>
</testcase>
<testcase name="Key Features Are Visible" classname="streampirex-demo.spec.js" time="0">
<skipped>
</skipped>
</testcase>
<testcase name="Navigation Elements Present" classname="streampirex-demo.spec.js" time="0">
<skipped>
</skipped>
</testcase>
<testcase name="YC Demo Flow - Multi-Modal Platform" classname="streampirex-demo.spec.js" time="0">
<skipped>
</skipped>
</testcase>
</testsuite>
<testsuite name="api/backend.spec.js" timestamp="2025-08-29T11:18:15.959Z" hostname="Microsoft Edge" tests="7" failures="0" skipped="7" time="0" errors="0">
<testcase name="Backend API Tests - Minimal › Core Functionality › should connect to backend server" classname="api/backend.spec.js" time="0">
<skipped>
</skipped>
</testcase>
<testcase name="Backend API Tests - Minimal › Core Functionality › should handle user signup" classname="api/backend.spec.js" time="0">
<skipped>
</skipped>
</testcase>
<testcase name="Backend API Tests - Minimal › Core Functionality › should handle user login" classname="api/backend.spec.js" time="0">
<skipped>
</skipped>
</testcase>
<testcase name="Backend API Tests - Minimal › Working Endpoints Only › should browse podcasts" classname="api/backend.spec.js" time="0">
<skipped>
</skipped>
</testcase>
<testcase name="Backend API Tests - Minimal › Working Endpoints Only › should get notifications with auth" classname="api/backend.spec.js" time="0">
<skipped>
</skipped>
</testcase>
<testcase name="Backend API Tests - Minimal › Basic Error Handling › should return 404 for non-existent endpoints" classname="api/backend.spec.js" time="0">
<skipped>
</skipped>
</testcase>
<testcase name="Backend API Tests - Minimal › Basic Error Handling › should handle incomplete signup data" classname="api/backend.spec.js" time="0">
<skipped>
</skipped>
</testcase>
</testsuite>
<testsuite name="auth/login.spec.js" timestamp="2025-08-29T11:18:15.959Z" hostname="Microsoft Edge" tests="10" failures="0" skipped="10" time="0" errors="0">
<testcase name="Authentication Tests › should display login page correctly" classname="auth/login.spec.js" time="0">
<skipped>
</skipped>
</testcase>
<testcase name="Authentication Tests › should show placeholders correctly" classname="auth/login.spec.js" time="0">
<skipped>
</skipped>
</testcase>
<testcase name="Authentication Tests › should have required fields" classname="auth/login.spec.js" time="0">
<skipped>
</skipped>
</testcase>
<testcase name="Authentication Tests › should fill form fields correctly" classname="auth/login.spec.js" time="0">
<skipped>
</skipped>
</testcase>
<testcase name="Authentication Tests › should navigate to signup page when clicking signup link" classname="auth/login.spec.js" time="0">
<skipped>
</skipped>
</testcase>
<testcase name="Authentication Tests › should attempt login with form submission" classname="auth/login.spec.js" time="0">
<skipped>
</skipped>
</testcase>
<testcase name="Authentication Tests › should handle login failure" classname="auth/login.spec.js" time="0">
<skipped>
</skipped>
</testcase>
<testcase name="Authentication Tests › should have autocomplete attributes" classname="auth/login.spec.js" time="0">
<skipped>
</skipped>
</testcase>
<testcase name="Authentication Tests › should be responsive on mobile" classname="auth/login.spec.js" time="0">
<skipped>
</skipped>
</testcase>
<testcase name="Login Page Performance › should load login page quickly" classname="auth/login.spec.js" time="0">
<skipped>
</skipped>
</testcase>
</testsuite>
<testsuite name="auth/signup-basic.spec.js" timestamp="2025-08-29T11:18:15.959Z" hostname="Microsoft Edge" tests="7" failures="0" skipped="7" time="0" errors="0">
<testcase name="Basic Signup Form Tests › should load signup page correctly" classname="auth/signup-basic.spec.js" time="0">
<skipped>
</skipped>
</testcase>
<testcase name="Basic Signup Form Tests › should show step 1 basic information fields" classname="auth/signup-basic.spec.js" time="0">
<skipped>
</skipped>
</testcase>
<testcase name="Basic Signup Form Tests › should fill basic information fields" classname="auth/signup-basic.spec.js" time="0">
<skipped>
</skipped>
</testcase>
<testcase name="Basic Signup Form Tests › should show Next button in step 1" classname="auth/signup-basic.spec.js" time="0">
<skipped>
</skipped>
</testcase>
<testcase name="Basic Signup Form Tests › should debug step navigation by clicking Next" classname="auth/signup-basic.spec.js" time="0">
<skipped>
</skipped>
</testcase>
<testcase name="Basic Signup Form Tests › should be mobile responsive" classname="auth/signup-basic.spec.js" time="0">
<skipped>
</skipped>
</testcase>
<testcase name="Signup Page Performance › should load signup page quickly" classname="auth/signup-basic.spec.js" time="0">
<skipped>
</skipped>
</testcase>
</testsuite>
<testsuite name="auth/signup.spec.js" timestamp="2025-08-29T11:18:15.959Z" hostname="Microsoft Edge" tests="14" failures="0" skipped="14" time="0" errors="0">
<testcase name="Signup Form Tests › should display signup form correctly" classname="auth/signup.spec.js" time="0">
<skipped>
</skipped>
</testcase>
<testcase name="Signup Form Tests › should show Step 1: Basic Information fields" classname="auth/signup.spec.js" time="0">
<skipped>
</skipped>
</testcase>
<testcase name="Signup Form Tests › should fill basic information correctly" classname="auth/signup.spec.js" time="0">
<skipped>
</skipped>
</testcase>
<testcase name="Signup Form Tests › should show validation errors for required fields" classname="auth/signup.spec.js" time="0">
<skipped>
</skipped>
</testcase>
<testcase name="Signup Form Tests › should validate password confirmation" classname="auth/signup.spec.js" time="0">
<skipped>
</skipped>
</testcase>
<testcase name="Signup Form Tests › should validate email format" classname="auth/signup.spec.js" time="0">
<skipped>
</skipped>
</testcase>
<testcase name="Signup Form Tests › should proceed to step 2 with valid basic information" classname="auth/signup.spec.js" time="0">
<skipped>
</skipped>
</testcase>
<testcase name="Signup Form Tests › should show role selection in step 2" classname="auth/signup.spec.js" time="0">
<skipped>
</skipped>
</testcase>
<testcase name="Signup Form Tests › should show artist fields when Artist role is selected" classname="auth/signup.spec.js" time="0">
<skipped>
</skipped>
</testcase>
<testcase name="Signup Form Tests › should navigate back to previous step" classname="auth/signup.spec.js" time="0">
<skipped>
</skipped>
</testcase>
<testcase name="Signup Form Tests › should require legal agreements in final step" classname="auth/signup.spec.js" time="0">
<skipped>
</skipped>
</testcase>
<testcase name="Signup Form Tests › should handle successful signup" classname="auth/signup.spec.js" time="0">
<skipped>
</skipped>
</testcase>
<testcase name="Signup Form Tests › should be mobile responsive" classname="auth/signup.spec.js" time="0">
<skipped>
</skipped>
</testcase>
<testcase name="Signup Page Performance › should load signup page quickly" classname="auth/signup.spec.js" time="0">
<skipped>
</skipped>
</testcase>
</testsuite>
<testsuite name="complete-yc-demo.spec.js" timestamp="2025-08-29T11:18:15.959Z" hostname="Microsoft Edge" tests="2" failures="0" skipped="2" time="0" errors="0">
<testcase name="Complete YC Demo - All 4 Core Features" classname="complete-yc-demo.spec.js" time="0">
<skipped>
</skipped>
</testcase>
<testcase name="Radio Station Feature Check" classname="complete-yc-demo.spec.js" time="0">
<skipped>
</skipped>
</testcase>
</testsuite>
<testsuite name="debug/debug-navigation.spec.js" timestamp="2025-08-29T11:18:15.959Z" hostname="Microsoft Edge" tests="1" failures="0" skipped="1" time="0" errors="0">
<testcase name="Debug Navigation Issues › debug page loading and routing" classname="debug/debug-navigation.spec.js" time="0">
<skipped>
</skipped>
</testcase>
</testsuite>
<testsuite name="end-to-end/complete-flows.spec.js" timestamp="2025-08-29T11:18:15.959Z" hostname="Microsoft Edge" tests="6" failures="0" skipped="6" time="0" errors="0">
<testcase name="Complete User Flows - End to End › complete artist onboarding and content upload flow" classname="end-to-end/complete-flows.spec.js" time="0">
<skipped>
</skipped>
</testcase>
<testcase name="Complete User Flows - End to End › gamer community engagement flow" classname="end-to-end/complete-flows.spec.js" time="0">
<skipped>
</skipped>
</testcase>
<testcase name="Complete User Flows - End to End › content creator monetization flow" classname="end-to-end/complete-flows.spec.js" time="0">
<skipped>
</skipped>
</testcase>
<testcase name="Complete User Flows - End to End › podcast listener discovery and engagement flow" classname="end-to-end/complete-flows.spec.js" time="0">
<skipped>
</skipped>
</testcase>
<testcase name="Complete User Flows - End to End › radio station creation and management flow" classname="end-to-end/complete-flows.spec.js" time="0">
<skipped>
</skipped>
</testcase>
<testcase name="Complete User Flows - End to End › complete marketplace seller journey" classname="end-to-end/complete-flows.spec.js" time="0">
<skipped>
</skipped>
</testcase>
</testsuite>
<testsuite name="features/basic-test.spec.js" timestamp="2025-08-29T11:18:15.959Z" hostname="Microsoft Edge" tests="3" failures="0" skipped="3" time="0" errors="0">
<testcase name="Basic Setup Validation › should load homepage" classname="features/basic-test.spec.js" time="0">
<skipped>
</skipped>
</testcase>
<testcase name="Basic Setup Validation › should check which routes exist" classname="features/basic-test.spec.js" time="0">
<skipped>
</skipped>
</testcase>
<testcase name="Basic Setup Validation › should check podcast-create page elements" classname="features/basic-test.spec.js" time="0">
<skipped>
</skipped>
</testcase>
</testsuite>
<testsuite name="features/content-creation.spec.js" timestamp="2025-08-29T11:18:15.959Z" hostname="Microsoft Edge" tests="28" failures="0" skipped="28" time="0" errors="0">
<testcase name="Content Creation Features › Podcast Creation and Management › should create new podcast" classname="features/content-creation.spec.js" time="0">
<skipped>
</skipped>
</testcase>
<testcase name="Content Creation Features › Podcast Creation and Management › should upload podcast episode" classname="features/content-creation.spec.js" time="0">
<skipped>
</skipped>
</testcase>
<testcase name="Content Creation Features › Podcast Creation and Management › should schedule episode for future release" classname="features/content-creation.spec.js" time="0">
<skipped>
</skipped>
</testcase>
<testcase name="Content Creation Features › Podcast Creation and Management › should add episode transcript" classname="features/content-creation.spec.js" time="0">
<skipped>
</skipped>
</testcase>
<testcase name="Content Creation Features › Podcast Creation and Management › should manage podcast monetization" classname="features/content-creation.spec.js" time="0">
<skipped>
</skipped>
</testcase>
<testcase name="Content Creation Features › Music Upload and Management › should upload single track" classname="features/content-creation.spec.js" time="0">
<skipped>
</skipped>
</testcase>
<testcase name="Content Creation Features › Music Upload and Management › should create album and add tracks" classname="features/content-creation.spec.js" time="0">
<skipped>
</skipped>
</testcase>
<testcase name="Content Creation Features › Music Upload and Management › should upload lyrics for tracks" classname="features/content-creation.spec.js" time="0">
<skipped>
</skipped>
</testcase>
<testcase name="Content Creation Features › Music Upload and Management › should manage music distribution" classname="features/content-creation.spec.js" time="0">
<skipped>
</skipped>
</testcase>
<testcase name="Content Creation Features › Video Content Creation › should upload video content" classname="features/content-creation.spec.js" time="0">
<skipped>
</skipped>
</testcase>
<testcase name="Content Creation Features › Video Content Creation › should create video playlist" classname="features/content-creation.spec.js" time="0">
<skipped>
</skipped>
</testcase>
<testcase name="Content Creation Features › Video Content Creation › should manage video channel settings" classname="features/content-creation.spec.js" time="0">
<skipped>
</skipped>
</testcase>
<testcase name="Content Creation Features › Radio Station Creation › should create radio station" classname="features/content-creation.spec.js" time="0">
<skipped>
</skipped>
</testcase>
<testcase name="Content Creation Features › Radio Station Creation › should upload station mix and manage playlist" classname="features/content-creation.spec.js" time="0">
<skipped>
</skipped>
</testcase>
<testcase name="Content Creation Features › Radio Station Creation › should configure live streaming" classname="features/content-creation.spec.js" time="0">
<skipped>
</skipped>
</testcase>
<testcase name="Content Creation Features › Content Drafts and Scheduling › should save content as draft" classname="features/content-creation.spec.js" time="0">
<skipped>
</skipped>
</testcase>
<testcase name="Content Creation Features › Content Drafts and Scheduling › should schedule content for publication" classname="features/content-creation.spec.js" time="0">
<skipped>
</skipped>
</testcase>
<testcase name="Content Creation Features › Content Drafts and Scheduling › should edit existing content" classname="features/content-creation.spec.js" time="0">
<skipped>
</skipped>
</testcase>
<testcase name="Content Creation Features › Content Analytics and Performance › should view content analytics" classname="features/content-creation.spec.js" time="0">
<skipped>
</skipped>
</testcase>
<testcase name="Content Creation Features › Content Analytics and Performance › should track content engagement" classname="features/content-creation.spec.js" time="0">
<skipped>
</skipped>
</testcase>
<testcase name="Content Creation Features › Content Collaboration › should invite collaborators" classname="features/content-creation.spec.js" time="0">
<skipped>
</skipped>
</testcase>
<testcase name="Content Creation Features › Content Collaboration › should manage collaboration permissions" classname="features/content-creation.spec.js" time="0">
<skipped>
</skipped>
</testcase>
<testcase name="Content Creation Features › Content Validation and Quality Control › should validate audio file formats and quality" classname="features/content-creation.spec.js" time="0">
<skipped>
</skipped>
</testcase>
<testcase name="Content Creation Features › Content Validation and Quality Control › should enforce content guidelines" classname="features/content-creation.spec.js" time="0">
<skipped>
</skipped>
</testcase>
<testcase name="Content Creation Features › Content Validation and Quality Control › should check for copyright compliance" classname="features/content-creation.spec.js" time="0">
<skipped>
</skipped>
</testcase>
<testcase name="Content Creation Features › Content Organization and Management › should organize content into collections" classname="features/content-creation.spec.js" time="0">
<skipped>
</skipped>
</testcase>
<testcase name="Content Creation Features › Content Organization and Management › should manage content tags and categories" classname="features/content-creation.spec.js" time="0">
<skipped>
</skipped>
</testcase>
<testcase name="Content Creation Features › Content Organization and Management › should bulk manage content" classname="features/content-creation.spec.js" time="0">
<skipped>
</skipped>
</testcase>
</testsuite>
<testsuite name="features/dashboards.spec.js" timestamp="2025-08-29T11:18:15.959Z" hostname="Microsoft Edge" tests="47" failures="0" skipped="47" time="0" errors="0">
<testcase name="Dashboard Features › Creator Dashboard › should display creator dashboard overview" classname="features/dashboards.spec.js" time="0">
<skipped>
</skipped>
</testcase>
<testcase name="Dashboard Features › Creator Dashboard › should display content performance analytics" classname="features/dashboards.spec.js" time="0">
<skipped>
</skipped>
</testcase>
<testcase name="Dashboard Features › Creator Dashboard › should show recent activity feed" classname="features/dashboards.spec.js" time="0">
<skipped>
</skipped>
</testcase>
<testcase name="Dashboard Features › Creator Dashboard › should provide quick action buttons" classname="features/dashboards.spec.js" time="0">
<skipped>
</skipped>
</testcase>
<testcase name="Dashboard Features › Creator Dashboard › should display revenue breakdown" classname="features/dashboards.spec.js" time="0">
<skipped>
</skipped>
</testcase>
<testcase name="Dashboard Features › Creator Dashboard › should show content library overview" classname="features/dashboards.spec.js" time="0">
<skipped>
</skipped>
</testcase>
<testcase name="Dashboard Features › Artist Dashboard › should display artist dashboard overview" classname="features/dashboards.spec.js" time="0">
<skipped>
</skipped>
</testcase>
<testcase name="Dashboard Features › Artist Dashboard › should show music distribution analytics" classname="features/dashboards.spec.js" time="0">
<skipped>
</skipped>
</testcase>
<testcase name="Dashboard Features › Artist Dashboard › should display top performing tracks" classname="features/dashboards.spec.js" time="0">
<skipped>
</skipped>
</testcase>
<testcase name="Dashboard Features › Artist Dashboard › should show geographical insights" classname="features/dashboards.spec.js" time="0">
<skipped>
</skipped>
</testcase>
<testcase name="Dashboard Features › Artist Dashboard › should display royalty earnings" classname="features/dashboards.spec.js" time="0">
<skipped>
</skipped>
</testcase>
<testcase name="Dashboard Features › Artist Dashboard › should show release calendar" classname="features/dashboards.spec.js" time="0">
<skipped>
</skipped>
</testcase>
<testcase name="Dashboard Features › Podcast Dashboard › should display podcast dashboard overview" classname="features/dashboards.spec.js" time="0">
<skipped>
</skipped>
</testcase>
<testcase name="Dashboard Features › Podcast Dashboard › should show podcast performance metrics" classname="features/dashboards.spec.js" time="0">
<skipped>
</skipped>
</testcase>
<testcase name="Dashboard Features › Podcast Dashboard › should manage podcast episodes" classname="features/dashboards.spec.js" time="0">
<skipped>
</skipped>
</testcase>
<testcase name="Dashboard Features › Podcast Dashboard › should display audience demographics" classname="features/dashboards.spec.js" time="0">
<skipped>
</skipped>
</testcase>
<testcase name="Dashboard Features › Podcast Dashboard › should show monetization overview" classname="features/dashboards.spec.js" time="0">
<skipped>
</skipped>
</testcase>
<testcase name="Dashboard Features › Radio Dashboard › should display radio dashboard overview" classname="features/dashboards.spec.js" time="0">
<skipped>
</skipped>
</testcase>
<testcase name="Dashboard Features › Radio Dashboard › should show live streaming controls" classname="features/dashboards.spec.js" time="0">
<skipped>
</skipped>
</testcase>
<testcase name="Dashboard Features › Radio Dashboard › should display real-time listener metrics" classname="features/dashboards.spec.js" time="0">
<skipped>
</skipped>
</testcase>
<testcase name="Dashboard Features › Radio Dashboard › should manage playlist and rotation" classname="features/dashboards.spec.js" time="0">
<skipped>
</skipped>
</testcase>
<testcase name="Dashboard Features › Radio Dashboard › should show station analytics" classname="features/dashboards.spec.js" time="0">
<skipped>
</skipped>
</testcase>
<testcase name="Dashboard Features › Video Dashboard › should display video dashboard overview" classname="features/dashboards.spec.js" time="0">
<skipped>
</skipped>
</testcase>
<testcase name="Dashboard Features › Video Dashboard › should show video performance analytics" classname="features/dashboards.spec.js" time="0">
<skipped>
</skipped>
</testcase>
<testcase name="Dashboard Features › Video Dashboard › should manage video library" classname="features/dashboards.spec.js" time="0">
<skipped>
</skipped>
</testcase>
<testcase name="Dashboard Features › Video Dashboard › should display audience retention analytics" classname="features/dashboards.spec.js" time="0">
<skipped>
</skipped>
</testcase>
<testcase name="Dashboard Features › Video Dashboard › should show channel growth metrics" classname="features/dashboards.spec.js" time="0">
<skipped>
</skipped>
</testcase>
<testcase name="Dashboard Features › Sales Dashboard › should display sales dashboard overview" classname="features/dashboards.spec.js" time="0">
<skipped>
</skipped>
</testcase>
<testcase name="Dashboard Features › Sales Dashboard › should show revenue analytics" classname="features/dashboards.spec.js" time="0">
<skipped>
</skipped>
</testcase>
<testcase name="Dashboard Features › Sales Dashboard › should display product performance" classname="features/dashboards.spec.js" time="0">
<skipped>
</skipped>
</testcase>
<testcase name="Dashboard Features › Sales Dashboard › should manage orders and fulfillment" classname="features/dashboards.spec.js" time="0">
<skipped>
</skipped>
</testcase>
<testcase name="Dashboard Features › Sales Dashboard › should show customer analytics" classname="features/dashboards.spec.js" time="0">
<skipped>
</skipped>
</testcase>
<testcase name="Dashboard Features › Sales Dashboard › should manage payout requests" classname="features/dashboards.spec.js" time="0">
<skipped>
</skipped>
</testcase>
<testcase name="Dashboard Features › Label Dashboard › should display label dashboard overview" classname="features/dashboards.spec.js" time="0">
<skipped>
</skipped>
</testcase>
<testcase name="Dashboard Features › Label Dashboard › should manage artist roster" classname="features/dashboards.spec.js" time="0">
<skipped>
</skipped>
</testcase>
<testcase name="Dashboard Features › Label Dashboard › should show release planning" classname="features/dashboards.spec.js" time="0">
<skipped>
</skipped>
</testcase>
<testcase name="Dashboard Features › Label Dashboard › should display label analytics" classname="features/dashboards.spec.js" time="0">
<skipped>
</skipped>
</testcase>
<testcase name="Dashboard Features › Label Dashboard › should manage contracts and agreements" classname="features/dashboards.spec.js" time="0">
<skipped>
</skipped>
</testcase>
<testcase name="Dashboard Features › Dashboard Navigation and Integration › should navigate between different dashboards" classname="features/dashboards.spec.js" time="0">
<skipped>
</skipped>
</testcase>
<testcase name="Dashboard Features › Dashboard Navigation and Integration › should maintain consistent UI elements across dashboards" classname="features/dashboards.spec.js" time="0">
<skipped>
</skipped>
</testcase>
<testcase name="Dashboard Features › Dashboard Navigation and Integration › should display real-time updates" classname="features/dashboards.spec.js" time="0">
<skipped>
</skipped>
</testcase>
<testcase name="Dashboard Features › Dashboard Navigation and Integration › should handle dashboard permissions correctly" classname="features/dashboards.spec.js" time="0">
<skipped>
</skipped>
</testcase>
<testcase name="Dashboard Features › Dashboard Navigation and Integration › should export dashboard data" classname="features/dashboards.spec.js" time="0">
<skipped>
</skipped>
</testcase>
<testcase name="Dashboard Features › Dashboard Navigation and Integration › should customize dashboard layout" classname="features/dashboards.spec.js" time="0">
<skipped>
</skipped>
</testcase>
<testcase name="Dashboard Features › Dashboard Performance and Responsiveness › should load dashboards quickly" classname="features/dashboards.spec.js" time="0">
<skipped>
</skipped>
</testcase>
<testcase name="Dashboard Features › Dashboard Performance and Responsiveness › should work on mobile devices" classname="features/dashboards.spec.js" time="0">
<skipped>
</skipped>
</testcase>
<testcase name="Dashboard Features › Dashboard Performance and Responsiveness › should handle large datasets efficiently" classname="features/dashboards.spec.js" time="0">
<skipped>
</skipped>
</testcase>
</testsuite>
<testsuite name="features/debug-page.spec.js" timestamp="2025-08-29T11:18:15.959Z" hostname="Microsoft Edge" tests="1" failures="0" skipped="1" time="0" errors="0">
<testcase name="debug podcast-create page content" classname="features/debug-page.spec.js" time="0">
<skipped>
</skipped>
</testcase>
</testsuite>
<testsuite name="features/gaming.spec.js" timestamp="2025-08-29T11:18:15.959Z" hostname="Microsoft Edge" tests="18" failures="0" skipped="18" time="0" errors="0">
<testcase name="StreamPireX Gaming Features › Authentication for Gaming Features › should allow user to sign up with gaming preferences" classname="features/gaming.spec.js" time="0">
<skipped>
</skipped>
</testcase>
<testcase name="StreamPireX Gaming Features › Authentication for Gaming Features › should login and access gaming features" classname="features/gaming.spec.js" time="0">
<skipped>
</skipped>
</testcase>
<testcase name="StreamPireX Gaming Features › Gamer Profile Management › should create and update gamer profile" classname="features/gaming.spec.js" time="0">
<skipped>
</skipped>
</testcase>
<testcase name="StreamPireX Gaming Features › Gamer Profile Management › should display gamer profile correctly" classname="features/gaming.spec.js" time="0">
<skipped>
</skipped>
</testcase>
<testcase name="StreamPireX Gaming Features › Squad Finder Feature › should access squad finder page" classname="features/gaming.spec.js" time="0">
<skipped>
</skipped>
</testcase>
<testcase name="StreamPireX Gaming Features › Squad Finder Feature › should search for squad members" classname="features/gaming.spec.js" time="0">
<skipped>
</skipped>
</testcase>
<testcase name="StreamPireX Gaming Features › Squad Finder Feature › should create squad listing" classname="features/gaming.spec.js" time="0">
<skipped>
</skipped>
</testcase>
<testcase name="StreamPireX Gaming Features › Team Rooms Feature › should create team room" classname="features/gaming.spec.js" time="0">
<skipped>
</skipped>
</testcase>
<testcase name="StreamPireX Gaming Features › Team Rooms Feature › should join team room" classname="features/gaming.spec.js" time="0">
<skipped>
</skipped>
</testcase>
<testcase name="StreamPireX Gaming Features › Gaming Analytics › should display gaming analytics dashboard" classname="features/gaming.spec.js" time="0">
<skipped>
</skipped>
</testcase>
<testcase name="StreamPireX Gaming Features › Gaming Analytics › should fetch gaming analytics data" classname="features/gaming.spec.js" time="0">
<skipped>
</skipped>
</testcase>
<testcase name="StreamPireX Gaming Features › Video Chat Integration › should display video chat options in gamer profile" classname="features/gaming.spec.js" time="0">
<skipped>
</skipped>
</testcase>
<testcase name="StreamPireX Gaming Features › Video Chat Integration › should test WebRTC capabilities detection" classname="features/gaming.spec.js" time="0">
<skipped>
</skipped>
</testcase>
<testcase name="StreamPireX Gaming Features › Gaming Features API Integration › should handle gaming API endpoints" classname="features/gaming.spec.js" time="0">
<skipped>
</skipped>
</testcase>
<testcase name="StreamPireX Gaming Features › Gaming Features API Integration › should handle team room creation API" classname="features/gaming.spec.js" time="0">
<skipped>
</skipped>
</testcase>
<testcase name="StreamPireX Gaming Features › Gaming Features Pricing Integration › should display gaming features in pricing plans" classname="features/gaming.spec.js" time="0">
<skipped>
</skipped>
</testcase>
<testcase name="StreamPireX Gaming Features › Error Handling and Edge Cases › should handle network errors gracefully" classname="features/gaming.spec.js" time="0">
<skipped>
</skipped>
</testcase>
<testcase name="StreamPireX Gaming Features › Error Handling and Edge Cases › should handle missing gaming features gracefully" classname="features/gaming.spec.js" time="0">
<skipped>
</skipped>
</testcase>
</testsuite>
<testsuite name="features/marketplace.spec.js" timestamp="2025-08-29T11:18:15.959Z" hostname="Microsoft Edge" tests="14" failures="0" skipped="14" time="0" errors="0">
<testcase name="Marketplace Tests › should load marketplace page successfully" classname="features/marketplace.spec.js" time="0">
<skipped>
</skipped>
</testcase>
<testcase name="Marketplace Tests › should display products correctly" classname="features/marketplace.spec.js" time="0">
<skipped>
</skipped>
</testcase>
<testcase name="Marketplace Tests › should search for products" classname="features/marketplace.spec.js" time="0">
<skipped>
</skipped>
</testcase>
<testcase name="Marketplace Tests › should filter products by category" classname="features/marketplace.spec.js" time="0">
<skipped>
</skipped>
</testcase>
<testcase name="Marketplace Tests › should add product to cart (requires authentication)" classname="features/marketplace.spec.js" time="0">
<skipped>
</skipped>
</testcase>
<testcase name="Marketplace Tests › should view product details" classname="features/marketplace.spec.js" time="0">
<skipped>
</skipped>
</testcase>
<testcase name="Marketplace Tests › should navigate to shopping cart" classname="features/marketplace.spec.js" time="0">
<skipped>
</skipped>
</testcase>
<testcase name="Marketplace Tests › should complete checkout process (authenticated user)" classname="features/marketplace.spec.js" time="0">
<skipped>
</skipped>
</testcase>
<testcase name="Marketplace Performance Tests › marketplace page should load within 5 seconds" classname="features/marketplace.spec.js" time="0">
<skipped>
</skipped>
</testcase>
<testcase name="Marketplace Performance Tests › product search should respond quickly" classname="features/marketplace.spec.js" time="0">
<skipped>
</skipped>
</testcase>
<testcase name="Marketplace Mobile Tests › should be mobile responsive" classname="features/marketplace.spec.js" time="0">
<skipped>
</skipped>
</testcase>
<testcase name="Marketplace Mobile Tests › mobile product cards should be touchable" classname="features/marketplace.spec.js" time="0">
<skipped>
</skipped>
</testcase>
<testcase name="Marketplace Error Handling › should handle network errors gracefully" classname="features/marketplace.spec.js" time="0">
<skipped>
</skipped>
</testcase>
<testcase name="Marketplace Error Handling › should handle empty marketplace state" classname="features/marketplace.spec.js" time="0">
<skipped>
</skipped>
</testcase>
</testsuite>
<testsuite name="features/music-distribution.spec.js" timestamp="2025-08-29T11:18:15.959Z" hostname="Microsoft Edge" tests="13" failures="0" skipped="13" time="0" errors="0">
<testcase name="Music Distribution Features › should access music distribution page" classname="features/music-distribution.spec.js" time="0">
<skipped>
</skipped>
</testcase>
<testcase name="Music Distribution Features › should display distribution platforms" classname="features/music-distribution.spec.js" time="0">
<skipped>
</skipped>
</testcase>
<testcase name="Music Distribution Features › should create new release" classname="features/music-distribution.spec.js" time="0">
<skipped>
</skipped>
</testcase>
<testcase name="Music Distribution Features › should upload track to release" classname="features/music-distribution.spec.js" time="0">
<skipped>
</skipped>
</testcase>
<testcase name="Music Distribution Features › should upload lyrics for track" classname="features/music-distribution.spec.js" time="0">
<skipped>
</skipped>
</testcase>
<testcase name="Music Distribution Features › should manage collaborator splits" classname="features/music-distribution.spec.js" time="0">
<skipped>
</skipped>
</testcase>
<testcase name="Music Distribution Features › should view release list" classname="features/music-distribution.spec.js" time="0">
<skipped>
</skipped>
</testcase>
<testcase name="Music Distribution Features › should track distribution status" classname="features/music-distribution.spec.js" time="0">
<skipped>
</skipped>
</testcase>
<testcase name="Music Distribution Features › should generate ISRC codes" classname="features/music-distribution.spec.js" time="0">
<skipped>
</skipped>
</testcase>
<testcase name="Music Distribution Features › should set release pricing" classname="features/music-distribution.spec.js" time="0">
<skipped>
</skipped>
</testcase>
<testcase name="Music Distribution Features › should schedule release date" classname="features/music-distribution.spec.js" time="0">
<skipped>
</skipped>
</testcase>
<testcase name="Music Distribution Features › should handle distribution errors" classname="features/music-distribution.spec.js" time="0">
<skipped>
</skipped>
</testcase>
<testcase name="Music Distribution Features › should export distribution analytics" classname="features/music-distribution.spec.js" time="0">
<skipped>
</skipped>
</testcase>
</testsuite>
<testsuite name="features/podcasts.spec.js" timestamp="2025-08-29T11:18:15.959Z" hostname="Microsoft Edge" tests="19" failures="0" skipped="19" time="0" errors="0">
<testcase name="Podcast Features › should browse podcast categories" classname="features/podcasts.spec.js" time="0">
<skipped>
</skipped>
</testcase>
<testcase name="Podcast Features › should navigate to category page" classname="features/podcasts.spec.js" time="0">
<skipped>
</skipped>
</testcase>
<testcase name="Podcast Features › should view podcast details" classname="features/podcasts.spec.js" time="0">
<skipped>
</skipped>
</testcase>
<testcase name="Podcast Features › should play podcast episode" classname="features/podcasts.spec.js" time="0">
<skipped>
</skipped>
</testcase>
<testcase name="Podcast Features › should control audio playback" classname="features/podcasts.spec.js" time="0">
<skipped>
</skipped>
</testcase>
<testcase name="Podcast Features › should create new podcast" classname="features/podcasts.spec.js" time="0">
<skipped>
</skipped>
</testcase>
<testcase name="Podcast Features › should upload podcast episode" classname="features/podcasts.spec.js" time="0">
<skipped>
</skipped>
</testcase>
<testcase name="Podcast Features › should manage podcast dashboard" classname="features/podcasts.spec.js" time="0">
<skipped>
</skipped>
</testcase>
<testcase name="Podcast Features › should edit existing podcast" classname="features/podcasts.spec.js" time="0">
<skipped>
</skipped>
</testcase>
<testcase name="Podcast Features › should manage episode scheduling" classname="features/podcasts.spec.js" time="0">
<skipped>
</skipped>
</testcase>
<testcase name="Podcast Features › should view podcast analytics" classname="features/podcasts.spec.js" time="0">
<skipped>
</skipped>
</testcase>
<testcase name="Podcast Features › should manage podcast RSS feed" classname="features/podcasts.spec.js" time="0">
<skipped>
</skipped>
</testcase>
<testcase name="Podcast Features › should handle podcast monetization" classname="features/podcasts.spec.js" time="0">
<skipped>
</skipped>
</testcase>
<testcase name="Podcast Features › should manage episode transcripts" classname="features/podcasts.spec.js" time="0">
<skipped>
</skipped>
</testcase>
<testcase name="Podcast Features › should handle podcast sharing and social media" classname="features/podcasts.spec.js" time="0">
<skipped>
</skipped>
</testcase>
<testcase name="Podcast Features › should support podcast search and filtering" classname="features/podcasts.spec.js" time="0">
<skipped>
</skipped>
</testcase>
<testcase name="Podcast Features › should handle podcast subscriptions" classname="features/podcasts.spec.js" time="0">
<skipped>
</skipped>
</testcase>
<testcase name="Podcast Features › should handle podcast comments and reviews" classname="features/podcasts.spec.js" time="0">
<skipped>
</skipped>
</testcase>
<testcase name="Podcast Features › should support podcast playlists" classname="features/podcasts.spec.js" time="0">
<skipped>
</skipped>
</testcase>
</testsuite>
<testsuite name="features/radio-streaming.spec.js" timestamp="2025-08-29T11:18:15.959Z" hostname="Microsoft Edge" tests="13" failures="0" skipped="13" time="0" errors="0">
<testcase name="Radio Streaming &amp; Broadcasting Features › should configure stream settings" classname="features/radio-streaming.spec.js" time="0">
<skipped>
</skipped>
</testcase>
<testcase name="Radio Streaming &amp; Broadcasting Features › should handle live streaming with OBS" classname="features/radio-streaming.spec.js" time="0">
<skipped>
</skipped>
</testcase>
<testcase name="Radio Streaming &amp; Broadcasting Features › should manage automated playlists" classname="features/radio-streaming.spec.js" time="0">
<skipped>
</skipped>
</testcase>
<testcase name="Radio Streaming &amp; Broadcasting Features › should handle crossfading and transitions" classname="features/radio-streaming.spec.js" time="0">
<skipped>
</skipped>
</testcase>
<testcase name="Radio Streaming &amp; Broadcasting Features › should manage DJ mode and live mixing" classname="features/radio-streaming.spec.js" time="0">
<skipped>
</skipped>
</testcase>
<testcase name="Radio Streaming &amp; Broadcasting Features › should handle listener interactions" classname="features/radio-streaming.spec.js" time="0">
<skipped>
</skipped>
</testcase>
<testcase name="Radio Streaming &amp; Broadcasting Features › should monitor stream health and analytics" classname="features/radio-streaming.spec.js" time="0">
<skipped>
</skipped>
</testcase>
<testcase name="Radio Streaming &amp; Broadcasting Features › should handle emergency broadcasting" classname="features/radio-streaming.spec.js" time="0">
<skipped>
</skipped>
</testcase>
<testcase name="Radio Streaming &amp; Broadcasting Features › should manage station scheduling" classname="features/radio-streaming.spec.js" time="0">
<skipped>
</skipped>
</testcase>
<testcase name="Radio Streaming &amp; Broadcasting Features › should handle audio processing and effects" classname="features/radio-streaming.spec.js" time="0">
<skipped>
</skipped>
</testcase>
<testcase name="Radio Streaming &amp; Broadcasting Features › should manage station metadata and RDS" classname="features/radio-streaming.spec.js" time="0">
<skipped>
</skipped>
</testcase>
<testcase name="Radio Streaming &amp; Broadcasting Features › should handle stream recording and archiving" classname="features/radio-streaming.spec.js" time="0">
<skipped>
</skipped>
</testcase>
<testcase name="Radio Streaming &amp; Broadcasting Features › should manage multi-bitrate streaming" classname="features/radio-streaming.spec.js" time="0">
<skipped>
</skipped>
</testcase>
</testsuite>
<testsuite name="features/radio.spec.js" timestamp="2025-08-29T11:18:15.959Z" hostname="Microsoft Edge" tests="15" failures="0" skipped="15" time="0" errors="0">
<testcase name="Radio Station Features › should browse radio stations" classname="features/radio.spec.js" time="0">
<skipped>
</skipped>
</testcase>
<testcase name="Radio Station Features › should filter stations by genre" classname="features/radio.spec.js" time="0">
<skipped>
</skipped>
</testcase>
<testcase name="Radio Station Features › should play radio station" classname="features/radio.spec.js" time="0">
<skipped>
</skipped>
</testcase>
<testcase name="Radio Station Features › should access radio station dashboard" classname="features/radio.spec.js" time="0">
<skipped>
</skipped>
</testcase>
<testcase name="Radio Station Features › should create new radio station" classname="features/radio.spec.js" time="0">
<skipped>
</skipped>
</testcase>
<testcase name="Radio Station Features › should upload station mix" classname="features/radio.spec.js" time="0">
<skipped>
</skipped>
</testcase>
<testcase name="Radio Station Features › should manage radio playlist" classname="features/radio.spec.js" time="0">
<skipped>
</skipped>
</testcase>
<testcase name="Radio Station Features › should start and stop broadcasting" classname="features/radio.spec.js" time="0">
<skipped>
</skipped>
</testcase>
<testcase name="Radio Station Features › should display listener statistics" classname="features/radio.spec.js" time="0">
<skipped>
</skipped>
</testcase>
<testcase name="Radio Station Features › should configure station settings" classname="features/radio.spec.js" time="0">
<skipped>
</skipped>
</testcase>
<testcase name="Radio Station Features › should handle song submissions" classname="features/radio.spec.js" time="0">
<skipped>
</skipped>
</testcase>
<testcase name="Radio Station Features › should schedule programming" classname="features/radio.spec.js" time="0">
<skipped>
</skipped>
</testcase>
<testcase name="Radio Station Features › should display now playing information" classname="features/radio.spec.js" time="0">
<skipped>
</skipped>
</testcase>
<testcase name="Radio Station Features › should handle audio quality selection" classname="features/radio.spec.js" time="0">
<skipped>
</skipped>
</testcase>
<testcase name="Radio Station Features › should support station favorites" classname="features/radio.spec.js" time="0">
<skipped>
</skipped>
</testcase>
</testsuite>
<testsuite name="navigation/navbar.spec.js" timestamp="2025-08-29T11:18:15.959Z" hostname="Microsoft Edge" tests="20" failures="0" skipped="20" time="0" errors="0">
<testcase name="Navbar Navigation Tests › should display all navbar links correctly" classname="navigation/navbar.spec.js" time="0">
<skipped>
</skipped>
</testcase>
<testcase name="Navbar Navigation Tests › should navigate to pricing plans" classname="navigation/navbar.spec.js" time="0">
<skipped>
</skipped>
</testcase>
<testcase name="Navbar Navigation Tests › should navigate to home page via logo" classname="navigation/navbar.spec.js" time="0">
<skipped>
</skipped>
</testcase>
<testcase name="Navbar Navigation Tests › should navigate to podcasts page" classname="navigation/navbar.spec.js" time="0">
<skipped>
</skipped>
</testcase>
<testcase name="Navbar Navigation Tests › should navigate to videos page" classname="navigation/navbar.spec.js" time="0">
<skipped>
</skipped>
</testcase>
<testcase name="Navbar Navigation Tests › should navigate to radio page" classname="navigation/navbar.spec.js" time="0">
<skipped>
</skipped>
</testcase>
<testcase name="Navbar Navigation Tests › should navigate to live streams page" classname="navigation/navbar.spec.js" time="0">
<skipped>
</skipped>
</testcase>
<testcase name="Navbar Navigation Tests › should navigate to login page" classname="navigation/navbar.spec.js" time="0">
<skipped>
</skipped>
</testcase>
<testcase name="Navbar Navigation Tests › should navigate to signup page" classname="navigation/navbar.spec.js" time="0">
<skipped>
</skipped>
</testcase>
<testcase name="Navbar Navigation Tests › should show active state for current page" classname="navigation/navbar.spec.js" time="0">
<skipped>
</skipped>
</testcase>
<testcase name="Navbar Navigation Tests › should be responsive on mobile" classname="navigation/navbar.spec.js" time="0">
<skipped>
</skipped>
</testcase>
<testcase name="Navbar Navigation Tests › should close mobile menu when link is clicked" classname="navigation/navbar.spec.js" time="0">
<skipped>
</skipped>
</testcase>
<testcase name="Navbar Navigation Tests › should handle navbar sticky positioning" classname="navigation/navbar.spec.js" time="0">
<skipped>
</skipped>
</testcase>
<testcase name="Navbar User Authentication States › should show user menu when logged in" classname="navigation/navbar.spec.js" time="0">
<skipped>
</skipped>
</testcase>
<testcase name="Navbar User Authentication States › should show logout functionality" classname="navigation/navbar.spec.js" time="0">
<skipped>
</skipped>
</testcase>
<testcase name="Navbar Performance Tests › should load navbar quickly" classname="navigation/navbar.spec.js" time="0">
<skipped>
</skipped>
</testcase>
<testcase name="Navbar Performance Tests › should handle rapid navigation clicks" classname="navigation/navbar.spec.js" time="0">
<skipped>
</skipped>
</testcase>
<testcase name="Navbar Accessibility Tests › should be keyboard navigable" classname="navigation/navbar.spec.js" time="0">
<skipped>
</skipped>
</testcase>
<testcase name="Navbar Accessibility Tests › should have proper ARIA attributes" classname="navigation/navbar.spec.js" time="0">
<skipped>
</skipped>
</testcase>
<testcase name="Debug Tests › debug logout selector" classname="navigation/navbar.spec.js" time="0">
<properties>
<property name="skip" value="">
</property>
</properties>
<skipped>
</skipped>
</testcase>
</testsuite>
<testsuite name="navigation/sidebar.spec.js" timestamp="2025-08-29T11:18:15.959Z" hostname="Microsoft Edge" tests="24" failures="0" skipped="24" time="0" errors="0">
<testcase name="Sidebar Navigation Tests › should display sidebar structure correctly" classname="navigation/sidebar.spec.js" time="0">
<skipped>
</skipped>
</testcase>
<testcase name="Sidebar Navigation Tests › should show user profile links" classname="navigation/sidebar.spec.js" time="0">
<skipped>
</skipped>
</testcase>
<testcase name="Sidebar Navigation Tests › should show dashboard links" classname="navigation/sidebar.spec.js" time="0">
<skipped>
</skipped>
</testcase>
<testcase name="Sidebar Navigation Tests › should show indie artist links" classname="navigation/sidebar.spec.js" time="0">
<skipped>
</skipped>
</testcase>
<testcase name="Sidebar Navigation Tests › should show gaming section with toggle functionality" classname="navigation/sidebar.spec.js" time="0">
<skipped>
</skipped>
</testcase>
<testcase name="Sidebar Navigation Tests › should show notification badges on gaming links" classname="navigation/sidebar.spec.js" time="0">
<skipped>
</skipped>
</testcase>
<testcase name="Sidebar Navigation Tests › should show podcast section links" classname="navigation/sidebar.spec.js" time="0">
<skipped>
</skipped>
</testcase>
<testcase name="Sidebar Navigation Tests › should show video section links" classname="navigation/sidebar.spec.js" time="0">
<skipped>
</skipped>
</testcase>
<testcase name="Sidebar Navigation Tests › should show radio section links" classname="navigation/sidebar.spec.js" time="0">
<skipped>
</skipped>
</testcase>
<testcase name="Sidebar Navigation Tests › should show live streaming section links" classname="navigation/sidebar.spec.js" time="0">
<skipped>
</skipped>
</testcase>
<testcase name="Sidebar Navigation Tests › should show marketplace section links" classname="navigation/sidebar.spec.js" time="0">
<skipped>
</skipped>
</testcase>
<testcase name="Sidebar Navigation Tests › should show account section links" classname="navigation/sidebar.spec.js" time="0">
<skipped>
</skipped>
</testcase>
<testcase name="Sidebar Navigation Tests › should navigate to profile pages correctly" classname="navigation/sidebar.spec.js" time="0">
<skipped>
</skipped>
</testcase>
<testcase name="Sidebar Navigation Tests › should navigate to dashboard pages correctly" classname="navigation/sidebar.spec.js" time="0">
<skipped>
</skipped>
</testcase>
<testcase name="Sidebar Navigation Tests › should navigate to marketplace correctly" classname="navigation/sidebar.spec.js" time="0">
<skipped>
</skipped>
</testcase>
<testcase name="Sidebar Navigation Tests › should show active states correctly" classname="navigation/sidebar.spec.js" time="0">
<skipped>
</skipped>
</testcase>
<testcase name="Sidebar Navigation Tests › should persist gaming section toggle state" classname="navigation/sidebar.spec.js" time="0">
<skipped>
</skipped>
</testcase>
<testcase name="Sidebar Responsive Tests › should be responsive on mobile" classname="navigation/sidebar.spec.js" time="0">
<skipped>
</skipped>
</testcase>
<testcase name="Sidebar Responsive Tests › should handle tablet viewport" classname="navigation/sidebar.spec.js" time="0">
<skipped>
</skipped>
</testcase>
<testcase name="Sidebar Performance Tests › should load sidebar quickly" classname="navigation/sidebar.spec.js" time="0">
<skipped>
</skipped>
</testcase>
<testcase name="Sidebar Performance Tests › should handle rapid section toggling" classname="navigation/sidebar.spec.js" time="0">
<skipped>
</skipped>
</testcase>
<testcase name="Sidebar Accessibility Tests › should be keyboard navigable" classname="navigation/sidebar.spec.js" time="0">
<skipped>
</skipped>
</testcase>
<testcase name="Sidebar Accessibility Tests › should have proper ARIA attributes" classname="navigation/sidebar.spec.js" time="0">
<skipped>
</skipped>
</testcase>
<testcase name="Sidebar Accessibility Tests › should handle focus management" classname="navigation/sidebar.spec.js" time="0">
<skipped>
</skipped>
</testcase>
</testsuite>
<testsuite name="specs/background.spec.js" timestamp="2025-08-29T11:18:15.959Z" hostname="Microsoft Edge" tests="16" failures="0" skipped="16" time="0" errors="0">
<testcase name="Background Integration Tests › Authentication Flow › should complete user registration and login flow" classname="specs/background.spec.js" time="0">
<skipped>
</skipped>
</testcase>
<testcase name="Background Integration Tests › Music Platform Features › should navigate through music upload flow" classname="specs/background.spec.js" time="0">
<skipped>
</skipped>
</testcase>
<testcase name="Background Integration Tests › Music Platform Features › should browse and interact with music content" classname="specs/background.spec.js" time="0">
<skipped>
</skipped>
</testcase>
<testcase name="Background Integration Tests › Podcast Features › should navigate podcast creation flow" classname="specs/background.spec.js" time="0">
<skipped>
</skipped>
</testcase>
<testcase name="Background Integration Tests › Podcast Features › should browse podcast categories" classname="specs/background.spec.js" time="0">
<skipped>
</skipped>
</testcase>
<testcase name="Background Integration Tests › Video Features › should access video dashboard and upload flow" classname="specs/background.spec.js" time="0">
<skipped>
</skipped>
</testcase>
<testcase name="Background Integration Tests › Marketplace Features › should browse marketplace and add items to cart" classname="specs/background.spec.js" time="0">
<skipped>
</skipped>
</testcase>
<testcase name="Background Integration Tests › Live Streaming Features › should access live streaming interface" classname="specs/background.spec.js" time="0">
<skipped>
</skipped>
</testcase>
<testcase name="Background Integration Tests › Radio Station Features › should create and manage radio station" classname="specs/background.spec.js" time="0">
<skipped>
</skipped>
</testcase>
<testcase name="Background Integration Tests › User Profile and Settings › should update user profile settings" classname="specs/background.spec.js" time="0">
<skipped>
</skipped>
</testcase>
<testcase name="Background Integration Tests › User Profile and Settings › should navigate settings page" classname="specs/background.spec.js" time="0">
<skipped>
</skipped>
</testcase>
<testcase name="Background Integration Tests › Pricing and Subscription › should display pricing plans" classname="specs/background.spec.js" time="0">
<skipped>
</skipped>
</testcase>
<testcase name="Background Integration Tests › Search and Discovery › should perform global search" classname="specs/background.spec.js" time="0">
<skipped>
</skipped>
</testcase>
<testcase name="Background Integration Tests › Notifications › should access notifications page" classname="specs/background.spec.js" time="0">
<skipped>
</skipped>
</testcase>
<testcase name="Background Integration Tests › Error Handling › should handle 404 pages gracefully" classname="specs/background.spec.js" time="0">
<skipped>
</skipped>
</testcase>
<testcase name="Background Integration Tests › Error Handling › should handle network errors gracefully" classname="specs/background.spec.js" time="0">
<skipped>
</skipped>
</testcase>
</testsuite>
<testsuite name="streampirex-demo.spec.js" timestamp="2025-08-29T11:18:15.959Z" hostname="Microsoft Edge" tests="4" failures="0" skipped="4" time="0" errors="0">
<testcase name="StreampireX Homepage Loads" classname="streampirex-demo.spec.js" time="0">
<skipped>
</skipped>
</testcase>
<testcase name="Key Features Are Visible" classname="streampirex-demo.spec.js" time="0">
<skipped>
</skipped>
</testcase>
<testcase name="Navigation Elements Present" classname="streampirex-demo.spec.js" time="0">
<skipped>
</skipped>
</testcase>
<testcase name="YC Demo Flow - Multi-Modal Platform" classname="streampirex-demo.spec.js" time="0">
<skipped>
</skipped>
</testcase>
</testsuite>
<testsuite name="api/backend.spec.js" timestamp="2025-08-29T11:18:15.959Z" hostname="Google Chrome" tests="7" failures="0" skipped="7" time="0" errors="0">
<testcase name="Backend API Tests - Minimal › Core Functionality › should connect to backend server" classname="api/backend.spec.js" time="0">
<skipped>
</skipped>
</testcase>
<testcase name="Backend API Tests - Minimal › Core Functionality › should handle user signup" classname="api/backend.spec.js" time="0">
<skipped>
</skipped>
</testcase>
<testcase name="Backend API Tests - Minimal › Core Functionality › should handle user login" classname="api/backend.spec.js" time="0">
<skipped>
</skipped>
</testcase>
<testcase name="Backend API Tests - Minimal › Working Endpoints Only › should browse podcasts" classname="api/backend.spec.js" time="0">
<skipped>
</skipped>
</testcase>
<testcase name="Backend API Tests - Minimal › Working Endpoints Only › should get notifications with auth" classname="api/backend.spec.js" time="0">
<skipped>
</skipped>
</testcase>
<testcase name="Backend API Tests - Minimal › Basic Error Handling › should return 404 for non-existent endpoints" classname="api/backend.spec.js" time="0">
<skipped>
</skipped>
</testcase>
<testcase name="Backend API Tests - Minimal › Basic Error Handling › should handle incomplete signup data" classname="api/backend.spec.js" time="0">
<skipped>
</skipped>
</testcase>
</testsuite>
<testsuite name="auth/login.spec.js" timestamp="2025-08-29T11:18:15.959Z" hostname="Google Chrome" tests="10" failures="0" skipped="10" time="0" errors="0">
<testcase name="Authentication Tests › should display login page correctly" classname="auth/login.spec.js" time="0">
<skipped>
</skipped>
</testcase>
<testcase name="Authentication Tests › should show placeholders correctly" classname="auth/login.spec.js" time="0">
<skipped>
</skipped>
</testcase>
<testcase name="Authentication Tests › should have required fields" classname="auth/login.spec.js" time="0">
<skipped>
</skipped>
</testcase>
<testcase name="Authentication Tests › should fill form fields correctly" classname="auth/login.spec.js" time="0">
<skipped>
</skipped>
</testcase>
<testcase name="Authentication Tests › should navigate to signup page when clicking signup link" classname="auth/login.spec.js" time="0">
<skipped>
</skipped>
</testcase>
<testcase name="Authentication Tests › should attempt login with form submission" classname="auth/login.spec.js" time="0">
<skipped>
</skipped>
</testcase>
<testcase name="Authentication Tests › should handle login failure" classname="auth/login.spec.js" time="0">
<skipped>
</skipped>
</testcase>
<testcase name="Authentication Tests › should have autocomplete attributes" classname="auth/login.spec.js" time="0">
<skipped>
</skipped>
</testcase>
<testcase name="Authentication Tests › should be responsive on mobile" classname="auth/login.spec.js" time="0">
<skipped>
</skipped>
</testcase>
<testcase name="Login Page Performance › should load login page quickly" classname="auth/login.spec.js" time="0">
<skipped>
</skipped>
</testcase>
</testsuite>
<testsuite name="auth/signup-basic.spec.js" timestamp="2025-08-29T11:18:15.959Z" hostname="Google Chrome" tests="7" failures="0" skipped="7" time="0" errors="0">
<testcase name="Basic Signup Form Tests › should load signup page correctly" classname="auth/signup-basic.spec.js" time="0">
<skipped>
</skipped>
</testcase>
<testcase name="Basic Signup Form Tests › should show step 1 basic information fields" classname="auth/signup-basic.spec.js" time="0">
<skipped>
</skipped>
</testcase>
<testcase name="Basic Signup Form Tests › should fill basic information fields" classname="auth/signup-basic.spec.js" time="0">
<skipped>
</skipped>
</testcase>
<testcase name="Basic Signup Form Tests › should show Next button in step 1" classname="auth/signup-basic.spec.js" time="0">
<skipped>
</skipped>
</testcase>
<testcase name="Basic Signup Form Tests › should debug step navigation by clicking Next" classname="auth/signup-basic.spec.js" time="0">
<skipped>
</skipped>
</testcase>
<testcase name="Basic Signup Form Tests › should be mobile responsive" classname="auth/signup-basic.spec.js" time="0">
<skipped>
</skipped>
</testcase>
<testcase name="Signup Page Performance › should load signup page quickly" classname="auth/signup-basic.spec.js" time="0">
<skipped>
</skipped>
</testcase>
</testsuite>
<testsuite name="auth/signup.spec.js" timestamp="2025-08-29T11:18:15.959Z" hostname="Google Chrome" tests="14" failures="0" skipped="14" time="0" errors="0">
<testcase name="Signup Form Tests › should display signup form correctly" classname="auth/signup.spec.js" time="0">
<skipped>
</skipped>
</testcase>
<testcase name="Signup Form Tests › should show Step 1: Basic Information fields" classname="auth/signup.spec.js" time="0">
<skipped>
</skipped>
</testcase>
<testcase name="Signup Form Tests › should fill basic information correctly" classname="auth/signup.spec.js" time="0">
<skipped>
</skipped>
</testcase>
<testcase name="Signup Form Tests › should show validation errors for required fields" classname="auth/signup.spec.js" time="0">
<skipped>
</skipped>
</testcase>
<testcase name="Signup Form Tests › should validate password confirmation" classname="auth/signup.spec.js" time="0">
<skipped>
</skipped>
</testcase>
<testcase name="Signup Form Tests › should validate email format" classname="auth/signup.spec.js" time="0">
<skipped>
</skipped>
</testcase>
<testcase name="Signup Form Tests › should proceed to step 2 with valid basic information" classname="auth/signup.spec.js" time="0">
<skipped>
</skipped>
</testcase>
<testcase name="Signup Form Tests › should show role selection in step 2" classname="auth/signup.spec.js" time="0">
<skipped>
</skipped>
</testcase>
<testcase name="Signup Form Tests › should show artist fields when Artist role is selected" classname="auth/signup.spec.js" time="0">
<skipped>
</skipped>
</testcase>
<testcase name="Signup Form Tests › should navigate back to previous step" classname="auth/signup.spec.js" time="0">
<skipped>
</skipped>
</testcase>
<testcase name="Signup Form Tests › should require legal agreements in final step" classname="auth/signup.spec.js" time="0">
<skipped>
</skipped>
</testcase>
<testcase name="Signup Form Tests › should handle successful signup" classname="auth/signup.spec.js" time="0">
<skipped>
</skipped>
</testcase>
<testcase name="Signup Form Tests › should be mobile responsive" classname="auth/signup.spec.js" time="0">
<skipped>
</skipped>
</testcase>
<testcase name="Signup Page Performance › should load signup page quickly" classname="auth/signup.spec.js" time="0">
<skipped>
</skipped>
</testcase>
</testsuite>
<testsuite name="complete-yc-demo.spec.js" timestamp="2025-08-29T11:18:15.959Z" hostname="Google Chrome" tests="2" failures="0" skipped="2" time="0" errors="0">
<testcase name="Complete YC Demo - All 4 Core Features" classname="complete-yc-demo.spec.js" time="0">
<skipped>
</skipped>
</testcase>
<testcase name="Radio Station Feature Check" classname="complete-yc-demo.spec.js" time="0">
<skipped>
</skipped>
</testcase>
</testsuite>
<testsuite name="debug/debug-navigation.spec.js" timestamp="2025-08-29T11:18:15.959Z" hostname="Google Chrome" tests="1" failures="0" skipped="1" time="0" errors="0">
<testcase name="Debug Navigation Issues › debug page loading and routing" classname="debug/debug-navigation.spec.js" time="0">
<skipped>
</skipped>
</testcase>
</testsuite>
<testsuite name="end-to-end/complete-flows.spec.js" timestamp="2025-08-29T11:18:15.959Z" hostname="Google Chrome" tests="6" failures="0" skipped="6" time="0" errors="0">
<testcase name="Complete User Flows - End to End › complete artist onboarding and content upload flow" classname="end-to-end/complete-flows.spec.js" time="0">
<skipped>
</skipped>
</testcase>
<testcase name="Complete User Flows - End to End › gamer community engagement flow" classname="end-to-end/complete-flows.spec.js" time="0">
<skipped>
</skipped>
</testcase>
<testcase name="Complete User Flows - End to End › content creator monetization flow" classname="end-to-end/complete-flows.spec.js" time="0">
<skipped>
</skipped>
</testcase>
<testcase name="Complete User Flows - End to End › podcast listener discovery and engagement flow" classname="end-to-end/complete-flows.spec.js" time="0">
<skipped>
</skipped>
</testcase>
<testcase name="Complete User Flows - End to End › radio station creation and management flow" classname="end-to-end/complete-flows.spec.js" time="0">
<skipped>
</skipped>
</testcase>
<testcase name="Complete User Flows - End to End › complete marketplace seller journey" classname="end-to-end/complete-flows.spec.js" time="0">
<skipped>
</skipped>
</testcase>
</testsuite>
<testsuite name="features/basic-test.spec.js" timestamp="2025-08-29T11:18:15.959Z" hostname="Google Chrome" tests="3" failures="0" skipped="3" time="0" errors="0">
<testcase name="Basic Setup Validation › should load homepage" classname="features/basic-test.spec.js" time="0">
<skipped>
</skipped>
</testcase>
<testcase name="Basic Setup Validation › should check which routes exist" classname="features/basic-test.spec.js" time="0">
<skipped>
</skipped>
</testcase>
<testcase name="Basic Setup Validation › should check podcast-create page elements" classname="features/basic-test.spec.js" time="0">
<skipped>
</skipped>
</testcase>
</testsuite>
<testsuite name="features/content-creation.spec.js" timestamp="2025-08-29T11:18:15.959Z" hostname="Google Chrome" tests="28" failures="0" skipped="28" time="0" errors="0">
<testcase name="Content Creation Features › Podcast Creation and Management › should create new podcast" classname="features/content-creation.spec.js" time="0">
<skipped>
</skipped>
</testcase>
<testcase name="Content Creation Features › Podcast Creation and Management › should upload podcast episode" classname="features/content-creation.spec.js" time="0">
<skipped>
</skipped>
</testcase>
<testcase name="Content Creation Features › Podcast Creation and Management › should schedule episode for future release" classname="features/content-creation.spec.js" time="0">
<skipped>
</skipped>
</testcase>
<testcase name="Content Creation Features › Podcast Creation and Management › should add episode transcript" classname="features/content-creation.spec.js" time="0">
<skipped>
</skipped>
</testcase>
<testcase name="Content Creation Features › Podcast Creation and Management › should manage podcast monetization" classname="features/content-creation.spec.js" time="0">
<skipped>
</skipped>
</testcase>
<testcase name="Content Creation Features › Music Upload and Management › should upload single track" classname="features/content-creation.spec.js" time="0">
<skipped>
</skipped>
</testcase>
<testcase name="Content Creation Features › Music Upload and Management › should create album and add tracks" classname="features/content-creation.spec.js" time="0">
<skipped>
</skipped>
</testcase>
<testcase name="Content Creation Features › Music Upload and Management › should upload lyrics for tracks" classname="features/content-creation.spec.js" time="0">
<skipped>
</skipped>
</testcase>
<testcase name="Content Creation Features › Music Upload and Management › should manage music distribution" classname="features/content-creation.spec.js" time="0">
<skipped>
</skipped>
</testcase>
<testcase name="Content Creation Features › Video Content Creation › should upload video content" classname="features/content-creation.spec.js" time="0">
<skipped>
</skipped>
</testcase>
<testcase name="Content Creation Features › Video Content Creation › should create video playlist" classname="features/content-creation.spec.js" time="0">
<skipped>
</skipped>
</testcase>
<testcase name="Content Creation Features › Video Content Creation › should manage video channel settings" classname="features/content-creation.spec.js" time="0">
<skipped>
</skipped>
</testcase>
<testcase name="Content Creation Features › Radio Station Creation › should create radio station" classname="features/content-creation.spec.js" time="0">
<skipped>
</skipped>
</testcase>
<testcase name="Content Creation Features › Radio Station Creation › should upload station mix and manage playlist" classname="features/content-creation.spec.js" time="0">
<skipped>
</skipped>
</testcase>
<testcase name="Content Creation Features › Radio Station Creation › should configure live streaming" classname="features/content-creation.spec.js" time="0">
<skipped>
</skipped>
</testcase>
<testcase name="Content Creation Features › Content Drafts and Scheduling › should save content as draft" classname="features/content-creation.spec.js" time="0">
<skipped>
</skipped>
</testcase>
<testcase name="Content Creation Features › Content Drafts and Scheduling › should schedule content for publication" classname="features/content-creation.spec.js" time="0">
<skipped>
</skipped>
</testcase>
<testcase name="Content Creation Features › Content Drafts and Scheduling › should edit existing content" classname="features/content-creation.spec.js" time="0">
<skipped>
</skipped>
</testcase>
<testcase name="Content Creation Features › Content Analytics and Performance › should view content analytics" classname="features/content-creation.spec.js" time="0">
<skipped>
</skipped>
</testcase>
<testcase name="Content Creation Features › Content Analytics and Performance › should track content engagement" classname="features/content-creation.spec.js" time="0">
<skipped>
</skipped>
</testcase>
<testcase name="Content Creation Features › Content Collaboration › should invite collaborators" classname="features/content-creation.spec.js" time="0">
<skipped>
</skipped>
</testcase>
<testcase name="Content Creation Features › Content Collaboration › should manage collaboration permissions" classname="features/content-creation.spec.js" time="0">
<skipped>
</skipped>
</testcase>
<testcase name="Content Creation Features › Content Validation and Quality Control › should validate audio file formats and quality" classname="features/content-creation.spec.js" time="0">
<skipped>
</skipped>
</testcase>
<testcase name="Content Creation Features › Content Validation and Quality Control › should enforce content guidelines" classname="features/content-creation.spec.js" time="0">
<skipped>
</skipped>
</testcase>
<testcase name="Content Creation Features › Content Validation and Quality Control › should check for copyright compliance" classname="features/content-creation.spec.js" time="0">
<skipped>
</skipped>
</testcase>
<testcase name="Content Creation Features › Content Organization and Management › should organize content into collections" classname="features/content-creation.spec.js" time="0">
<skipped>
</skipped>
</testcase>
<testcase name="Content Creation Features › Content Organization and Management › should manage content tags and categories" classname="features/content-creation.spec.js" time="0">
<skipped>
</skipped>
</testcase>
<testcase name="Content Creation Features › Content Organization and Management › should bulk manage content" classname="features/content-creation.spec.js" time="0">
<skipped>
</skipped>
</testcase>
</testsuite>
<testsuite name="features/dashboards.spec.js" timestamp="2025-08-29T11:18:15.959Z" hostname="Google Chrome" tests="47" failures="0" skipped="47" time="0" errors="0">
<testcase name="Dashboard Features › Creator Dashboard › should display creator dashboard overview" classname="features/dashboards.spec.js" time="0">
<skipped>
</skipped>
</testcase>
<testcase name="Dashboard Features › Creator Dashboard › should display content performance analytics" classname="features/dashboards.spec.js" time="0">
<skipped>
</skipped>
</testcase>
<testcase name="Dashboard Features › Creator Dashboard › should show recent activity feed" classname="features/dashboards.spec.js" time="0">
<skipped>
</skipped>
</testcase>
<testcase name="Dashboard Features › Creator Dashboard › should provide quick action buttons" classname="features/dashboards.spec.js" time="0">
<skipped>
</skipped>
</testcase>
<testcase name="Dashboard Features › Creator Dashboard › should display revenue breakdown" classname="features/dashboards.spec.js" time="0">
<skipped>
</skipped>
</testcase>
<testcase name="Dashboard Features › Creator Dashboard › should show content library overview" classname="features/dashboards.spec.js" time="0">
<skipped>
</skipped>
</testcase>
<testcase name="Dashboard Features › Artist Dashboard › should display artist dashboard overview" classname="features/dashboards.spec.js" time="0">
<skipped>
</skipped>
</testcase>
<testcase name="Dashboard Features › Artist Dashboard › should show music distribution analytics" classname="features/dashboards.spec.js" time="0">
<skipped>
</skipped>
</testcase>
<testcase name="Dashboard Features › Artist Dashboard › should display top performing tracks" classname="features/dashboards.spec.js" time="0">
<skipped>
</skipped>
</testcase>
<testcase name="Dashboard Features › Artist Dashboard › should show geographical insights" classname="features/dashboards.spec.js" time="0">
<skipped>
</skipped>
</testcase>
<testcase name="Dashboard Features › Artist Dashboard › should display royalty earnings" classname="features/dashboards.spec.js" time="0">
<skipped>
</skipped>
</testcase>
<testcase name="Dashboard Features › Artist Dashboard › should show release calendar" classname="features/dashboards.spec.js" time="0">
<skipped>
</skipped>
</testcase>
<testcase name="Dashboard Features › Podcast Dashboard › should display podcast dashboard overview" classname="features/dashboards.spec.js" time="0">
<skipped>
</skipped>
</testcase>
<testcase name="Dashboard Features › Podcast Dashboard › should show podcast performance metrics" classname="features/dashboards.spec.js" time="0">
<skipped>
</skipped>
</testcase>
<testcase name="Dashboard Features › Podcast Dashboard › should manage podcast episodes" classname="features/dashboards.spec.js" time="0">
<skipped>
</skipped>
</testcase>
<testcase name="Dashboard Features › Podcast Dashboard › should display audience demographics" classname="features/dashboards.spec.js" time="0">
<skipped>
</skipped>
</testcase>
<testcase name="Dashboard Features › Podcast Dashboard › should show monetization overview" classname="features/dashboards.spec.js" time="0">
<skipped>
</skipped>
</testcase>
<testcase name="Dashboard Features › Radio Dashboard › should display radio dashboard overview" classname="features/dashboards.spec.js" time="0">
<skipped>
</skipped>
</testcase>
<testcase name="Dashboard Features › Radio Dashboard › should show live streaming controls" classname="features/dashboards.spec.js" time="0">
<skipped>
</skipped>
</testcase>
<testcase name="Dashboard Features › Radio Dashboard › should display real-time listener metrics" classname="features/dashboards.spec.js" time="0">
<skipped>
</skipped>
</testcase>
<testcase name="Dashboard Features › Radio Dashboard › should manage playlist and rotation" classname="features/dashboards.spec.js" time="0">
<skipped>
</skipped>
</testcase>
<testcase name="Dashboard Features › Radio Dashboard › should show station analytics" classname="features/dashboards.spec.js" time="0">
<skipped>
</skipped>
</testcase>
<testcase name="Dashboard Features › Video Dashboard › should display video dashboard overview" classname="features/dashboards.spec.js" time="0">
<skipped>
</skipped>
</testcase>
<testcase name="Dashboard Features › Video Dashboard › should show video performance analytics" classname="features/dashboards.spec.js" time="0">
<skipped>
</skipped>
</testcase>
<testcase name="Dashboard Features › Video Dashboard › should manage video library" classname="features/dashboards.spec.js" time="0">
<skipped>
</skipped>
</testcase>
<testcase name="Dashboard Features › Video Dashboard › should display audience retention analytics" classname="features/dashboards.spec.js" time="0">
<skipped>
</skipped>
</testcase>
<testcase name="Dashboard Features › Video Dashboard › should show channel growth metrics" classname="features/dashboards.spec.js" time="0">
<skipped>
</skipped>
</testcase>
<testcase name="Dashboard Features › Sales Dashboard › should display sales dashboard overview" classname="features/dashboards.spec.js" time="0">
<skipped>
</skipped>
</testcase>
<testcase name="Dashboard Features › Sales Dashboard › should show revenue analytics" classname="features/dashboards.spec.js" time="0">
<skipped>
</skipped>
</testcase>
<testcase name="Dashboard Features › Sales Dashboard › should display product performance" classname="features/dashboards.spec.js" time="0">
<skipped>
</skipped>
</testcase>
<testcase name="Dashboard Features › Sales Dashboard › should manage orders and fulfillment" classname="features/dashboards.spec.js" time="0">
<skipped>
</skipped>
</testcase>
<testcase name="Dashboard Features › Sales Dashboard › should show customer analytics" classname="features/dashboards.spec.js" time="0">
<skipped>
</skipped>
</testcase>
<testcase name="Dashboard Features › Sales Dashboard › should manage payout requests" classname="features/dashboards.spec.js" time="0">
<skipped>
</skipped>
</testcase>
<testcase name="Dashboard Features › Label Dashboard › should display label dashboard overview" classname="features/dashboards.spec.js" time="0">
<skipped>
</skipped>
</testcase>
<testcase name="Dashboard Features › Label Dashboard › should manage artist roster" classname="features/dashboards.spec.js" time="0">
<skipped>
</skipped>
</testcase>
<testcase name="Dashboard Features › Label Dashboard › should show release planning" classname="features/dashboards.spec.js" time="0">
<skipped>
</skipped>
</testcase>
<testcase name="Dashboard Features › Label Dashboard › should display label analytics" classname="features/dashboards.spec.js" time="0">
<skipped>
</skipped>
</testcase>
<testcase name="Dashboard Features › Label Dashboard › should manage contracts and agreements" classname="features/dashboards.spec.js" time="0">
<skipped>
</skipped>
</testcase>
<testcase name="Dashboard Features › Dashboard Navigation and Integration › should navigate between different dashboards" classname="features/dashboards.spec.js" time="0">
<skipped>
</skipped>
</testcase>
<testcase name="Dashboard Features › Dashboard Navigation and Integration › should maintain consistent UI elements across dashboards" classname="features/dashboards.spec.js" time="0">
<skipped>
</skipped>
</testcase>
<testcase name="Dashboard Features › Dashboard Navigation and Integration › should display real-time updates" classname="features/dashboards.spec.js" time="0">
<skipped>
</skipped>
</testcase>
<testcase name="Dashboard Features › Dashboard Navigation and Integration › should handle dashboard permissions correctly" classname="features/dashboards.spec.js" time="0">
<skipped>
</skipped>
</testcase>
<testcase name="Dashboard Features › Dashboard Navigation and Integration › should export dashboard data" classname="features/dashboards.spec.js" time="0">
<skipped>
</skipped>
</testcase>
<testcase name="Dashboard Features › Dashboard Navigation and Integration › should customize dashboard layout" classname="features/dashboards.spec.js" time="0">
<skipped>
</skipped>
</testcase>
<testcase name="Dashboard Features › Dashboard Performance and Responsiveness › should load dashboards quickly" classname="features/dashboards.spec.js" time="0">
<skipped>
</skipped>
</testcase>
<testcase name="Dashboard Features › Dashboard Performance and Responsiveness › should work on mobile devices" classname="features/dashboards.spec.js" time="0">
<skipped>
</skipped>
</testcase>
<testcase name="Dashboard Features › Dashboard Performance and Responsiveness › should handle large datasets efficiently" classname="features/dashboards.spec.js" time="0">
<skipped>
</skipped>
</testcase>
</testsuite>
<testsuite name="features/debug-page.spec.js" timestamp="2025-08-29T11:18:15.959Z" hostname="Google Chrome" tests="1" failures="0" skipped="1" time="0" errors="0">
<testcase name="debug podcast-create page content" classname="features/debug-page.spec.js" time="0">
<skipped>
</skipped>
</testcase>
</testsuite>
<testsuite name="features/gaming.spec.js" timestamp="2025-08-29T11:18:15.959Z" hostname="Google Chrome" tests="18" failures="0" skipped="18" time="0" errors="0">
<testcase name="StreamPireX Gaming Features › Authentication for Gaming Features › should allow user to sign up with gaming preferences" classname="features/gaming.spec.js" time="0">
<skipped>
</skipped>
</testcase>
<testcase name="StreamPireX Gaming Features › Authentication for Gaming Features › should login and access gaming features" classname="features/gaming.spec.js" time="0">
<skipped>
</skipped>
</testcase>
<testcase name="StreamPireX Gaming Features › Gamer Profile Management › should create and update gamer profile" classname="features/gaming.spec.js" time="0">
<skipped>
</skipped>
</testcase>
<testcase name="StreamPireX Gaming Features › Gamer Profile Management › should display gamer profile correctly" classname="features/gaming.spec.js" time="0">
<skipped>
</skipped>
</testcase>
<testcase name="StreamPireX Gaming Features › Squad Finder Feature › should access squad finder page" classname="features/gaming.spec.js" time="0">
<skipped>
</skipped>
</testcase>
<testcase name="StreamPireX Gaming Features › Squad Finder Feature › should search for squad members" classname="features/gaming.spec.js" time="0">
<skipped>
</skipped>
</testcase>
<testcase name="StreamPireX Gaming Features › Squad Finder Feature › should create squad listing" classname="features/gaming.spec.js" time="0">
<skipped>
</skipped>
</testcase>
<testcase name="StreamPireX Gaming Features › Team Rooms Feature › should create team room" classname="features/gaming.spec.js" time="0">
<skipped>
</skipped>
</testcase>
<testcase name="StreamPireX Gaming Features › Team Rooms Feature › should join team room" classname="features/gaming.spec.js" time="0">
<skipped>
</skipped>
</testcase>
<testcase name="StreamPireX Gaming Features › Gaming Analytics › should display gaming analytics dashboard" classname="features/gaming.spec.js" time="0">
<skipped>
</skipped>
</testcase>
<testcase name="StreamPireX Gaming Features › Gaming Analytics › should fetch gaming analytics data" classname="features/gaming.spec.js" time="0">
<skipped>
</skipped>
</testcase>
<testcase name="StreamPireX Gaming Features › Video Chat Integration › should display video chat options in gamer profile" classname="features/gaming.spec.js" time="0">
<skipped>
</skipped>
</testcase>
<testcase name="StreamPireX Gaming Features › Video Chat Integration › should test WebRTC capabilities detection" classname="features/gaming.spec.js" time="0">
<skipped>
</skipped>
</testcase>
<testcase name="StreamPireX Gaming Features › Gaming Features API Integration › should handle gaming API endpoints" classname="features/gaming.spec.js" time="0">
<skipped>
</skipped>
</testcase>
<testcase name="StreamPireX Gaming Features › Gaming Features API Integration › should handle team room creation API" classname="features/gaming.spec.js" time="0">
<skipped>
</skipped>
</testcase>
<testcase name="StreamPireX Gaming Features › Gaming Features Pricing Integration › should display gaming features in pricing plans" classname="features/gaming.spec.js" time="0">
<skipped>
</skipped>
</testcase>
<testcase name="StreamPireX Gaming Features › Error Handling and Edge Cases › should handle network errors gracefully" classname="features/gaming.spec.js" time="0">
<skipped>
</skipped>
</testcase>
<testcase name="StreamPireX Gaming Features › Error Handling and Edge Cases › should handle missing gaming features gracefully" classname="features/gaming.spec.js" time="0">
<skipped>
</skipped>
</testcase>
</testsuite>
<testsuite name="features/marketplace.spec.js" timestamp="2025-08-29T11:18:15.959Z" hostname="Google Chrome" tests="14" failures="0" skipped="14" time="0" errors="0">
<testcase name="Marketplace Tests › should load marketplace page successfully" classname="features/marketplace.spec.js" time="0">
<skipped>
</skipped>
</testcase>
<testcase name="Marketplace Tests › should display products correctly" classname="features/marketplace.spec.js" time="0">
<skipped>
</skipped>
</testcase>
<testcase name="Marketplace Tests › should search for products" classname="features/marketplace.spec.js" time="0">
<skipped>
</skipped>
</testcase>
<testcase name="Marketplace Tests › should filter products by category" classname="features/marketplace.spec.js" time="0">
<skipped>
</skipped>
</testcase>
<testcase name="Marketplace Tests › should add product to cart (requires authentication)" classname="features/marketplace.spec.js" time="0">
<skipped>
</skipped>
</testcase>
<testcase name="Marketplace Tests › should view product details" classname="features/marketplace.spec.js" time="0">
<skipped>
</skipped>
</testcase>
<testcase name="Marketplace Tests › should navigate to shopping cart" classname="features/marketplace.spec.js" time="0">
<skipped>
</skipped>
</testcase>
<testcase name="Marketplace Tests › should complete checkout process (authenticated user)" classname="features/marketplace.spec.js" time="0">
<skipped>
</skipped>
</testcase>
<testcase name="Marketplace Performance Tests › marketplace page should load within 5 seconds" classname="features/marketplace.spec.js" time="0">
<skipped>
</skipped>
</testcase>
<testcase name="Marketplace Performance Tests › product search should respond quickly" classname="features/marketplace.spec.js" time="0">
<skipped>
</skipped>
</testcase>
<testcase name="Marketplace Mobile Tests › should be mobile responsive" classname="features/marketplace.spec.js" time="0">
<skipped>
</skipped>
</testcase>
<testcase name="Marketplace Mobile Tests › mobile product cards should be touchable" classname="features/marketplace.spec.js" time="0">
<skipped>
</skipped>
</testcase>
<testcase name="Marketplace Error Handling › should handle network errors gracefully" classname="features/marketplace.spec.js" time="0">
<skipped>
</skipped>
</testcase>
<testcase name="Marketplace Error Handling › should handle empty marketplace state" classname="features/marketplace.spec.js" time="0">
<skipped>
</skipped>
</testcase>
</testsuite>
<testsuite name="features/music-distribution.spec.js" timestamp="2025-08-29T11:18:15.959Z" hostname="Google Chrome" tests="13" failures="0" skipped="13" time="0" errors="0">
<testcase name="Music Distribution Features › should access music distribution page" classname="features/music-distribution.spec.js" time="0">
<skipped>
</skipped>
</testcase>
<testcase name="Music Distribution Features › should display distribution platforms" classname="features/music-distribution.spec.js" time="0">
<skipped>
</skipped>
</testcase>
<testcase name="Music Distribution Features › should create new release" classname="features/music-distribution.spec.js" time="0">
<skipped>
</skipped>
</testcase>
<testcase name="Music Distribution Features › should upload track to release" classname="features/music-distribution.spec.js" time="0">
<skipped>
</skipped>
</testcase>
<testcase name="Music Distribution Features › should upload lyrics for track" classname="features/music-distribution.spec.js" time="0">
<skipped>
</skipped>
</testcase>
<testcase name="Music Distribution Features › should manage collaborator splits" classname="features/music-distribution.spec.js" time="0">
<skipped>
</skipped>
</testcase>
<testcase name="Music Distribution Features › should view release list" classname="features/music-distribution.spec.js" time="0">
<skipped>
</skipped>
</testcase>
<testcase name="Music Distribution Features › should track distribution status" classname="features/music-distribution.spec.js" time="0">
<skipped>
</skipped>
</testcase>
<testcase name="Music Distribution Features › should generate ISRC codes" classname="features/music-distribution.spec.js" time="0">
<skipped>
</skipped>
</testcase>
<testcase name="Music Distribution Features › should set release pricing" classname="features/music-distribution.spec.js" time="0">
<skipped>
</skipped>
</testcase>
<testcase name="Music Distribution Features › should schedule release date" classname="features/music-distribution.spec.js" time="0">
<skipped>
</skipped>
</testcase>
<testcase name="Music Distribution Features › should handle distribution errors" classname="features/music-distribution.spec.js" time="0">
<skipped>
</skipped>
</testcase>
<testcase name="Music Distribution Features › should export distribution analytics" classname="features/music-distribution.spec.js" time="0">
<skipped>
</skipped>
</testcase>
</testsuite>
<testsuite name="features/podcasts.spec.js" timestamp="2025-08-29T11:18:15.959Z" hostname="Google Chrome" tests="19" failures="0" skipped="19" time="0" errors="0">
<testcase name="Podcast Features › should browse podcast categories" classname="features/podcasts.spec.js" time="0">
<skipped>
</skipped>
</testcase>
<testcase name="Podcast Features › should navigate to category page" classname="features/podcasts.spec.js" time="0">
<skipped>
</skipped>
</testcase>
<testcase name="Podcast Features › should view podcast details" classname="features/podcasts.spec.js" time="0">
<skipped>
</skipped>
</testcase>
<testcase name="Podcast Features › should play podcast episode" classname="features/podcasts.spec.js" time="0">
<skipped>
</skipped>
</testcase>
<testcase name="Podcast Features › should control audio playback" classname="features/podcasts.spec.js" time="0">
<skipped>
</skipped>
</testcase>
<testcase name="Podcast Features › should create new podcast" classname="features/podcasts.spec.js" time="0">
<skipped>
</skipped>
</testcase>
<testcase name="Podcast Features › should upload podcast episode" classname="features/podcasts.spec.js" time="0">
<skipped>
</skipped>
</testcase>
<testcase name="Podcast Features › should manage podcast dashboard" classname="features/podcasts.spec.js" time="0">
<skipped>
</skipped>
</testcase>
<testcase name="Podcast Features › should edit existing podcast" classname="features/podcasts.spec.js" time="0">
<skipped>
</skipped>
</testcase>
<testcase name="Podcast Features › should manage episode scheduling" classname="features/podcasts.spec.js" time="0">
<skipped>
</skipped>
</testcase>
<testcase name="Podcast Features › should view podcast analytics" classname="features/podcasts.spec.js" time="0">
<skipped>
</skipped>
</testcase>
<testcase name="Podcast Features › should manage podcast RSS feed" classname="features/podcasts.spec.js" time="0">
<skipped>
</skipped>
</testcase>
<testcase name="Podcast Features › should handle podcast monetization" classname="features/podcasts.spec.js" time="0">
<skipped>
</skipped>
</testcase>
<testcase name="Podcast Features › should manage episode transcripts" classname="features/podcasts.spec.js" time="0">
<skipped>
</skipped>
</testcase>
<testcase name="Podcast Features › should handle podcast sharing and social media" classname="features/podcasts.spec.js" time="0">
<skipped>
</skipped>
</testcase>
<testcase name="Podcast Features › should support podcast search and filtering" classname="features/podcasts.spec.js" time="0">
<skipped>
</skipped>
</testcase>
<testcase name="Podcast Features › should handle podcast subscriptions" classname="features/podcasts.spec.js" time="0">
<skipped>
</skipped>
</testcase>
<testcase name="Podcast Features › should handle podcast comments and reviews" classname="features/podcasts.spec.js" time="0">
<skipped>
</skipped>
</testcase>
<testcase name="Podcast Features › should support podcast playlists" classname="features/podcasts.spec.js" time="0">
<skipped>
</skipped>
</testcase>
</testsuite>
<testsuite name="features/radio-streaming.spec.js" timestamp="2025-08-29T11:18:15.959Z" hostname="Google Chrome" tests="13" failures="0" skipped="13" time="0" errors="0">
<testcase name="Radio Streaming &amp; Broadcasting Features › should configure stream settings" classname="features/radio-streaming.spec.js" time="0">
<skipped>
</skipped>
</testcase>
<testcase name="Radio Streaming &amp; Broadcasting Features › should handle live streaming with OBS" classname="features/radio-streaming.spec.js" time="0">
<skipped>
</skipped>
</testcase>
<testcase name="Radio Streaming &amp; Broadcasting Features › should manage automated playlists" classname="features/radio-streaming.spec.js" time="0">
<skipped>
</skipped>
</testcase>
<testcase name="Radio Streaming &amp; Broadcasting Features › should handle crossfading and transitions" classname="features/radio-streaming.spec.js" time="0">
<skipped>
</skipped>
</testcase>
<testcase name="Radio Streaming &amp; Broadcasting Features › should manage DJ mode and live mixing" classname="features/radio-streaming.spec.js" time="0">
<skipped>
</skipped>
</testcase>
<testcase name="Radio Streaming &amp; Broadcasting Features › should handle listener interactions" classname="features/radio-streaming.spec.js" time="0">
<skipped>
</skipped>
</testcase>
<testcase name="Radio Streaming &amp; Broadcasting Features › should monitor stream health and analytics" classname="features/radio-streaming.spec.js" time="0">
<skipped>
</skipped>
</testcase>
<testcase name="Radio Streaming &amp; Broadcasting Features › should handle emergency broadcasting" classname="features/radio-streaming.spec.js" time="0">
<skipped>
</skipped>
</testcase>
<testcase name="Radio Streaming &amp; Broadcasting Features › should manage station scheduling" classname="features/radio-streaming.spec.js" time="0">
<skipped>
</skipped>
</testcase>
<testcase name="Radio Streaming &amp; Broadcasting Features › should handle audio processing and effects" classname="features/radio-streaming.spec.js" time="0">
<skipped>
</skipped>
</testcase>
<testcase name="Radio Streaming &amp; Broadcasting Features › should manage station metadata and RDS" classname="features/radio-streaming.spec.js" time="0">
<skipped>
</skipped>
</testcase>
<testcase name="Radio Streaming &amp; Broadcasting Features › should handle stream recording and archiving" classname="features/radio-streaming.spec.js" time="0">
<skipped>
</skipped>
</testcase>
<testcase name="Radio Streaming &amp; Broadcasting Features › should manage multi-bitrate streaming" classname="features/radio-streaming.spec.js" time="0">
<skipped>
</skipped>
</testcase>
</testsuite>
<testsuite name="features/radio.spec.js" timestamp="2025-08-29T11:18:15.959Z" hostname="Google Chrome" tests="15" failures="0" skipped="15" time="0" errors="0">
<testcase name="Radio Station Features › should browse radio stations" classname="features/radio.spec.js" time="0">
<skipped>
</skipped>
</testcase>
<testcase name="Radio Station Features › should filter stations by genre" classname="features/radio.spec.js" time="0">
<skipped>
</skipped>
</testcase>
<testcase name="Radio Station Features › should play radio station" classname="features/radio.spec.js" time="0">
<skipped>
</skipped>
</testcase>
<testcase name="Radio Station Features › should access radio station dashboard" classname="features/radio.spec.js" time="0">
<skipped>
</skipped>
</testcase>
<testcase name="Radio Station Features › should create new radio station" classname="features/radio.spec.js" time="0">
<skipped>
</skipped>
</testcase>
<testcase name="Radio Station Features › should upload station mix" classname="features/radio.spec.js" time="0">
<skipped>
</skipped>
</testcase>
<testcase name="Radio Station Features › should manage radio playlist" classname="features/radio.spec.js" time="0">
<skipped>
</skipped>
</testcase>
<testcase name="Radio Station Features › should start and stop broadcasting" classname="features/radio.spec.js" time="0">
<skipped>
</skipped>
</testcase>
<testcase name="Radio Station Features › should display listener statistics" classname="features/radio.spec.js" time="0">
<skipped>
</skipped>
</testcase>
<testcase name="Radio Station Features › should configure station settings" classname="features/radio.spec.js" time="0">
<skipped>
</skipped>
</testcase>
<testcase name="Radio Station Features › should handle song submissions" classname="features/radio.spec.js" time="0">
<skipped>
</skipped>
</testcase>
<testcase name="Radio Station Features › should schedule programming" classname="features/radio.spec.js" time="0">
<skipped>
</skipped>
</testcase>
<testcase name="Radio Station Features › should display now playing information" classname="features/radio.spec.js" time="0">
<skipped>
</skipped>
</testcase>
<testcase name="Radio Station Features › should handle audio quality selection" classname="features/radio.spec.js" time="0">
<skipped>
</skipped>
</testcase>
<testcase name="Radio Station Features › should support station favorites" classname="features/radio.spec.js" time="0">
<skipped>
</skipped>
</testcase>
</testsuite>
<testsuite name="navigation/navbar.spec.js" timestamp="2025-08-29T11:18:15.959Z" hostname="Google Chrome" tests="20" failures="0" skipped="20" time="0" errors="0">
<testcase name="Navbar Navigation Tests › should display all navbar links correctly" classname="navigation/navbar.spec.js" time="0">
<skipped>
</skipped>
</testcase>
<testcase name="Navbar Navigation Tests › should navigate to pricing plans" classname="navigation/navbar.spec.js" time="0">
<skipped>
</skipped>
</testcase>
<testcase name="Navbar Navigation Tests › should navigate to home page via logo" classname="navigation/navbar.spec.js" time="0">
<skipped>
</skipped>
</testcase>
<testcase name="Navbar Navigation Tests › should navigate to podcasts page" classname="navigation/navbar.spec.js" time="0">
<skipped>
</skipped>
</testcase>
<testcase name="Navbar Navigation Tests › should navigate to videos page" classname="navigation/navbar.spec.js" time="0">
<skipped>
</skipped>
</testcase>
<testcase name="Navbar Navigation Tests › should navigate to radio page" classname="navigation/navbar.spec.js" time="0">
<skipped>
</skipped>
</testcase>
<testcase name="Navbar Navigation Tests › should navigate to live streams page" classname="navigation/navbar.spec.js" time="0">
<skipped>
</skipped>
</testcase>
<testcase name="Navbar Navigation Tests › should navigate to login page" classname="navigation/navbar.spec.js" time="0">
<skipped>
</skipped>
</testcase>
<testcase name="Navbar Navigation Tests › should navigate to signup page" classname="navigation/navbar.spec.js" time="0">
<skipped>
</skipped>
</testcase>
<testcase name="Navbar Navigation Tests › should show active state for current page" classname="navigation/navbar.spec.js" time="0">
<skipped>
</skipped>
</testcase>
<testcase name="Navbar Navigation Tests › should be responsive on mobile" classname="navigation/navbar.spec.js" time="0">
<skipped>
</skipped>
</testcase>
<testcase name="Navbar Navigation Tests › should close mobile menu when link is clicked" classname="navigation/navbar.spec.js" time="0">
<skipped>
</skipped>
</testcase>
<testcase name="Navbar Navigation Tests › should handle navbar sticky positioning" classname="navigation/navbar.spec.js" time="0">
<skipped>
</skipped>
</testcase>
<testcase name="Navbar User Authentication States › should show user menu when logged in" classname="navigation/navbar.spec.js" time="0">
<skipped>
</skipped>
</testcase>
<testcase name="Navbar User Authentication States › should show logout functionality" classname="navigation/navbar.spec.js" time="0">
<skipped>
</skipped>
</testcase>
<testcase name="Navbar Performance Tests › should load navbar quickly" classname="navigation/navbar.spec.js" time="0">
<skipped>
</skipped>
</testcase>
<testcase name="Navbar Performance Tests › should handle rapid navigation clicks" classname="navigation/navbar.spec.js" time="0">
<skipped>
</skipped>
</testcase>
<testcase name="Navbar Accessibility Tests › should be keyboard navigable" classname="navigation/navbar.spec.js" time="0">
<skipped>
</skipped>
</testcase>
<testcase name="Navbar Accessibility Tests › should have proper ARIA attributes" classname="navigation/navbar.spec.js" time="0">
<skipped>
</skipped>
</testcase>
<testcase name="Debug Tests › debug logout selector" classname="navigation/navbar.spec.js" time="0">
<properties>
<property name="skip" value="">
</property>
</properties>
<skipped>
</skipped>
</testcase>
</testsuite>
<testsuite name="navigation/sidebar.spec.js" timestamp="2025-08-29T11:18:15.959Z" hostname="Google Chrome" tests="24" failures="0" skipped="24" time="0" errors="0">
<testcase name="Sidebar Navigation Tests › should display sidebar structure correctly" classname="navigation/sidebar.spec.js" time="0">
<skipped>
</skipped>
</testcase>
<testcase name="Sidebar Navigation Tests › should show user profile links" classname="navigation/sidebar.spec.js" time="0">
<skipped>
</skipped>
</testcase>
<testcase name="Sidebar Navigation Tests › should show dashboard links" classname="navigation/sidebar.spec.js" time="0">
<skipped>
</skipped>
</testcase>
<testcase name="Sidebar Navigation Tests › should show indie artist links" classname="navigation/sidebar.spec.js" time="0">
<skipped>
</skipped>
</testcase>
<testcase name="Sidebar Navigation Tests › should show gaming section with toggle functionality" classname="navigation/sidebar.spec.js" time="0">
<skipped>
</skipped>
</testcase>
<testcase name="Sidebar Navigation Tests › should show notification badges on gaming links" classname="navigation/sidebar.spec.js" time="0">
<skipped>
</skipped>
</testcase>
<testcase name="Sidebar Navigation Tests › should show podcast section links" classname="navigation/sidebar.spec.js" time="0">
<skipped>
</skipped>
</testcase>
<testcase name="Sidebar Navigation Tests › should show video section links" classname="navigation/sidebar.spec.js" time="0">
<skipped>
</skipped>
</testcase>
<testcase name="Sidebar Navigation Tests › should show radio section links" classname="navigation/sidebar.spec.js" time="0">
<skipped>
</skipped>
</testcase>
<testcase name="Sidebar Navigation Tests › should show live streaming section links" classname="navigation/sidebar.spec.js" time="0">
<skipped>
</skipped>
</testcase>
<testcase name="Sidebar Navigation Tests › should show marketplace section links" classname="navigation/sidebar.spec.js" time="0">
<skipped>
</skipped>
</testcase>
<testcase name="Sidebar Navigation Tests › should show account section links" classname="navigation/sidebar.spec.js" time="0">
<skipped>
</skipped>
</testcase>
<testcase name="Sidebar Navigation Tests › should navigate to profile pages correctly" classname="navigation/sidebar.spec.js" time="0">
<skipped>
</skipped>
</testcase>
<testcase name="Sidebar Navigation Tests › should navigate to dashboard pages correctly" classname="navigation/sidebar.spec.js" time="0">
<skipped>
</skipped>
</testcase>
<testcase name="Sidebar Navigation Tests › should navigate to marketplace correctly" classname="navigation/sidebar.spec.js" time="0">
<skipped>
</skipped>
</testcase>
<testcase name="Sidebar Navigation Tests › should show active states correctly" classname="navigation/sidebar.spec.js" time="0">
<skipped>
</skipped>
</testcase>
<testcase name="Sidebar Navigation Tests › should persist gaming section toggle state" classname="navigation/sidebar.spec.js" time="0">
<skipped>
</skipped>
</testcase>
<testcase name="Sidebar Responsive Tests › should be responsive on mobile" classname="navigation/sidebar.spec.js" time="0">
<skipped>
</skipped>
</testcase>
<testcase name="Sidebar Responsive Tests › should handle tablet viewport" classname="navigation/sidebar.spec.js" time="0">
<skipped>
</skipped>
</testcase>
<testcase name="Sidebar Performance Tests › should load sidebar quickly" classname="navigation/sidebar.spec.js" time="0">
<skipped>
</skipped>
</testcase>
<testcase name="Sidebar Performance Tests › should handle rapid section toggling" classname="navigation/sidebar.spec.js" time="0">
<skipped>
</skipped>
</testcase>
<testcase name="Sidebar Accessibility Tests › should be keyboard navigable" classname="navigation/sidebar.spec.js" time="0">
<skipped>
</skipped>
</testcase>
<testcase name="Sidebar Accessibility Tests › should have proper ARIA attributes" classname="navigation/sidebar.spec.js" time="0">
<skipped>
</skipped>
</testcase>
<testcase name="Sidebar Accessibility Tests › should handle focus management" classname="navigation/sidebar.spec.js" time="0">
<skipped>
</skipped>
</testcase>
</testsuite>
<testsuite name="specs/background.spec.js" timestamp="2025-08-29T11:18:15.959Z" hostname="Google Chrome" tests="16" failures="0" skipped="16" time="0" errors="0">
<testcase name="Background Integration Tests › Authentication Flow › should complete user registration and login flow" classname="specs/background.spec.js" time="0">
<skipped>
</skipped>
</testcase>
<testcase name="Background Integration Tests › Music Platform Features › should navigate through music upload flow" classname="specs/background.spec.js" time="0">
<skipped>
</skipped>
</testcase>
<testcase name="Background Integration Tests › Music Platform Features › should browse and interact with music content" classname="specs/background.spec.js" time="0">
<skipped>
</skipped>
</testcase>
<testcase name="Background Integration Tests › Podcast Features › should navigate podcast creation flow" classname="specs/background.spec.js" time="0">
<skipped>
</skipped>
</testcase>
<testcase name="Background Integration Tests › Podcast Features › should browse podcast categories" classname="specs/background.spec.js" time="0">
<skipped>
</skipped>
</testcase>
<testcase name="Background Integration Tests › Video Features › should access video dashboard and upload flow" classname="specs/background.spec.js" time="0">
<skipped>
</skipped>
</testcase>
<testcase name="Background Integration Tests › Marketplace Features › should browse marketplace and add items to cart" classname="specs/background.spec.js" time="0">
<skipped>
</skipped>
</testcase>
<testcase name="Background Integration Tests › Live Streaming Features › should access live streaming interface" classname="specs/background.spec.js" time="0">
<skipped>
</skipped>
</testcase>
<testcase name="Background Integration Tests › Radio Station Features › should create and manage radio station" classname="specs/background.spec.js" time="0">
<skipped>
</skipped>
</testcase>
<testcase name="Background Integration Tests › User Profile and Settings › should update user profile settings" classname="specs/background.spec.js" time="0">
<skipped>
</skipped>
</testcase>
<testcase name="Background Integration Tests › User Profile and Settings › should navigate settings page" classname="specs/background.spec.js" time="0">
<skipped>
</skipped>
</testcase>
<testcase name="Background Integration Tests › Pricing and Subscription › should display pricing plans" classname="specs/background.spec.js" time="0">
<skipped>
</skipped>
</testcase>
<testcase name="Background Integration Tests › Search and Discovery › should perform global search" classname="specs/background.spec.js" time="0">
<skipped>
</skipped>
</testcase>
<testcase name="Background Integration Tests › Notifications › should access notifications page" classname="specs/background.spec.js" time="0">
<skipped>
</skipped>
</testcase>
<testcase name="Background Integration Tests › Error Handling › should handle 404 pages gracefully" classname="specs/background.spec.js" time="0">
<skipped>
</skipped>
</testcase>
<testcase name="Background Integration Tests › Error Handling › should handle network errors gracefully" classname="specs/background.spec.js" time="0">
<skipped>
</skipped>
</testcase>
</testsuite>
<testsuite name="streampirex-demo.spec.js" timestamp="2025-08-29T11:18:15.959Z" hostname="Google Chrome" tests="4" failures="0" skipped="4" time="0" errors="0">
<testcase name="StreampireX Homepage Loads" classname="streampirex-demo.spec.js" time="0">
<skipped>
</skipped>
</testcase>
<testcase name="Key Features Are Visible" classname="streampirex-demo.spec.js" time="0">
<skipped>
</skipped>
</testcase>
<testcase name="Navigation Elements Present" classname="streampirex-demo.spec.js" time="0">
<skipped>
</skipped>
</testcase>
<testcase name="YC Demo Flow - Multi-Modal Platform" classname="streampirex-demo.spec.js" time="0">
<skipped>
</skipped>
</testcase>
</testsuite>
</testsuites>